[2m10:00:32[22m [34m[content][39m Syncing content
[33m[1m10:00:32[22m [WARN] [glob-loader][39m No files found matching "**/*.md,!**/_*/**/*.md,!**/_*.md" in directory "src\content\landing"
[33m[1m10:00:32[22m [WARN] [glob-loader][39m No files found matching "**/*.md,!**/_*/**/*.md,!**/_*.md" in directory "src\content\blog"
[33m[1m10:00:33[22m [WARN] [glob-loader][39m Duplicate id "yet135-metal-sunglasses.en" found in D:\003 Desk\Desk\Tools\Yeetian\yeetian-site\src\content\products\yet135-metal-sunglasses\yet135-metal-sunglasses.en.md. Later items with the same id will overwrite earlier ones.
[33m[1m10:00:33[22m [WARN] [glob-loader][39m Duplicate id "yet134-metal-sunglasses.en" found in D:\003 Desk\Desk\Tools\Yeetian\yeetian-site\src\content\products\yet134-metal-sunglasses\yet134-metal-sunglasses.en.md. Later items with the same id will overwrite earlier ones.
[2m10:00:34[22m [34m[content][39m Synced content
[2m10:00:34[22m [34m[types][39m Generated [2m2.64s[22m
[2m10:00:34[22m [34m[build][39m output: [34m"static"[39m
[2m10:00:34[22m [34m[build][39m mode: [34m"static"[39m
[2m10:00:34[22m [34m[build][39m directory: [34mD:\003 Desk\Desk\Tools\Yeetian\yeetian-site\dist\[39m
[2m10:00:34[22m [34m[build][39m Collecting build info...
[2m10:00:34[22m [34m[build][39m [32m鉁?Completed in 2.77s.[39m
[2m10:00:36[22m [34m[build][39m Building static entrypoints...
[2m10:00:49[22m [34m[vite][39m [32m鉁?built in 13.46s[39m
[2m10:00:49[22m [34m[build][39m [32m鉁?Completed in 13.49s.[39m

[42m[30m building client (vite) [39m[49m
[2m10:00:49[22m [34m[vite][39m transforming...
[2m10:00:49[22m [34m[vite][39m [32m鉁?[39m 20 modules transformed.
[2m10:00:49[22m [34m[vite][39m rendering chunks...
[2m10:00:49[22m [34m[vite][39m computing gzip size...
[2m10:00:49[22m [34m[vite][39m [2mdist/[22m[36m_astro/ClientRouter.astro_astro_type_script_index_0_lang.CDGfc0hd.js  [39m[1m[2m15.36 kB[22m[1m[22m[2m 鈹?gzip: 5.28 kB[22m
[2m10:00:49[22m [34m[vite][39m [32m鉁?built in 162ms[39m

[42m[30m generating static routes [39m[49m
[2m10:00:50[22m [32m鈻?[39m src/pages/404.astro
[2m10:00:50[22m   [34m鈹斺攢[39m [2m/404.html[22m [2m(+62ms)[22m 
[2m10:00:50[22m [35m位[39m src/pages/api/products/[lang].json.ts
[2m10:00:50[22m   [34m鈹溾攢[39m [2m/api/products/en.json[22m [2m(+491ms)[22m 
[2m10:00:50[22m   [34m鈹溾攢[39m [2m/api/products/it.json[22m [2m(+104ms)[22m 
[2m10:00:50[22m   [34m鈹溾攢[39m [2m/api/products/es.json[22m [2m(+67ms)[22m 
[2m10:00:50[22m   [34m鈹溾攢[39m [2m/api/products/fr.json[22m [2m(+70ms)[22m 
[2m10:00:50[22m   [34m鈹溾攢[39m [2m/api/products/de.json[22m [2m(+69ms)[22m 
[2m10:00:50[22m   [34m鈹溾攢[39m [2m/api/products/pt.json[22m [2m(+79ms)[22m 
[2m10:00:51[22m   [34m鈹溾攢[39m [2m/api/products/ru.json[22m [2m(+79ms)[22m 
[2m10:00:51[22m   [34m鈹溾攢[39m [2m/api/products/ja.json[22m [2m(+82ms)[22m 
[2m10:00:51[22m   [34m鈹溾攢[39m [2m/api/products/tr.json[22m [2m(+78ms)[22m 
[2m10:00:51[22m   [34m鈹溾攢[39m [2m/api/products/ar.json[22m [2m(+88ms)[22m 
[2m10:00:51[22m   [34m鈹溾攢[39m [2m/api/products/ko.json[22m [2m(+70ms)[22m 
[2m10:00:51[22m   [34m鈹溾攢[39m [2m/api/products/zh.json[22m [2m(+58ms)[22m 
[2m10:00:51[22m   [34m鈹溾攢[39m [2m/api/products/hi.json[22m [2m(+64ms)[22m 
[2m10:00:51[22m   [34m鈹溾攢[39m [2m/api/products/vi.json[22m [2m(+63ms)[22m 
[2m10:00:51[22m   [34m鈹溾攢[39m [2m/api/products/jv.json[22m [2m(+69ms)[22m 
[2m10:00:51[22m   [34m鈹溾攢[39m [2m/api/products/ms.json[22m [2m(+73ms)[22m 
[2m10:00:51[22m   [34m鈹斺攢[39m [2m/api/products/tg.json[22m [2m(+78ms)[22m 
[2m10:00:51[22m [35m位[39m src/pages/api/search-index/[lang].json.ts
The collection "blog" does not exist or is empty. Please check your content config file for errors.
The collection "landing" does not exist or is empty. Please check your content config file for errors.
[2m10:00:51[22m   [34m鈹溾攢[39m [2m/api/search-index/en.json[22m [2m(+94ms)[22m 
The collection "blog" does not exist or is empty. Please check your content config file for errors.
The collection "landing" does not exist or is empty. Please check your content config file for errors.
[2m10:00:51[22m   [34m鈹溾攢[39m [2m/api/search-index/it.json[22m [2m(+90ms)[22m 
The collection "blog" does not exist or is empty. Please check your content config file for errors.
The collection "landing" does not exist or is empty. Please check your content config file for errors.
[2m10:00:52[22m   [34m鈹溾攢[39m [2m/api/search-index/es.json[22m [2m(+83ms)[22m 
The collection "blog" does not exist or is empty. Please check your content config file for errors.
The collection "landing" does not exist or is empty. Please check your content config file for errors.
[2m10:00:52[22m   [34m鈹溾攢[39m [2m/api/search-index/fr.json[22m [2m(+72ms)[22m 
The collection "blog" does not exist or is empty. Please check your content config file for errors.
The collection "landing" does not exist or is empty. Please check your content config file for errors.
[2m10:00:52[22m   [34m鈹溾攢[39m [2m/api/search-index/de.json[22m [2m(+74ms)[22m 
The collection "blog" does not exist or is empty. Please check your content config file for errors.
The collection "landing" does not exist or is empty. Please check your content config file for errors.
[2m10:00:52[22m   [34m鈹溾攢[39m [2m/api/search-index/pt.json[22m [2m(+70ms)[22m 
The collection "blog" does not exist or is empty. Please check your content config file for errors.
The collection "landing" does not exist or is empty. Please check your content config file for errors.
[2m10:00:52[22m   [34m鈹溾攢[39m [2m/api/search-index/ru.json[22m [2m(+100ms)[22m 
The collection "blog" does not exist or is empty. Please check your content config file for errors.
The collection "landing" does not exist or is empty. Please check your content config file for errors.
[2m10:00:52[22m   [34m鈹溾攢[39m [2m/api/search-index/ja.json[22m [2m(+84ms)[22m 
The collection "blog" does not exist or is empty. Please check your content config file for errors.
The collection "landing" does not exist or is empty. Please check your content config file for errors.
[2m10:00:52[22m   [34m鈹溾攢[39m [2m/api/search-index/tr.json[22m [2m(+56ms)[22m 
The collection "blog" does not exist or is empty. Please check your content config file for errors.
The collection "landing" does not exist or is empty. Please check your content config file for errors.
[2m10:00:52[22m   [34m鈹溾攢[39m [2m/api/search-index/ar.json[22m [2m(+68ms)[22m 
The collection "blog" does not exist or is empty. Please check your content config file for errors.
The collection "landing" does not exist or is empty. Please check your content config file for errors.
[2m10:00:52[22m   [34m鈹溾攢[39m [2m/api/search-index/ko.json[22m [2m(+59ms)[22m 
The collection "blog" does not exist or is empty. Please check your content config file for errors.
The collection "landing" does not exist or is empty. Please check your content config file for errors.
[2m10:00:52[22m   [34m鈹溾攢[39m [2m/api/search-index/zh.json[22m [2m(+63ms)[22m 
The collection "blog" does not exist or is empty. Please check your content config file for errors.
The collection "landing" does not exist or is empty. Please check your content config file for errors.
[2m10:00:52[22m   [34m鈹溾攢[39m [2m/api/search-index/hi.json[22m [2m(+58ms)[22m 
The collection "blog" does not exist or is empty. Please check your content config file for errors.
The collection "landing" does not exist or is empty. Please check your content config file for errors.
[2m10:00:52[22m   [34m鈹溾攢[39m [2m/api/search-index/vi.json[22m [2m(+66ms)[22m 
The collection "blog" does not exist or is empty. Please check your content config file for errors.
The collection "landing" does not exist or is empty. Please check your content config file for errors.
[2m10:00:52[22m   [34m鈹溾攢[39m [2m/api/search-index/jv.json[22m [2m(+63ms)[22m 
The collection "blog" does not exist or is empty. Please check your content config file for errors.
The collection "landing" does not exist or is empty. Please check your content config file for errors.
[2m10:00:52[22m   [34m鈹溾攢[39m [2m/api/search-index/ms.json[22m [2m(+71ms)[22m 
The collection "blog" does not exist or is empty. Please check your content config file for errors.
The collection "landing" does not exist or is empty. Please check your content config file for errors.
[2m10:00:52[22m   [34m鈹斺攢[39m [2m/api/search-index/tg.json[22m [2m(+76ms)[22m 
[2m10:00:53[22m [32m鈻?[39m src/pages/product/[page].astro
[2m10:00:53[22m   [34m鈹溾攢[39m [2m/product/1/index.html[22m [2m(+81ms)[22m 
[2m10:00:53[22m   [34m鈹溾攢[39m [2m/product/2/index.html[22m [2m(+75ms)[22m 
[2m10:00:53[22m   [34m鈹溾攢[39m [2m/product/3/index.html[22m [2m(+73ms)[22m 
[2m10:00:53[22m   [34m鈹溾攢[39m [2m/product/4/index.html[22m [2m(+72ms)[22m 
[2m10:00:53[22m   [34m鈹溾攢[39m [2m/product/5/index.html[22m [2m(+78ms)[22m 
[2m10:00:53[22m   [34m鈹溾攢[39m [2m/product/6/index.html[22m [2m(+81ms)[22m 
[2m10:00:53[22m   [34m鈹溾攢[39m [2m/product/7/index.html[22m [2m(+79ms)[22m 
[2m10:00:53[22m   [34m鈹溾攢[39m [2m/product/8/index.html[22m [2m(+82ms)[22m 
[2m10:00:53[22m   [34m鈹溾攢[39m [2m/product/9/index.html[22m [2m(+74ms)[22m 
[2m10:00:53[22m   [34m鈹溾攢[39m [2m/product/10/index.html[22m [2m(+80ms)[22m 
[2m10:00:53[22m   [34m鈹斺攢[39m [2m/product/11/index.html[22m [2m(+79ms)[22m 
[2m10:00:54[22m [32m鈻?[39m src/pages/product/[slug].astro
[2m10:00:54[22m   [34m鈹溾攢[39m [2m/product/yet-gragon-02-metal-sunglasses/index.html[22m [2m(+142ms)[22m 
[2m10:00:54[22m   [34m鈹溾攢[39m [2m/product/yet-hc007-acetate-sunglasses/index.html[22m [2m(+124ms)[22m 
[2m10:00:54[22m   [34m鈹溾攢[39m [2m/product/yet-hc010-acetate-sunglasses/index.html[22m [2m(+83ms)[22m 
[2m10:00:54[22m   [34m鈹溾攢[39m [2m/product/yet-hc011-acetate-sunglasses/index.html[22m [2m(+81ms)[22m 
[2m10:00:54[22m   [34m鈹溾攢[39m [2m/product/yet-hc014-wood-sunglasses/index.html[22m [2m(+76ms)[22m 
[2m10:00:54[22m   [34m鈹溾攢[39m [2m/product/yet-lc001-metal-sunglasses/index.html[22m [2m(+74ms)[22m 
[2m10:00:54[22m   [34m鈹溾攢[39m [2m/product/yet-lc003-metal-sunglasses/index.html[22m [2m(+89ms)[22m 
[2m10:00:54[22m   [34m鈹溾攢[39m [2m/product/yet-lc002-metal-sunglasses/index.html[22m [2m(+86ms)[22m 
[2m10:00:54[22m   [34m鈹溾攢[39m [2m/product/yet-lc004-metal-sunglasses/index.html[22m [2m(+67ms)[22m 
[2m10:00:54[22m   [34m鈹溾攢[39m [2m/product/yet-lc005-metal-sunglasses/index.html[22m [2m(+82ms)[22m 
[2m10:00:55[22m   [34m鈹溾攢[39m [2m/product/yet-lc006-metal-sunglasses/index.html[22m [2m(+75ms)[22m 
[2m10:00:55[22m   [34m鈹溾攢[39m [2m/product/yet-lc007-metal-sunglasses/index.html[22m [2m(+55ms)[22m 
[2m10:00:55[22m   [34m鈹溾攢[39m [2m/product/yet-lc008-metal-sunglasses/index.html[22m [2m(+46ms)[22m 
[2m10:00:55[22m   [34m鈹溾攢[39m [2m/product/yet-lc009-metal-sunglasses/index.html[22m [2m(+47ms)[22m 
[2m10:00:55[22m   [34m鈹溾攢[39m [2m/product/yet-lc010-metal-sunglasses/index.html[22m [2m(+64ms)[22m 
[2m10:00:55[22m   [34m鈹溾攢[39m [2m/product/yet-lc011-metal-sunglasses/index.html[22m [2m(+75ms)[22m 
[2m10:00:55[22m   [34m鈹溾攢[39m [2m/product/yet-lc012-metal-sunglasses/index.html[22m [2m(+91ms)[22m 
[2m10:00:55[22m   [34m鈹溾攢[39m [2m/product/yet-lc013-metal-sunglasses/index.html[22m [2m(+114ms)[22m 
[2m10:00:55[22m   [34m鈹溾攢[39m [2m/product/yet-lc014-metal-sunglasses/index.html[22m [2m(+78ms)[22m 
[2m10:00:55[22m   [34m鈹溾攢[39m [2m/product/yet-lc015-metal-sunglasses/index.html[22m [2m(+67ms)[22m 
[2m10:00:55[22m   [34m鈹溾攢[39m [2m/product/yet-lc016-metal-sunglasses/index.html[22m [2m(+64ms)[22m 
[2m10:00:55[22m   [34m鈹溾攢[39m [2m/product/yet-lc018-metal-sunglasses/index.html[22m [2m(+59ms)[22m 
[2m10:00:55[22m   [34m鈹溾攢[39m [2m/product/yet-lc019-metal-sunglasses/index.html[22m [2m(+69ms)[22m 
[2m10:00:55[22m   [34m鈹溾攢[39m [2m/product/yet-lc020-metal-sunglasses/index.html[22m [2m(+72ms)[22m 
[2m10:00:55[22m   [34m鈹溾攢[39m [2m/product/yet-lc017-metal-sunglasses/index.html[22m [2m(+80ms)[22m 
[2m10:00:56[22m   [34m鈹溾攢[39m [2m/product/yet-lc021-metal-sunglasses/index.html[22m [2m(+68ms)[22m 
[2m10:00:56[22m   [34m鈹溾攢[39m [2m/product/yet-lc022-metal-sunglasses/index.html[22m [2m(+72ms)[22m 
[2m10:00:56[22m   [34m鈹溾攢[39m [2m/product/yet-lc023-metal-sunglasses/index.html[22m [2m(+69ms)[22m 
[2m10:00:56[22m   [34m鈹溾攢[39m [2m/product/yet301-acetate-sunglasses/index.html[22m [2m(+66ms)[22m 
[2m10:00:56[22m   [34m鈹溾攢[39m [2m/product/yet302-acetate-sunglasses/index.html[22m [2m(+63ms)[22m 
[2m10:00:56[22m   [34m鈹溾攢[39m [2m/product/yet305-acetate-sunglasses/index.html[22m [2m(+74ms)[22m 
[2m10:00:56[22m   [34m鈹溾攢[39m [2m/product/yet306-acetate-sunglasses/index.html[22m [2m(+68ms)[22m 
[2m10:00:56[22m   [34m鈹溾攢[39m [2m/product/yet304-acetate-sunglasses/index.html[22m [2m(+72ms)[22m 
[2m10:00:56[22m   [34m鈹溾攢[39m [2m/product/yet307-acetate-sunglasses/index.html[22m [2m(+66ms)[22m 
[2m10:00:56[22m   [34m鈹溾攢[39m [2m/product/yet308-acetate-sunglasses/index.html[22m [2m(+72ms)[22m 
[2m10:00:56[22m   [34m鈹溾攢[39m [2m/product/yet309-acetate-sunglasses/index.html[22m [2m(+85ms)[22m 
[2m10:00:56[22m   [34m鈹溾攢[39m [2m/product/yet310-acetate-sunglasses/index.html[22m [2m(+261ms)[22m 
[2m10:00:57[22m   [34m鈹溾攢[39m [2m/product/yet311-acetate-sunglasses/index.html[22m [2m(+148ms)[22m 
[2m10:00:57[22m   [34m鈹溾攢[39m [2m/product/yet312-acetate-sunglasses/index.html[22m [2m(+105ms)[22m 
[2m10:00:57[22m   [34m鈹溾攢[39m [2m/product/yet314-acetate-sunglasses/index.html[22m [2m(+83ms)[22m 
[2m10:00:57[22m   [34m鈹溾攢[39m [2m/product/yet315-acetate-sunglasses/index.html[22m [2m(+86ms)[22m 
[2m10:00:57[22m   [34m鈹溾攢[39m [2m/product/yet317-acetate-sunglasses/index.html[22m [2m(+82ms)[22m 
[2m10:00:57[22m   [34m鈹溾攢[39m [2m/product/yet318-acetate-sunglasses/index.html[22m [2m(+93ms)[22m 
[2m10:00:57[22m   [34m鈹溾攢[39m [2m/product/yet319-acetate-sunglasses/index.html[22m [2m(+125ms)[22m 
[2m10:00:57[22m   [34m鈹溾攢[39m [2m/product/yet320-acetate-sunglasses/index.html[22m [2m(+101ms)[22m 
[2m10:00:57[22m   [34m鈹溾攢[39m [2m/product/yet321-acetate-sunglasses/index.html[22m [2m(+108ms)[22m 
[2m10:00:58[22m   [34m鈹溾攢[39m [2m/product/yet322-acetate-sunglasses/index.html[22m [2m(+109ms)[22m 
[2m10:00:58[22m   [34m鈹溾攢[39m [2m/product/yet323-acetate-sunglasses/index.html[22m [2m(+83ms)[22m 
[2m10:00:58[22m   [34m鈹溾攢[39m [2m/product/yet344-acetate-sunglasses/index.html[22m [2m(+119ms)[22m 
[2m10:00:58[22m   [34m鈹溾攢[39m [2m/product/yet346-acetate-sunglasses/index.html[22m [2m(+107ms)[22m 
[2m10:00:58[22m   [34m鈹溾攢[39m [2m/product/yet345-acetate-sunglasses/index.html[22m [2m(+85ms)[22m 
[2m10:00:58[22m   [34m鈹溾攢[39m [2m/product/yeto-lc001-metal-optical/index.html[22m [2m(+101ms)[22m 
[2m10:00:58[22m   [34m鈹溾攢[39m [2m/product/yeto-lc002-metal-optical/index.html[22m [2m(+77ms)[22m 
[2m10:00:58[22m   [34m鈹溾攢[39m [2m/product/yeto-lc003-metal-optical/index.html[22m [2m(+88ms)[22m 
[2m10:00:58[22m   [34m鈹溾攢[39m [2m/product/yeto-lc004-metal-optical/index.html[22m [2m(+93ms)[22m 
[2m10:00:58[22m   [34m鈹溾攢[39m [2m/product/yeto-lc005-metal-optical/index.html[22m [2m(+121ms)[22m 
[2m10:00:59[22m   [34m鈹溾攢[39m [2m/product/yeto-lc006-metal-optical/index.html[22m [2m(+116ms)[22m 
[2m10:00:59[22m   [34m鈹溾攢[39m [2m/product/yeto301-acetate-optical/index.html[22m [2m(+132ms)[22m 
[2m10:00:59[22m   [34m鈹溾攢[39m [2m/product/yeto304-acetate-optical/index.html[22m [2m(+103ms)[22m 
[2m10:00:59[22m   [34m鈹溾攢[39m [2m/product/yeto305-acetate-optical/index.html[22m [2m(+96ms)[22m 
[2m10:00:59[22m   [34m鈹溾攢[39m [2m/product/yeto306-acetate-optical/index.html[22m [2m(+115ms)[22m 
[2m10:00:59[22m   [34m鈹溾攢[39m [2m/product/yeto307-acetate-optical/index.html[22m [2m(+100ms)[22m 
[2m10:00:59[22m   [34m鈹溾攢[39m [2m/product/yeto308-acetate-optical/index.html[22m [2m(+84ms)[22m 
[2m10:00:59[22m   [34m鈹溾攢[39m [2m/product/yeto309-acetate-optical/index.html[22m [2m(+99ms)[22m 
[2m10:00:59[22m   [34m鈹溾攢[39m [2m/product/yeto310-acetate-optical/index.html[22m [2m(+85ms)[22m 
[2m10:00:59[22m   [34m鈹溾攢[39m [2m/product/yeto311-acetate-optical/index.html[22m [2m(+87ms)[22m 
[2m10:01:00[22m   [34m鈹溾攢[39m [2m/product/yeto312-acetate-optical/index.html[22m [2m(+95ms)[22m 
[2m10:01:00[22m   [34m鈹溾攢[39m [2m/product/yeto314-acetate-optical/index.html[22m [2m(+86ms)[22m 
[2m10:01:00[22m   [34m鈹溾攢[39m [2m/product/yeto317-acetate-optical/index.html[22m [2m(+74ms)[22m 
[2m10:01:00[22m   [34m鈹溾攢[39m [2m/product/yeto315-acetate-optical/index.html[22m [2m(+84ms)[22m 
[2m10:01:00[22m   [34m鈹溾攢[39m [2m/product/yeto318-acetate-optical/index.html[22m [2m(+114ms)[22m 
[2m10:01:00[22m   [34m鈹溾攢[39m [2m/product/yeto319-acetate-optical/index.html[22m [2m(+87ms)[22m 
[2m10:01:00[22m   [34m鈹溾攢[39m [2m/product/yeto320-acetate-optical/index.html[22m [2m(+92ms)[22m 
[2m10:01:00[22m   [34m鈹溾攢[39m [2m/product/yeto321-acetate-optical/index.html[22m [2m(+79ms)[22m 
[2m10:01:00[22m   [34m鈹溾攢[39m [2m/product/yeto322-acetate-optical/index.html[22m [2m(+83ms)[22m 
[2m10:01:00[22m   [34m鈹溾攢[39m [2m/product/yeto323-acetate-optical/index.html[22m [2m(+87ms)[22m 
[2m10:01:00[22m   [34m鈹溾攢[39m [2m/product/yeto344-acetate-optical/index.html[22m [2m(+113ms)[22m 
[2m10:01:01[22m   [34m鈹溾攢[39m [2m/product/yeto501-acetate-optical/index.html[22m [2m(+112ms)[22m 
[2m10:01:01[22m   [34m鈹溾攢[39m [2m/product/yeto502-acetate-optical/index.html[22m [2m(+83ms)[22m 
[2m10:01:01[22m   [34m鈹溾攢[39m [2m/product/yet101-acetate-sunglasses/index.html[22m [2m(+83ms)[22m 
[2m10:01:01[22m   [34m鈹溾攢[39m [2m/product/yet102-acetate-sunglasses/index.html[22m [2m(+92ms)[22m 
[2m10:01:01[22m   [34m鈹溾攢[39m [2m/product/yet103-acetate-sunglasses/index.html[22m [2m(+97ms)[22m 
[2m10:01:01[22m   [34m鈹溾攢[39m [2m/product/yet104-acetate-sunglasses/index.html[22m [2m(+93ms)[22m 
[2m10:01:01[22m   [34m鈹溾攢[39m [2m/product/yet105-acetate-sunglasses/index.html[22m [2m(+81ms)[22m 
[2m10:01:01[22m   [34m鈹溾攢[39m [2m/product/yet106-acetate-sunglasses/index.html[22m [2m(+86ms)[22m 
[2m10:01:01[22m   [34m鈹溾攢[39m [2m/product/yet107-acetate-sunglasses/index.html[22m [2m(+108ms)[22m 
[2m10:01:01[22m   [34m鈹溾攢[39m [2m/product/yet108-acetate-sunglasses/index.html[22m [2m(+108ms)[22m 
[2m10:01:01[22m   [34m鈹溾攢[39m [2m/product/yet109-acetate-sunglasses/index.html[22m [2m(+109ms)[22m 
[2m10:01:02[22m   [34m鈹溾攢[39m [2m/product/yet110-acetate-sunglasses/index.html[22m [2m(+100ms)[22m 
[2m10:01:02[22m   [34m鈹溾攢[39m [2m/product/yet111-acetate-sunglasses/index.html[22m [2m(+97ms)[22m 
[2m10:01:02[22m   [34m鈹溾攢[39m [2m/product/yet112-acetate-sunglasses/index.html[22m [2m(+86ms)[22m 
[2m10:01:02[22m   [34m鈹溾攢[39m [2m/product/yet113-acetate-sunglasses/index.html[22m [2m(+85ms)[22m 
[2m10:01:02[22m   [34m鈹溾攢[39m [2m/product/yet114-acetate-sunglasses/index.html[22m [2m(+93ms)[22m 
[2m10:01:02[22m   [34m鈹溾攢[39m [2m/product/yet116-acetate-sunglasses/index.html[22m [2m(+122ms)[22m 
[2m10:01:02[22m   [34m鈹溾攢[39m [2m/product/yet115-acetate-sunglasses/index.html[22m [2m(+107ms)[22m 
[2m10:01:02[22m   [34m鈹溾攢[39m [2m/product/yet119-acetate-sunglasses/index.html[22m [2m(+77ms)[22m 
[2m10:01:02[22m   [34m鈹溾攢[39m [2m/product/yet121-acetate-sunglasses/index.html[22m [2m(+90ms)[22m 
[2m10:01:02[22m   [34m鈹溾攢[39m [2m/product/yet122-acetate-sunglasses/index.html[22m [2m(+74ms)[22m 
[2m10:01:03[22m   [34m鈹溾攢[39m [2m/product/yet123-acetate-sunglasses/index.html[22m [2m(+101ms)[22m 
[2m10:01:03[22m   [34m鈹溾攢[39m [2m/product/yet124-acetate-sunglasses/index.html[22m [2m(+80ms)[22m 
[2m10:01:03[22m   [34m鈹溾攢[39m [2m/product/yet125-acetate-sunglasses/index.html[22m [2m(+85ms)[22m 
[2m10:01:03[22m   [34m鈹溾攢[39m [2m/product/yet126-acetate-sunglasses/index.html[22m [2m(+96ms)[22m 
[2m10:01:03[22m   [34m鈹溾攢[39m [2m/product/yet128-acetate-sunglasses/index.html[22m [2m(+86ms)[22m 
[2m10:01:03[22m   [34m鈹溾攢[39m [2m/product/yet129-acetate-sunglasses/index.html[22m [2m(+133ms)[22m 
[2m10:01:03[22m   [34m鈹溾攢[39m [2m/product/yet130-acetate-sunglasses/index.html[22m [2m(+98ms)[22m 
[2m10:01:03[22m   [34m鈹溾攢[39m [2m/product/yet131-acetate-sunglasses/index.html[22m [2m(+131ms)[22m 
[2m10:01:03[22m   [34m鈹溾攢[39m [2m/product/yet132-acetate-sunglasses/index.html[22m [2m(+162ms)[22m 
[2m10:01:03[22m   [34m鈹溾攢[39m [2m/product/yet133-acetate-sunglasses/index.html[22m [2m(+95ms)[22m 
[2m10:01:04[22m   [34m鈹溾攢[39m [2m/product/yet138-acetate-sunglasses/index.html[22m [2m(+102ms)[22m 
[2m10:01:04[22m   [34m鈹溾攢[39m [2m/product/yet142-acetate-sunglasses/index.html[22m [2m(+76ms)[22m 
[2m10:01:04[22m   [34m鈹溾攢[39m [2m/product/yet143-acetate-sunglasses/index.html[22m [2m(+86ms)[22m 
[2m10:01:04[22m   [34m鈹溾攢[39m [2m/product/yet501-acetate-sunglasses/index.html[22m [2m(+134ms)[22m 
[2m10:01:04[22m   [34m鈹溾攢[39m [2m/product/yet502-acetate-sunglasses/index.html[22m [2m(+94ms)[22m 
[2m10:01:04[22m   [34m鈹溾攢[39m [2m/product/yeto-007s-metal-sunglasses/index.html[22m [2m(+79ms)[22m 
[2m10:01:04[22m   [34m鈹溾攢[39m [2m/product/yet117-metal-sunglasses/index.html[22m [2m(+70ms)[22m 
[2m10:01:04[22m   [34m鈹溾攢[39m [2m/product/yet118-metal-sunglasses/index.html[22m [2m(+87ms)[22m 
[2m10:01:04[22m   [34m鈹溾攢[39m [2m/product/yet120-metal-sunglasses/index.html[22m [2m(+102ms)[22m 
[2m10:01:04[22m   [34m鈹溾攢[39m [2m/product/yet135-metal-sunglasses/index.html[22m [2m(+93ms)[22m 
[2m10:01:05[22m   [34m鈹溾攢[39m [2m/product/yet134-metal-sunglasses/index.html[22m [2m(+129ms)[22m 
[2m10:01:05[22m   [34m鈹溾攢[39m [2m/product/yet135-metal-sunglasses/index.html[22m [2m(+79ms)[22m 
[2m10:01:05[22m   [34m鈹斺攢[39m [2m/product/yet139-metal-sunglasses/index.html[22m [2m(+63ms)[22m 
[2m10:01:05[22m [32m鈻?[39m src/pages/product/[category]/[...page].astro
[2m10:01:05[22m   [34m鈹溾攢[39m [2m/product/luxury-customized/index.html[22m [2m(+76ms)[22m 
[2m10:01:05[22m   [34m鈹溾攢[39m [2m/product/luxury-customized/2/index.html[22m [2m(+67ms)[22m 
[2m10:01:05[22m   [34m鈹溾攢[39m [2m/product/luxury-customized/3/index.html[22m [2m(+67ms)[22m 
[2m10:01:05[22m   [34m鈹溾攢[39m [2m/product/luxury-glasses/index.html[22m [2m(+64ms)[22m 
[2m10:01:05[22m   [34m鈹溾攢[39m [2m/product/luxury-sunglasses/index.html[22m [2m(+71ms)[22m 
[2m10:01:05[22m   [34m鈹溾攢[39m [2m/product/luxury-sunglasses/2/index.html[22m [2m(+84ms)[22m 
[2m10:01:05[22m   [34m鈹溾攢[39m [2m/product/high-couture-series/index.html[22m [2m(+88ms)[22m 
[2m10:01:06[22m   [34m鈹溾攢[39m [2m/product/high-couture-sunglasses/index.html[22m [2m(+91ms)[22m 
[2m10:01:06[22m   [34m鈹溾攢[39m [2m/product/classics-series/index.html[22m [2m(+76ms)[22m 
[2m10:01:06[22m   [34m鈹溾攢[39m [2m/product/classics-series/2/index.html[22m [2m(+95ms)[22m 
[2m10:01:06[22m   [34m鈹溾攢[39m [2m/product/classics-series/3/index.html[22m [2m(+101ms)[22m 
[2m10:01:06[22m   [34m鈹溾攢[39m [2m/product/classics-series/4/index.html[22m [2m(+90ms)[22m 
[2m10:01:06[22m   [34m鈹溾攢[39m [2m/product/classics-sunglasses/index.html[22m [2m(+76ms)[22m 
[2m10:01:06[22m   [34m鈹溾攢[39m [2m/product/classics-sunglasses/2/index.html[22m [2m(+71ms)[22m 
[2m10:01:06[22m   [34m鈹溾攢[39m [2m/product/classics-sunglasses/3/index.html[22m [2m(+72ms)[22m 
[2m10:01:06[22m   [34m鈹溾攢[39m [2m/product/classics-glasses/index.html[22m [2m(+69ms)[22m 
[2m10:01:06[22m   [34m鈹溾攢[39m [2m/product/classics-glasses/2/index.html[22m [2m(+74ms)[22m 
[2m10:01:06[22m   [34m鈹溾攢[39m [2m/product/fashion-series/index.html[22m [2m(+57ms)[22m 
[2m10:01:06[22m   [34m鈹溾攢[39m [2m/product/fashion-series/2/index.html[22m [2m(+66ms)[22m 
[2m10:01:06[22m   [34m鈹溾攢[39m [2m/product/fashion-series/3/index.html[22m [2m(+53ms)[22m 
[2m10:01:07[22m   [34m鈹溾攢[39m [2m/product/fashion-series/4/index.html[22m [2m(+48ms)[22m 
[2m10:01:07[22m   [34m鈹溾攢[39m [2m/product/acetate-sunglasses/index.html[22m [2m(+75ms)[22m 
[2m10:01:07[22m   [34m鈹溾攢[39m [2m/product/acetate-sunglasses/2/index.html[22m [2m(+101ms)[22m 
[2m10:01:07[22m   [34m鈹溾攢[39m [2m/product/acetate-sunglasses/3/index.html[22m [2m(+76ms)[22m 
[2m10:01:07[22m   [34m鈹溾攢[39m [2m/product/metal-sunglasses/index.html[22m [2m(+55ms)[22m 
[2m10:01:07[22m   [34m鈹溾攢[39m [2m/product/sunglasses/index.html[22m [2m(+81ms)[22m 
[2m10:01:07[22m   [34m鈹溾攢[39m [2m/product/sunglasses/2/index.html[22m [2m(+87ms)[22m 
[2m10:01:07[22m   [34m鈹溾攢[39m [2m/product/sunglasses/3/index.html[22m [2m(+83ms)[22m 
[2m10:01:07[22m   [34m鈹溾攢[39m [2m/product/sunglasses/4/index.html[22m [2m(+66ms)[22m 
[2m10:01:07[22m   [34m鈹溾攢[39m [2m/product/sunglasses/5/index.html[22m [2m(+67ms)[22m 
[2m10:01:07[22m   [34m鈹溾攢[39m [2m/product/sunglasses/6/index.html[22m [2m(+66ms)[22m 
[2m10:01:07[22m   [34m鈹溾攢[39m [2m/product/sunglasses/7/index.html[22m [2m(+61ms)[22m 
[2m10:01:07[22m   [34m鈹溾攢[39m [2m/product/sunglasses/8/index.html[22m [2m(+43ms)[22m 
[2m10:01:07[22m   [34m鈹溾攢[39m [2m/product/metal/index.html[22m [2m(+42ms)[22m 
[2m10:01:07[22m   [34m鈹溾攢[39m [2m/product/acetate/index.html[22m [2m(+42ms)[22m 
[2m10:01:08[22m   [34m鈹溾攢[39m [2m/product/acetate/2/index.html[22m [2m(+47ms)[22m 
[2m10:01:08[22m   [34m鈹溾攢[39m [2m/product/acetate/3/index.html[22m [2m(+45ms)[22m 
[2m10:01:08[22m   [34m鈹溾攢[39m [2m/product/luxury/index.html[22m [2m(+48ms)[22m 
[2m10:01:08[22m   [34m鈹溾攢[39m [2m/product/luxury/2/index.html[22m [2m(+43ms)[22m 
[2m10:01:08[22m   [34m鈹溾攢[39m [2m/product/luxury/3/index.html[22m [2m(+48ms)[22m 
[2m10:01:08[22m   [34m鈹溾攢[39m [2m/product/fashion/index.html[22m [2m(+43ms)[22m 
[2m10:01:08[22m   [34m鈹溾攢[39m [2m/product/fashion/2/index.html[22m [2m(+54ms)[22m 
[2m10:01:08[22m   [34m鈹溾攢[39m [2m/product/fashion/3/index.html[22m [2m(+56ms)[22m 
[2m10:01:08[22m   [34m鈹斺攢[39m [2m/product/fashion/4/index.html[22m [2m(+67ms)[22m 
[2m10:01:08[22m [32m鈻?[39m src/pages/product/index.astro
[2m10:01:08[22m   [34m鈹斺攢[39m [2m/product/index.html[22m [2m(+43ms)[22m 
[2m10:01:08[22m [32m鈻?[39m src/pages/quote.astro
[2m10:01:08[22m   [34m鈹斺攢[39m [2m/quote/index.html[22m [2m(+2ms)[22m 
[2m10:01:08[22m [32m鈻?[39m src/pages/search.astro
[2m10:01:08[22m   [34m鈹斺攢[39m [2m/search/index.html[22m [2m(+3ms)[22m 
[2m10:01:08[22m [32m鈻?[39m src/pages/thank-you.astro
[2m10:01:08[22m   [34m鈹斺攢[39m [2m/thank-you/index.html[22m [2m(+4ms)[22m 
[2m10:01:08[22m [32m鈻?[39m src/pages/[lang]/404.astro
[2m10:01:08[22m   [34m鈹溾攢[39m [2m/it/404/index.html[22m [2m(+6ms)[22m 
[2m10:01:08[22m   [34m鈹溾攢[39m [2m/es/404/index.html[22m [2m(+9ms)[22m 
[2m10:01:08[22m   [34m鈹溾攢[39m [2m/fr/404/index.html[22m [2m(+9ms)[22m 
[2m10:01:08[22m   [34m鈹溾攢[39m [2m/de/404/index.html[22m [2m(+6ms)[22m 
[2m10:01:08[22m   [34m鈹溾攢[39m [2m/pt/404/index.html[22m [2m(+6ms)[22m 
[2m10:01:08[22m   [34m鈹溾攢[39m [2m/ru/404/index.html[22m [2m(+7ms)[22m 
[2m10:01:08[22m   [34m鈹溾攢[39m [2m/ja/404/index.html[22m [2m(+6ms)[22m 
[2m10:01:08[22m   [34m鈹溾攢[39m [2m/tr/404/index.html[22m [2m(+7ms)[22m 
[2m10:01:08[22m   [34m鈹溾攢[39m [2m/ar/404/index.html[22m [2m(+7ms)[22m 
[2m10:01:08[22m   [34m鈹溾攢[39m [2m/ko/404/index.html[22m [2m(+7ms)[22m 
[2m10:01:08[22m   [34m鈹溾攢[39m [2m/zh/404/index.html[22m [2m(+4ms)[22m 
[2m10:01:08[22m   [34m鈹溾攢[39m [2m/hi/404/index.html[22m [2m(+4ms)[22m 
[2m10:01:08[22m   [34m鈹溾攢[39m [2m/vi/404/index.html[22m [2m(+5ms)[22m 
[2m10:01:08[22m   [34m鈹溾攢[39m [2m/jv/404/index.html[22m [2m(+3ms)[22m 
[2m10:01:08[22m   [34m鈹溾攢[39m [2m/ms/404/index.html[22m [2m(+4ms)[22m 
[2m10:01:08[22m   [34m鈹斺攢[39m [2m/tg/404/index.html[22m [2m(+2ms)[22m 
[2m10:01:08[22m [32m鈻?[39m src/pages/[lang]/blog/page.astro
The collection "blog" does not exist or is empty. Please check your content config file for errors.
[2m10:01:08[22m   [34m鈹溾攢[39m [2m/en/blog/page/index.html[22m [2m(+6ms)[22m 
[2m10:01:08[22m   [34m鈹溾攢[39m [2m/it/blog/page/index.html[22m [2m(+6ms)[22m 
[2m10:01:08[22m   [34m鈹溾攢[39m [2m/es/blog/page/index.html[22m [2m(+3ms)[22m 
[2m10:01:08[22m   [34m鈹溾攢[39m [2m/fr/blog/page/index.html[22m [2m(+4ms)[22m 
[2m10:01:08[22m   [34m鈹溾攢[39m [2m/de/blog/page/index.html[22m [2m(+3ms)[22m 
[2m10:01:08[22m   [34m鈹溾攢[39m [2m/pt/blog/page/index.html[22m [2m(+5ms)[22m 
[2m10:01:08[22m   [34m鈹溾攢[39m [2m/ru/blog/page/index.html[22m [2m(+4ms)[22m 
[2m10:01:08[22m   [34m鈹溾攢[39m [2m/ja/blog/page/index.html[22m [2m(+3ms)[22m 
[2m10:01:08[22m   [34m鈹溾攢[39m [2m/tr/blog/page/index.html[22m [2m(+3ms)[22m 
[2m10:01:08[22m   [34m鈹斺攢[39m [2m/ar/blog/page/index.html[22m [2m(+2ms)[22m 
[2m10:01:08[22m [32m鈻?[39m src/pages/[lang]/blog/[slug].astro
The collection "blog" does not exist or is empty. Please check your content config file for errors.
[2m10:01:08[22m [32m鈻?[39m src/pages/[lang]/landing/[slug].astro
The collection "landing" does not exist or is empty. Please check your content config file for errors.
[2m10:01:08[22m [32m鈻?[39m src/pages/[lang]/product/[page].astro
[2m10:01:08[22m   [34m鈹溾攢[39m [2m/ar/product/1/index.html[22m [2m(+53ms)[22m 
[2m10:01:08[22m   [34m鈹溾攢[39m [2m/ar/product/2/index.html[22m [2m(+45ms)[22m 
[2m10:01:08[22m   [34m鈹溾攢[39m [2m/ar/product/3/index.html[22m [2m(+58ms)[22m 
[2m10:01:08[22m   [34m鈹溾攢[39m [2m/ar/product/4/index.html[22m [2m(+66ms)[22m 
[2m10:01:08[22m   [34m鈹溾攢[39m [2m/ar/product/5/index.html[22m [2m(+69ms)[22m 
[2m10:01:09[22m   [34m鈹溾攢[39m [2m/ar/product/6/index.html[22m [2m(+76ms)[22m 
[2m10:01:09[22m   [34m鈹溾攢[39m [2m/ar/product/7/index.html[22m [2m(+48ms)[22m 
[2m10:01:09[22m   [34m鈹溾攢[39m [2m/ar/product/8/index.html[22m [2m(+61ms)[22m 
[2m10:01:09[22m   [34m鈹溾攢[39m [2m/ar/product/9/index.html[22m [2m(+77ms)[22m 
[2m10:01:09[22m   [34m鈹溾攢[39m [2m/ar/product/10/index.html[22m [2m(+53ms)[22m 
[2m10:01:09[22m   [34m鈹溾攢[39m [2m/it/product/1/index.html[22m [2m(+74ms)[22m 
[2m10:01:09[22m   [34m鈹溾攢[39m [2m/it/product/2/index.html[22m [2m(+78ms)[22m 
[2m10:01:09[22m   [34m鈹溾攢[39m [2m/it/product/3/index.html[22m [2m(+169ms)[22m 
[2m10:01:09[22m   [34m鈹溾攢[39m [2m/it/product/4/index.html[22m [2m(+130ms)[22m 
[2m10:01:09[22m   [34m鈹溾攢[39m [2m/it/product/5/index.html[22m [2m(+101ms)[22m 
[2m10:01:09[22m   [34m鈹溾攢[39m [2m/it/product/6/index.html[22m [2m(+97ms)[22m 
[2m10:01:10[22m   [34m鈹溾攢[39m [2m/it/product/7/index.html[22m [2m(+113ms)[22m 
[2m10:01:10[22m   [34m鈹溾攢[39m [2m/it/product/8/index.html[22m [2m(+91ms)[22m 
[2m10:01:10[22m   [34m鈹溾攢[39m [2m/it/product/9/index.html[22m [2m(+103ms)[22m 
[2m10:01:10[22m   [34m鈹溾攢[39m [2m/it/product/10/index.html[22m [2m(+98ms)[22m 
[2m10:01:10[22m   [34m鈹溾攢[39m [2m/es/product/1/index.html[22m [2m(+80ms)[22m 
[2m10:01:10[22m   [34m鈹溾攢[39m [2m/es/product/2/index.html[22m [2m(+84ms)[22m 
[2m10:01:10[22m   [34m鈹溾攢[39m [2m/es/product/3/index.html[22m [2m(+76ms)[22m 
[2m10:01:10[22m   [34m鈹溾攢[39m [2m/es/product/4/index.html[22m [2m(+81ms)[22m 
[2m10:01:10[22m   [34m鈹溾攢[39m [2m/es/product/5/index.html[22m [2m(+93ms)[22m 
[2m10:01:10[22m   [34m鈹溾攢[39m [2m/es/product/6/index.html[22m [2m(+74ms)[22m 
[2m10:01:10[22m   [34m鈹溾攢[39m [2m/es/product/7/index.html[22m [2m(+54ms)[22m 
[2m10:01:10[22m   [34m鈹溾攢[39m [2m/es/product/8/index.html[22m [2m(+53ms)[22m 
[2m10:01:11[22m   [34m鈹溾攢[39m [2m/es/product/9/index.html[22m [2m(+52ms)[22m 
[2m10:01:11[22m   [34m鈹溾攢[39m [2m/es/product/10/index.html[22m [2m(+75ms)[22m 
[2m10:01:11[22m   [34m鈹溾攢[39m [2m/fr/product/1/index.html[22m [2m(+79ms)[22m 
[2m10:01:11[22m   [34m鈹溾攢[39m [2m/fr/product/2/index.html[22m [2m(+60ms)[22m 
[2m10:01:11[22m   [34m鈹溾攢[39m [2m/fr/product/3/index.html[22m [2m(+85ms)[22m 
[2m10:01:11[22m   [34m鈹溾攢[39m [2m/fr/product/4/index.html[22m [2m(+58ms)[22m 
[2m10:01:11[22m   [34m鈹溾攢[39m [2m/fr/product/5/index.html[22m [2m(+88ms)[22m 
[2m10:01:11[22m   [34m鈹溾攢[39m [2m/fr/product/6/index.html[22m [2m(+64ms)[22m 
[2m10:01:11[22m   [34m鈹溾攢[39m [2m/fr/product/7/index.html[22m [2m(+51ms)[22m 
[2m10:01:11[22m   [34m鈹溾攢[39m [2m/fr/product/8/index.html[22m [2m(+56ms)[22m 
[2m10:01:11[22m   [34m鈹溾攢[39m [2m/fr/product/9/index.html[22m [2m(+53ms)[22m 
[2m10:01:11[22m   [34m鈹溾攢[39m [2m/fr/product/10/index.html[22m [2m(+46ms)[22m 
[2m10:01:11[22m   [34m鈹溾攢[39m [2m/de/product/1/index.html[22m [2m(+53ms)[22m 
[2m10:01:11[22m   [34m鈹溾攢[39m [2m/de/product/2/index.html[22m [2m(+56ms)[22m 
[2m10:01:11[22m   [34m鈹溾攢[39m [2m/de/product/3/index.html[22m [2m(+55ms)[22m 
[2m10:01:11[22m   [34m鈹溾攢[39m [2m/de/product/4/index.html[22m [2m(+54ms)[22m 
[2m10:01:12[22m   [34m鈹溾攢[39m [2m/de/product/5/index.html[22m [2m(+71ms)[22m 
[2m10:01:12[22m   [34m鈹溾攢[39m [2m/de/product/6/index.html[22m [2m(+99ms)[22m 
[2m10:01:12[22m   [34m鈹溾攢[39m [2m/de/product/7/index.html[22m [2m(+68ms)[22m 
[2m10:01:12[22m   [34m鈹溾攢[39m [2m/de/product/8/index.html[22m [2m(+76ms)[22m 
[2m10:01:12[22m   [34m鈹溾攢[39m [2m/de/product/9/index.html[22m [2m(+75ms)[22m 
[2m10:01:12[22m   [34m鈹溾攢[39m [2m/de/product/10/index.html[22m [2m(+73ms)[22m 
[2m10:01:12[22m   [34m鈹溾攢[39m [2m/pt/product/1/index.html[22m [2m(+84ms)[22m 
[2m10:01:12[22m   [34m鈹溾攢[39m [2m/pt/product/2/index.html[22m [2m(+97ms)[22m 
[2m10:01:12[22m   [34m鈹溾攢[39m [2m/pt/product/3/index.html[22m [2m(+64ms)[22m 
[2m10:01:12[22m   [34m鈹溾攢[39m [2m/pt/product/4/index.html[22m [2m(+62ms)[22m 
[2m10:01:12[22m   [34m鈹溾攢[39m [2m/pt/product/5/index.html[22m [2m(+56ms)[22m 
[2m10:01:12[22m   [34m鈹溾攢[39m [2m/pt/product/6/index.html[22m [2m(+47ms)[22m 
[2m10:01:12[22m   [34m鈹溾攢[39m [2m/pt/product/7/index.html[22m [2m(+46ms)[22m 
[2m10:01:12[22m   [34m鈹溾攢[39m [2m/pt/product/8/index.html[22m [2m(+42ms)[22m 
[2m10:01:12[22m   [34m鈹溾攢[39m [2m/pt/product/9/index.html[22m [2m(+43ms)[22m 
[2m10:01:13[22m   [34m鈹溾攢[39m [2m/pt/product/10/index.html[22m [2m(+50ms)[22m 
[2m10:01:13[22m   [34m鈹溾攢[39m [2m/ru/product/1/index.html[22m [2m(+54ms)[22m 
[2m10:01:13[22m   [34m鈹溾攢[39m [2m/ru/product/2/index.html[22m [2m(+100ms)[22m 
[2m10:01:13[22m   [34m鈹溾攢[39m [2m/ru/product/3/index.html[22m [2m(+62ms)[22m 
[2m10:01:13[22m   [34m鈹溾攢[39m [2m/ru/product/4/index.html[22m [2m(+53ms)[22m 
[2m10:01:13[22m   [34m鈹溾攢[39m [2m/ru/product/5/index.html[22m [2m(+67ms)[22m 
[2m10:01:13[22m   [34m鈹溾攢[39m [2m/ru/product/6/index.html[22m [2m(+67ms)[22m 
[2m10:01:13[22m   [34m鈹溾攢[39m [2m/ru/product/7/index.html[22m [2m(+67ms)[22m 
[2m10:01:13[22m   [34m鈹溾攢[39m [2m/ru/product/8/index.html[22m [2m(+53ms)[22m 
[2m10:01:13[22m   [34m鈹溾攢[39m [2m/ru/product/9/index.html[22m [2m(+50ms)[22m 
[2m10:01:13[22m   [34m鈹溾攢[39m [2m/ru/product/10/index.html[22m [2m(+58ms)[22m 
[2m10:01:13[22m   [34m鈹溾攢[39m [2m/ja/product/1/index.html[22m [2m(+50ms)[22m 
[2m10:01:13[22m   [34m鈹溾攢[39m [2m/ja/product/2/index.html[22m [2m(+51ms)[22m 
[2m10:01:13[22m   [34m鈹溾攢[39m [2m/ja/product/3/index.html[22m [2m(+65ms)[22m 
[2m10:01:13[22m   [34m鈹溾攢[39m [2m/ja/product/4/index.html[22m [2m(+79ms)[22m 
[2m10:01:13[22m   [34m鈹溾攢[39m [2m/ja/product/5/index.html[22m [2m(+75ms)[22m 
[2m10:01:14[22m   [34m鈹溾攢[39m [2m/ja/product/6/index.html[22m [2m(+81ms)[22m 
[2m10:01:14[22m   [34m鈹溾攢[39m [2m/ja/product/7/index.html[22m [2m(+58ms)[22m 
[2m10:01:14[22m   [34m鈹溾攢[39m [2m/ja/product/8/index.html[22m [2m(+47ms)[22m 
[2m10:01:14[22m   [34m鈹溾攢[39m [2m/ja/product/9/index.html[22m [2m(+61ms)[22m 
[2m10:01:14[22m   [34m鈹溾攢[39m [2m/ja/product/10/index.html[22m [2m(+49ms)[22m 
[2m10:01:14[22m   [34m鈹溾攢[39m [2m/tr/product/1/index.html[22m [2m(+46ms)[22m 
[2m10:01:14[22m   [34m鈹溾攢[39m [2m/tr/product/2/index.html[22m [2m(+59ms)[22m 
[2m10:01:14[22m   [34m鈹溾攢[39m [2m/tr/product/3/index.html[22m [2m(+73ms)[22m 
[2m10:01:14[22m   [34m鈹溾攢[39m [2m/tr/product/4/index.html[22m [2m(+60ms)[22m 
[2m10:01:14[22m   [34m鈹溾攢[39m [2m/tr/product/5/index.html[22m [2m(+85ms)[22m 
[2m10:01:14[22m   [34m鈹溾攢[39m [2m/tr/product/6/index.html[22m [2m(+64ms)[22m 
[2m10:01:14[22m   [34m鈹溾攢[39m [2m/tr/product/7/index.html[22m [2m(+60ms)[22m 
[2m10:01:14[22m   [34m鈹溾攢[39m [2m/tr/product/8/index.html[22m [2m(+59ms)[22m 
[2m10:01:14[22m   [34m鈹溾攢[39m [2m/tr/product/9/index.html[22m [2m(+68ms)[22m 
[2m10:01:14[22m   [34m鈹溾攢[39m [2m/tr/product/10/index.html[22m [2m(+51ms)[22m 
[2m10:01:14[22m   [34m鈹溾攢[39m [2m/ko/product/1/index.html[22m [2m(+45ms)[22m 
[2m10:01:14[22m   [34m鈹溾攢[39m [2m/ko/product/2/index.html[22m [2m(+51ms)[22m 
[2m10:01:15[22m   [34m鈹溾攢[39m [2m/ko/product/3/index.html[22m [2m(+52ms)[22m 
[2m10:01:15[22m   [34m鈹溾攢[39m [2m/ko/product/4/index.html[22m [2m(+46ms)[22m 
[2m10:01:15[22m   [34m鈹溾攢[39m [2m/ko/product/5/index.html[22m [2m(+50ms)[22m 
[2m10:01:15[22m   [34m鈹溾攢[39m [2m/ko/product/6/index.html[22m [2m(+61ms)[22m 
[2m10:01:15[22m   [34m鈹溾攢[39m [2m/ko/product/7/index.html[22m [2m(+48ms)[22m 
[2m10:01:15[22m   [34m鈹溾攢[39m [2m/ko/product/8/index.html[22m [2m(+44ms)[22m 
[2m10:01:15[22m   [34m鈹溾攢[39m [2m/ko/product/9/index.html[22m [2m(+47ms)[22m 
[2m10:01:15[22m   [34m鈹溾攢[39m [2m/ko/product/10/index.html[22m [2m(+64ms)[22m 
[2m10:01:15[22m   [34m鈹溾攢[39m [2m/zh/product/1/index.html[22m [2m(+58ms)[22m 
[2m10:01:15[22m   [34m鈹溾攢[39m [2m/zh/product/2/index.html[22m [2m(+41ms)[22m 
[2m10:01:15[22m   [34m鈹溾攢[39m [2m/zh/product/3/index.html[22m [2m(+65ms)[22m 
[2m10:01:15[22m   [34m鈹溾攢[39m [2m/zh/product/4/index.html[22m [2m(+70ms)[22m 
[2m10:01:15[22m   [34m鈹溾攢[39m [2m/zh/product/5/index.html[22m [2m(+64ms)[22m 
[2m10:01:15[22m   [34m鈹溾攢[39m [2m/zh/product/6/index.html[22m [2m(+56ms)[22m 
[2m10:01:15[22m   [34m鈹溾攢[39m [2m/zh/product/7/index.html[22m [2m(+53ms)[22m 
[2m10:01:15[22m   [34m鈹溾攢[39m [2m/zh/product/8/index.html[22m [2m(+53ms)[22m 
[2m10:01:15[22m   [34m鈹溾攢[39m [2m/zh/product/9/index.html[22m [2m(+44ms)[22m 
[2m10:01:15[22m   [34m鈹溾攢[39m [2m/zh/product/10/index.html[22m [2m(+60ms)[22m 
[2m10:01:16[22m   [34m鈹溾攢[39m [2m/hi/product/1/index.html[22m [2m(+82ms)[22m 
[2m10:01:16[22m   [34m鈹溾攢[39m [2m/hi/product/2/index.html[22m [2m(+72ms)[22m 
[2m10:01:16[22m   [34m鈹溾攢[39m [2m/hi/product/3/index.html[22m [2m(+52ms)[22m 
[2m10:01:16[22m   [34m鈹溾攢[39m [2m/hi/product/4/index.html[22m [2m(+64ms)[22m 
[2m10:01:16[22m   [34m鈹溾攢[39m [2m/hi/product/5/index.html[22m [2m(+55ms)[22m 
[2m10:01:16[22m   [34m鈹溾攢[39m [2m/hi/product/6/index.html[22m [2m(+62ms)[22m 
[2m10:01:16[22m   [34m鈹溾攢[39m [2m/hi/product/7/index.html[22m [2m(+70ms)[22m 
[2m10:01:16[22m   [34m鈹溾攢[39m [2m/hi/product/8/index.html[22m [2m(+55ms)[22m 
[2m10:01:16[22m   [34m鈹溾攢[39m [2m/hi/product/9/index.html[22m [2m(+45ms)[22m 
[2m10:01:16[22m   [34m鈹溾攢[39m [2m/hi/product/10/index.html[22m [2m(+47ms)[22m 
[2m10:01:16[22m   [34m鈹溾攢[39m [2m/vi/product/1/index.html[22m [2m(+59ms)[22m 
[2m10:01:16[22m   [34m鈹溾攢[39m [2m/vi/product/2/index.html[22m [2m(+65ms)[22m 
[2m10:01:16[22m   [34m鈹溾攢[39m [2m/vi/product/3/index.html[22m [2m(+59ms)[22m 
[2m10:01:16[22m   [34m鈹溾攢[39m [2m/vi/product/4/index.html[22m [2m(+69ms)[22m 
[2m10:01:16[22m   [34m鈹溾攢[39m [2m/vi/product/5/index.html[22m [2m(+57ms)[22m 
[2m10:01:16[22m   [34m鈹溾攢[39m [2m/vi/product/6/index.html[22m [2m(+55ms)[22m 
[2m10:01:16[22m   [34m鈹溾攢[39m [2m/vi/product/7/index.html[22m [2m(+46ms)[22m 
[2m10:01:17[22m   [34m鈹溾攢[39m [2m/vi/product/8/index.html[22m [2m(+48ms)[22m 
[2m10:01:17[22m   [34m鈹溾攢[39m [2m/vi/product/9/index.html[22m [2m(+46ms)[22m 
[2m10:01:17[22m   [34m鈹溾攢[39m [2m/vi/product/10/index.html[22m [2m(+41ms)[22m 
[2m10:01:17[22m   [34m鈹溾攢[39m [2m/jv/product/1/index.html[22m [2m(+43ms)[22m 
[2m10:01:17[22m   [34m鈹溾攢[39m [2m/jv/product/2/index.html[22m [2m(+48ms)[22m 
[2m10:01:17[22m   [34m鈹溾攢[39m [2m/jv/product/3/index.html[22m [2m(+46ms)[22m 
[2m10:01:17[22m   [34m鈹溾攢[39m [2m/jv/product/4/index.html[22m [2m(+50ms)[22m 
[2m10:01:17[22m   [34m鈹溾攢[39m [2m/jv/product/5/index.html[22m [2m(+51ms)[22m 
[2m10:01:17[22m   [34m鈹溾攢[39m [2m/jv/product/6/index.html[22m [2m(+65ms)[22m 
[2m10:01:17[22m   [34m鈹溾攢[39m [2m/jv/product/7/index.html[22m [2m(+45ms)[22m 
[2m10:01:17[22m   [34m鈹溾攢[39m [2m/jv/product/8/index.html[22m [2m(+43ms)[22m 
[2m10:01:17[22m   [34m鈹溾攢[39m [2m/jv/product/9/index.html[22m [2m(+52ms)[22m 
[2m10:01:17[22m   [34m鈹溾攢[39m [2m/jv/product/10/index.html[22m [2m(+50ms)[22m 
[2m10:01:17[22m   [34m鈹溾攢[39m [2m/ms/product/1/index.html[22m [2m(+44ms)[22m 
[2m10:01:17[22m   [34m鈹溾攢[39m [2m/ms/product/2/index.html[22m [2m(+41ms)[22m 
[2m10:01:17[22m   [34m鈹溾攢[39m [2m/ms/product/3/index.html[22m [2m(+42ms)[22m 
[2m10:01:17[22m   [34m鈹溾攢[39m [2m/ms/product/4/index.html[22m [2m(+41ms)[22m 
[2m10:01:17[22m   [34m鈹溾攢[39m [2m/ms/product/5/index.html[22m [2m(+45ms)[22m 
[2m10:01:17[22m   [34m鈹溾攢[39m [2m/ms/product/6/index.html[22m [2m(+50ms)[22m 
[2m10:01:17[22m   [34m鈹溾攢[39m [2m/ms/product/7/index.html[22m [2m(+64ms)[22m 
[2m10:01:17[22m   [34m鈹溾攢[39m [2m/ms/product/8/index.html[22m [2m(+77ms)[22m 
[2m10:01:18[22m   [34m鈹溾攢[39m [2m/ms/product/9/index.html[22m [2m(+71ms)[22m 
[2m10:01:18[22m   [34m鈹溾攢[39m [2m/ms/product/10/index.html[22m [2m(+60ms)[22m 
[2m10:01:18[22m   [34m鈹溾攢[39m [2m/tg/product/1/index.html[22m [2m(+71ms)[22m 
[2m10:01:18[22m   [34m鈹溾攢[39m [2m/tg/product/2/index.html[22m [2m(+58ms)[22m 
[2m10:01:18[22m   [34m鈹溾攢[39m [2m/tg/product/3/index.html[22m [2m(+52ms)[22m 
[2m10:01:18[22m   [34m鈹溾攢[39m [2m/tg/product/4/index.html[22m [2m(+59ms)[22m 
[2m10:01:18[22m   [34m鈹溾攢[39m [2m/tg/product/5/index.html[22m [2m(+65ms)[22m 
[2m10:01:18[22m   [34m鈹溾攢[39m [2m/tg/product/6/index.html[22m [2m(+70ms)[22m 
[2m10:01:18[22m   [34m鈹溾攢[39m [2m/tg/product/7/index.html[22m [2m(+58ms)[22m 
[2m10:01:18[22m   [34m鈹溾攢[39m [2m/tg/product/8/index.html[22m [2m(+43ms)[22m 
[2m10:01:18[22m   [34m鈹溾攢[39m [2m/tg/product/9/index.html[22m [2m(+43ms)[22m 
[2m10:01:18[22m   [34m鈹斺攢[39m [2m/tg/product/10/index.html[22m [2m(+54ms)[22m 
[2m10:01:18[22m [32m鈻?[39m src/pages/[lang]/product/[slug].astro
[2m10:01:18[22m   [34m鈹溾攢[39m [2m/de/product/yet-gragon-02-metal-sunglasses/index.html[22m [2m(+50ms)[22m 
[2m10:01:18[22m   [34m鈹溾攢[39m [2m/es/product/yet-gragon-02-metal-sunglasses/index.html[22m [2m(+44ms)[22m 
[2m10:01:18[22m   [34m鈹溾攢[39m [2m/ar/product/yet-gragon-02-metal-sunglasses/index.html[22m [2m(+41ms)[22m 
[2m10:01:18[22m   [34m鈹溾攢[39m [2m/it/product/yet-gragon-02-metal-sunglasses/index.html[22m [2m(+40ms)[22m 
[2m10:01:19[22m   [34m鈹溾攢[39m [2m/hi/product/yet-gragon-02-metal-sunglasses/index.html[22m [2m(+66ms)[22m 
[2m10:01:19[22m   [34m鈹溾攢[39m [2m/ja/product/yet-gragon-02-metal-sunglasses/index.html[22m [2m(+59ms)[22m 
[2m10:01:19[22m   [34m鈹溾攢[39m [2m/fr/product/yet-gragon-02-metal-sunglasses/index.html[22m [2m(+61ms)[22m 
[2m10:01:19[22m   [34m鈹溾攢[39m [2m/jv/product/yet-gragon-02-metal-sunglasses/index.html[22m [2m(+58ms)[22m 
[2m10:01:19[22m   [34m鈹溾攢[39m [2m/ko/product/yet-gragon-02-metal-sunglasses/index.html[22m [2m(+41ms)[22m 
[2m10:01:19[22m   [34m鈹溾攢[39m [2m/ms/product/yet-gragon-02-metal-sunglasses/index.html[22m [2m(+42ms)[22m 
[2m10:01:19[22m   [34m鈹溾攢[39m [2m/ru/product/yet-gragon-02-metal-sunglasses/index.html[22m [2m(+45ms)[22m 
[2m10:01:19[22m   [34m鈹溾攢[39m [2m/tg/product/yet-gragon-02-metal-sunglasses/index.html[22m [2m(+57ms)[22m 
[2m10:01:19[22m   [34m鈹溾攢[39m [2m/pt/product/yet-gragon-02-metal-sunglasses/index.html[22m [2m(+61ms)[22m 
[2m10:01:19[22m   [34m鈹溾攢[39m [2m/tr/product/yet-gragon-02-metal-sunglasses/index.html[22m [2m(+62ms)[22m 
[2m10:01:19[22m   [34m鈹溾攢[39m [2m/de/product/yet-hc007-acetate-sunglasses/index.html[22m [2m(+66ms)[22m 
[2m10:01:19[22m   [34m鈹溾攢[39m [2m/ar/product/yet-hc007-acetate-sunglasses/index.html[22m [2m(+43ms)[22m 
[2m10:01:19[22m   [34m鈹溾攢[39m [2m/zh/product/yet-gragon-02-metal-sunglasses/index.html[22m [2m(+41ms)[22m 
[2m10:01:19[22m   [34m鈹溾攢[39m [2m/vi/product/yet-gragon-02-metal-sunglasses/index.html[22m [2m(+41ms)[22m 
[2m10:01:19[22m   [34m鈹溾攢[39m [2m/es/product/yet-hc007-acetate-sunglasses/index.html[22m [2m(+49ms)[22m 
[2m10:01:19[22m   [34m鈹溾攢[39m [2m/fr/product/yet-hc007-acetate-sunglasses/index.html[22m [2m(+55ms)[22m 
[2m10:01:19[22m   [34m鈹溾攢[39m [2m/hi/product/yet-hc007-acetate-sunglasses/index.html[22m [2m(+42ms)[22m 
[2m10:01:19[22m   [34m鈹溾攢[39m [2m/it/product/yet-hc007-acetate-sunglasses/index.html[22m [2m(+39ms)[22m 
[2m10:01:19[22m   [34m鈹溾攢[39m [2m/ja/product/yet-hc007-acetate-sunglasses/index.html[22m [2m(+38ms)[22m 
[2m10:01:19[22m   [34m鈹溾攢[39m [2m/jv/product/yet-hc007-acetate-sunglasses/index.html[22m [2m(+41ms)[22m 
[2m10:01:20[22m   [34m鈹溾攢[39m [2m/ko/product/yet-hc007-acetate-sunglasses/index.html[22m [2m(+43ms)[22m 
[2m10:01:20[22m   [34m鈹溾攢[39m [2m/ms/product/yet-hc007-acetate-sunglasses/index.html[22m [2m(+55ms)[22m 
[2m10:01:20[22m   [34m鈹溾攢[39m [2m/pt/product/yet-hc007-acetate-sunglasses/index.html[22m [2m(+88ms)[22m 
[2m10:01:20[22m   [34m鈹溾攢[39m [2m/ru/product/yet-hc007-acetate-sunglasses/index.html[22m [2m(+72ms)[22m 
[2m10:01:20[22m   [34m鈹溾攢[39m [2m/tg/product/yet-hc007-acetate-sunglasses/index.html[22m [2m(+49ms)[22m 
[2m10:01:20[22m   [34m鈹溾攢[39m [2m/tr/product/yet-hc007-acetate-sunglasses/index.html[22m [2m(+47ms)[22m 
[2m10:01:20[22m   [34m鈹溾攢[39m [2m/vi/product/yet-hc007-acetate-sunglasses/index.html[22m [2m(+68ms)[22m 
[2m10:01:20[22m   [34m鈹溾攢[39m [2m/zh/product/yet-hc007-acetate-sunglasses/index.html[22m [2m(+57ms)[22m 
[2m10:01:20[22m   [34m鈹溾攢[39m [2m/ar/product/yet-hc010-acetate-sunglasses/index.html[22m [2m(+61ms)[22m 
[2m10:01:20[22m   [34m鈹溾攢[39m [2m/de/product/yet-hc010-acetate-sunglasses/index.html[22m [2m(+65ms)[22m 
[2m10:01:20[22m   [34m鈹溾攢[39m [2m/es/product/yet-hc010-acetate-sunglasses/index.html[22m [2m(+58ms)[22m 
[2m10:01:20[22m   [34m鈹溾攢[39m [2m/fr/product/yet-hc010-acetate-sunglasses/index.html[22m [2m(+52ms)[22m 
[2m10:01:20[22m   [34m鈹溾攢[39m [2m/hi/product/yet-hc010-acetate-sunglasses/index.html[22m [2m(+45ms)[22m 
[2m10:01:20[22m   [34m鈹溾攢[39m [2m/it/product/yet-hc010-acetate-sunglasses/index.html[22m [2m(+39ms)[22m 
[2m10:01:20[22m   [34m鈹溾攢[39m [2m/ja/product/yet-hc010-acetate-sunglasses/index.html[22m [2m(+39ms)[22m 
[2m10:01:20[22m   [34m鈹溾攢[39m [2m/jv/product/yet-hc010-acetate-sunglasses/index.html[22m [2m(+41ms)[22m 
[2m10:01:20[22m   [34m鈹溾攢[39m [2m/ms/product/yet-hc010-acetate-sunglasses/index.html[22m [2m(+44ms)[22m 
[2m10:01:20[22m   [34m鈹溾攢[39m [2m/ko/product/yet-hc010-acetate-sunglasses/index.html[22m [2m(+43ms)[22m 
[2m10:01:20[22m   [34m鈹溾攢[39m [2m/pt/product/yet-hc010-acetate-sunglasses/index.html[22m [2m(+60ms)[22m 
[2m10:01:21[22m   [34m鈹溾攢[39m [2m/ru/product/yet-hc010-acetate-sunglasses/index.html[22m [2m(+48ms)[22m 
[2m10:01:21[22m   [34m鈹溾攢[39m [2m/tg/product/yet-hc010-acetate-sunglasses/index.html[22m [2m(+42ms)[22m 
[2m10:01:21[22m   [34m鈹溾攢[39m [2m/tr/product/yet-hc010-acetate-sunglasses/index.html[22m [2m(+48ms)[22m 
[2m10:01:21[22m   [34m鈹溾攢[39m [2m/vi/product/yet-hc010-acetate-sunglasses/index.html[22m [2m(+60ms)[22m 
[2m10:01:21[22m   [34m鈹溾攢[39m [2m/zh/product/yet-hc010-acetate-sunglasses/index.html[22m [2m(+54ms)[22m 
[2m10:01:21[22m   [34m鈹溾攢[39m [2m/de/product/yet-hc011-acetate-sunglasses/index.html[22m [2m(+53ms)[22m 
[2m10:01:21[22m   [34m鈹溾攢[39m [2m/ar/product/yet-hc011-acetate-sunglasses/index.html[22m [2m(+59ms)[22m 
[2m10:01:21[22m   [34m鈹溾攢[39m [2m/fr/product/yet-hc011-acetate-sunglasses/index.html[22m [2m(+48ms)[22m 
[2m10:01:21[22m   [34m鈹溾攢[39m [2m/es/product/yet-hc011-acetate-sunglasses/index.html[22m [2m(+53ms)[22m 
[2m10:01:21[22m   [34m鈹溾攢[39m [2m/hi/product/yet-hc011-acetate-sunglasses/index.html[22m [2m(+64ms)[22m 
[2m10:01:21[22m   [34m鈹溾攢[39m [2m/it/product/yet-hc011-acetate-sunglasses/index.html[22m [2m(+74ms)[22m 
[2m10:01:21[22m   [34m鈹溾攢[39m [2m/ja/product/yet-hc011-acetate-sunglasses/index.html[22m [2m(+51ms)[22m 
[2m10:01:21[22m   [34m鈹溾攢[39m [2m/ko/product/yet-hc011-acetate-sunglasses/index.html[22m [2m(+58ms)[22m 
[2m10:01:21[22m   [34m鈹溾攢[39m [2m/ms/product/yet-hc011-acetate-sunglasses/index.html[22m [2m(+40ms)[22m 
[2m10:01:21[22m   [34m鈹溾攢[39m [2m/pt/product/yet-hc011-acetate-sunglasses/index.html[22m [2m(+45ms)[22m 
[2m10:01:21[22m   [34m鈹溾攢[39m [2m/jv/product/yet-hc011-acetate-sunglasses/index.html[22m [2m(+50ms)[22m 
[2m10:01:21[22m   [34m鈹溾攢[39m [2m/ru/product/yet-hc011-acetate-sunglasses/index.html[22m [2m(+48ms)[22m 
[2m10:01:21[22m   [34m鈹溾攢[39m [2m/tr/product/yet-hc011-acetate-sunglasses/index.html[22m [2m(+40ms)[22m 
[2m10:01:21[22m   [34m鈹溾攢[39m [2m/tg/product/yet-hc011-acetate-sunglasses/index.html[22m [2m(+43ms)[22m 
[2m10:01:22[22m   [34m鈹溾攢[39m [2m/vi/product/yet-hc011-acetate-sunglasses/index.html[22m [2m(+66ms)[22m 
[2m10:01:22[22m   [34m鈹溾攢[39m [2m/zh/product/yet-hc011-acetate-sunglasses/index.html[22m [2m(+44ms)[22m 
[2m10:01:22[22m   [34m鈹溾攢[39m [2m/ar/product/yet-hc014-wood-sunglasses/index.html[22m [2m(+45ms)[22m 
[2m10:01:22[22m   [34m鈹溾攢[39m [2m/de/product/yet-hc014-wood-sunglasses/index.html[22m [2m(+49ms)[22m 
[2m10:01:22[22m   [34m鈹溾攢[39m [2m/hi/product/yet-hc014-wood-sunglasses/index.html[22m [2m(+57ms)[22m 
[2m10:01:22[22m   [34m鈹溾攢[39m [2m/es/product/yet-hc014-wood-sunglasses/index.html[22m [2m(+49ms)[22m 
[2m10:01:22[22m   [34m鈹溾攢[39m [2m/fr/product/yet-hc014-wood-sunglasses/index.html[22m [2m(+52ms)[22m 
[2m10:01:22[22m   [34m鈹溾攢[39m [2m/it/product/yet-hc014-wood-sunglasses/index.html[22m [2m(+58ms)[22m 
[2m10:01:22[22m   [34m鈹溾攢[39m [2m/ja/product/yet-hc014-wood-sunglasses/index.html[22m [2m(+63ms)[22m 
[2m10:01:22[22m   [34m鈹溾攢[39m [2m/jv/product/yet-hc014-wood-sunglasses/index.html[22m [2m(+73ms)[22m 
[2m10:01:22[22m   [34m鈹溾攢[39m [2m/ko/product/yet-hc014-wood-sunglasses/index.html[22m [2m(+49ms)[22m 
[2m10:01:22[22m   [34m鈹溾攢[39m [2m/ms/product/yet-hc014-wood-sunglasses/index.html[22m [2m(+40ms)[22m 
[2m10:01:22[22m   [34m鈹溾攢[39m [2m/pt/product/yet-hc014-wood-sunglasses/index.html[22m [2m(+42ms)[22m 
[2m10:01:22[22m   [34m鈹溾攢[39m [2m/tr/product/yet-hc014-wood-sunglasses/index.html[22m [2m(+53ms)[22m 
[2m10:01:22[22m   [34m鈹溾攢[39m [2m/ru/product/yet-hc014-wood-sunglasses/index.html[22m [2m(+43ms)[22m 
[2m10:01:22[22m   [34m鈹溾攢[39m [2m/tg/product/yet-hc014-wood-sunglasses/index.html[22m [2m(+54ms)[22m 
[2m10:01:22[22m   [34m鈹溾攢[39m [2m/vi/product/yet-hc014-wood-sunglasses/index.html[22m [2m(+46ms)[22m 
[2m10:01:22[22m   [34m鈹溾攢[39m [2m/zh/product/yet-hc014-wood-sunglasses/index.html[22m [2m(+61ms)[22m 
[2m10:01:22[22m   [34m鈹溾攢[39m [2m/ar/product/yet-lc001-metal-sunglasses/index.html[22m [2m(+59ms)[22m 
[2m10:01:23[22m   [34m鈹溾攢[39m [2m/de/product/yet-lc001-metal-sunglasses/index.html[22m [2m(+83ms)[22m 
[2m10:01:23[22m   [34m鈹溾攢[39m [2m/es/product/yet-lc001-metal-sunglasses/index.html[22m [2m(+63ms)[22m 
[2m10:01:23[22m   [34m鈹溾攢[39m [2m/fr/product/yet-lc001-metal-sunglasses/index.html[22m [2m(+47ms)[22m 
[2m10:01:23[22m   [34m鈹溾攢[39m [2m/hi/product/yet-lc001-metal-sunglasses/index.html[22m [2m(+41ms)[22m 
[2m10:01:23[22m   [34m鈹溾攢[39m [2m/it/product/yet-lc001-metal-sunglasses/index.html[22m [2m(+46ms)[22m 
[2m10:01:23[22m   [34m鈹溾攢[39m [2m/ja/product/yet-lc001-metal-sunglasses/index.html[22m [2m(+47ms)[22m 
[2m10:01:23[22m   [34m鈹溾攢[39m [2m/jv/product/yet-lc001-metal-sunglasses/index.html[22m [2m(+66ms)[22m 
[2m10:01:23[22m   [34m鈹溾攢[39m [2m/ko/product/yet-lc001-metal-sunglasses/index.html[22m [2m(+62ms)[22m 
[2m10:01:23[22m   [34m鈹溾攢[39m [2m/ms/product/yet-lc001-metal-sunglasses/index.html[22m [2m(+50ms)[22m 
[2m10:01:23[22m   [34m鈹溾攢[39m [2m/pt/product/yet-lc001-metal-sunglasses/index.html[22m [2m(+49ms)[22m 
[2m10:01:23[22m   [34m鈹溾攢[39m [2m/ru/product/yet-lc001-metal-sunglasses/index.html[22m [2m(+47ms)[22m 
[2m10:01:23[22m   [34m鈹溾攢[39m [2m/tg/product/yet-lc001-metal-sunglasses/index.html[22m [2m(+71ms)[22m 
[2m10:01:23[22m   [34m鈹溾攢[39m [2m/tr/product/yet-lc001-metal-sunglasses/index.html[22m [2m(+72ms)[22m 
[2m10:01:23[22m   [34m鈹溾攢[39m [2m/vi/product/yet-lc001-metal-sunglasses/index.html[22m [2m(+69ms)[22m 
[2m10:01:23[22m   [34m鈹溾攢[39m [2m/zh/product/yet-lc001-metal-sunglasses/index.html[22m [2m(+69ms)[22m 
[2m10:01:23[22m   [34m鈹溾攢[39m [2m/ar/product/yet-lc003-metal-sunglasses/index.html[22m [2m(+67ms)[22m 
[2m10:01:23[22m   [34m鈹溾攢[39m [2m/de/product/yet-lc003-metal-sunglasses/index.html[22m [2m(+53ms)[22m 
[2m10:01:24[22m   [34m鈹溾攢[39m [2m/es/product/yet-lc003-metal-sunglasses/index.html[22m [2m(+73ms)[22m 
[2m10:01:24[22m   [34m鈹溾攢[39m [2m/fr/product/yet-lc003-metal-sunglasses/index.html[22m [2m(+64ms)[22m 
[2m10:01:24[22m   [34m鈹溾攢[39m [2m/hi/product/yet-lc003-metal-sunglasses/index.html[22m [2m(+86ms)[22m 
[2m10:01:24[22m   [34m鈹溾攢[39m [2m/it/product/yet-lc003-metal-sunglasses/index.html[22m [2m(+117ms)[22m 
[2m10:01:24[22m   [34m鈹溾攢[39m [2m/ja/product/yet-lc003-metal-sunglasses/index.html[22m [2m(+73ms)[22m 
[2m10:01:24[22m   [34m鈹溾攢[39m [2m/jv/product/yet-lc003-metal-sunglasses/index.html[22m [2m(+73ms)[22m 
[2m10:01:24[22m   [34m鈹溾攢[39m [2m/ko/product/yet-lc003-metal-sunglasses/index.html[22m [2m(+79ms)[22m 
[2m10:01:24[22m   [34m鈹溾攢[39m [2m/ms/product/yet-lc003-metal-sunglasses/index.html[22m [2m(+56ms)[22m 
[2m10:01:24[22m   [34m鈹溾攢[39m [2m/ru/product/yet-lc003-metal-sunglasses/index.html[22m [2m(+62ms)[22m 
[2m10:01:24[22m   [34m鈹溾攢[39m [2m/pt/product/yet-lc003-metal-sunglasses/index.html[22m [2m(+60ms)[22m 
[2m10:01:24[22m   [34m鈹溾攢[39m [2m/tg/product/yet-lc003-metal-sunglasses/index.html[22m [2m(+58ms)[22m 
[2m10:01:24[22m   [34m鈹溾攢[39m [2m/tr/product/yet-lc003-metal-sunglasses/index.html[22m [2m(+58ms)[22m 
[2m10:01:24[22m   [34m鈹溾攢[39m [2m/vi/product/yet-lc003-metal-sunglasses/index.html[22m [2m(+54ms)[22m 
[2m10:01:24[22m   [34m鈹溾攢[39m [2m/zh/product/yet-lc003-metal-sunglasses/index.html[22m [2m(+63ms)[22m 
[2m10:01:25[22m   [34m鈹溾攢[39m [2m/ar/product/yet-lc002-metal-sunglasses/index.html[22m [2m(+59ms)[22m 
[2m10:01:25[22m   [34m鈹溾攢[39m [2m/de/product/yet-lc002-metal-sunglasses/index.html[22m [2m(+43ms)[22m 
[2m10:01:25[22m   [34m鈹溾攢[39m [2m/es/product/yet-lc002-metal-sunglasses/index.html[22m [2m(+40ms)[22m 
[2m10:01:25[22m   [34m鈹溾攢[39m [2m/hi/product/yet-lc002-metal-sunglasses/index.html[22m [2m(+42ms)[22m 
[2m10:01:25[22m   [34m鈹溾攢[39m [2m/fr/product/yet-lc002-metal-sunglasses/index.html[22m [2m(+46ms)[22m 
[2m10:01:25[22m   [34m鈹溾攢[39m [2m/it/product/yet-lc002-metal-sunglasses/index.html[22m [2m(+49ms)[22m 
[2m10:01:25[22m   [34m鈹溾攢[39m [2m/ja/product/yet-lc002-metal-sunglasses/index.html[22m [2m(+72ms)[22m 
[2m10:01:25[22m   [34m鈹溾攢[39m [2m/jv/product/yet-lc002-metal-sunglasses/index.html[22m [2m(+56ms)[22m 
[2m10:01:25[22m   [34m鈹溾攢[39m [2m/ko/product/yet-lc002-metal-sunglasses/index.html[22m [2m(+68ms)[22m 
[2m10:01:25[22m   [34m鈹溾攢[39m [2m/pt/product/yet-lc002-metal-sunglasses/index.html[22m [2m(+60ms)[22m 
[2m10:01:25[22m   [34m鈹溾攢[39m [2m/ms/product/yet-lc002-metal-sunglasses/index.html[22m [2m(+55ms)[22m 
[2m10:01:25[22m   [34m鈹溾攢[39m [2m/ru/product/yet-lc002-metal-sunglasses/index.html[22m [2m(+52ms)[22m 
[2m10:01:25[22m   [34m鈹溾攢[39m [2m/tg/product/yet-lc002-metal-sunglasses/index.html[22m [2m(+48ms)[22m 
[2m10:01:25[22m   [34m鈹溾攢[39m [2m/tr/product/yet-lc002-metal-sunglasses/index.html[22m [2m(+45ms)[22m 
[2m10:01:25[22m   [34m鈹溾攢[39m [2m/vi/product/yet-lc002-metal-sunglasses/index.html[22m [2m(+37ms)[22m 
[2m10:01:25[22m   [34m鈹溾攢[39m [2m/zh/product/yet-lc002-metal-sunglasses/index.html[22m [2m(+54ms)[22m 
[2m10:01:25[22m   [34m鈹溾攢[39m [2m/ar/product/yet-lc004-metal-sunglasses/index.html[22m [2m(+58ms)[22m 
[2m10:01:25[22m   [34m鈹溾攢[39m [2m/de/product/yet-lc004-metal-sunglasses/index.html[22m [2m(+54ms)[22m 
[2m10:01:25[22m   [34m鈹溾攢[39m [2m/es/product/yet-lc004-metal-sunglasses/index.html[22m [2m(+47ms)[22m 
[2m10:01:26[22m   [34m鈹溾攢[39m [2m/fr/product/yet-lc004-metal-sunglasses/index.html[22m [2m(+40ms)[22m 
[2m10:01:26[22m   [34m鈹溾攢[39m [2m/hi/product/yet-lc004-metal-sunglasses/index.html[22m [2m(+47ms)[22m 
[2m10:01:26[22m   [34m鈹溾攢[39m [2m/it/product/yet-lc004-metal-sunglasses/index.html[22m [2m(+37ms)[22m 
[2m10:01:26[22m   [34m鈹溾攢[39m [2m/ja/product/yet-lc004-metal-sunglasses/index.html[22m [2m(+41ms)[22m 
[2m10:01:26[22m   [34m鈹溾攢[39m [2m/jv/product/yet-lc004-metal-sunglasses/index.html[22m [2m(+45ms)[22m 
[2m10:01:26[22m   [34m鈹溾攢[39m [2m/ko/product/yet-lc004-metal-sunglasses/index.html[22m [2m(+47ms)[22m 
[2m10:01:26[22m   [34m鈹溾攢[39m [2m/ms/product/yet-lc004-metal-sunglasses/index.html[22m [2m(+45ms)[22m 
[2m10:01:26[22m   [34m鈹溾攢[39m [2m/tg/product/yet-lc004-metal-sunglasses/index.html[22m [2m(+45ms)[22m 
[2m10:01:26[22m   [34m鈹溾攢[39m [2m/pt/product/yet-lc004-metal-sunglasses/index.html[22m [2m(+49ms)[22m 
[2m10:01:26[22m   [34m鈹溾攢[39m [2m/tr/product/yet-lc004-metal-sunglasses/index.html[22m [2m(+70ms)[22m 
[2m10:01:26[22m   [34m鈹溾攢[39m [2m/ru/product/yet-lc004-metal-sunglasses/index.html[22m [2m(+46ms)[22m 
[2m10:01:26[22m   [34m鈹溾攢[39m [2m/vi/product/yet-lc004-metal-sunglasses/index.html[22m [2m(+69ms)[22m 
[2m10:01:26[22m   [34m鈹溾攢[39m [2m/zh/product/yet-lc004-metal-sunglasses/index.html[22m [2m(+74ms)[22m 
[2m10:01:26[22m   [34m鈹溾攢[39m [2m/ar/product/yet-lc005-metal-sunglasses/index.html[22m [2m(+65ms)[22m 
[2m10:01:26[22m   [34m鈹溾攢[39m [2m/de/product/yet-lc005-metal-sunglasses/index.html[22m [2m(+43ms)[22m 
[2m10:01:26[22m   [34m鈹溾攢[39m [2m/fr/product/yet-lc005-metal-sunglasses/index.html[22m [2m(+48ms)[22m 
[2m10:01:26[22m   [34m鈹溾攢[39m [2m/es/product/yet-lc005-metal-sunglasses/index.html[22m [2m(+44ms)[22m 
[2m10:01:26[22m   [34m鈹溾攢[39m [2m/hi/product/yet-lc005-metal-sunglasses/index.html[22m [2m(+50ms)[22m 
[2m10:01:26[22m   [34m鈹溾攢[39m [2m/it/product/yet-lc005-metal-sunglasses/index.html[22m [2m(+39ms)[22m 
[2m10:01:26[22m   [34m鈹溾攢[39m [2m/jv/product/yet-lc005-metal-sunglasses/index.html[22m [2m(+45ms)[22m 
[2m10:01:27[22m   [34m鈹溾攢[39m [2m/ja/product/yet-lc005-metal-sunglasses/index.html[22m [2m(+71ms)[22m 
[2m10:01:27[22m   [34m鈹溾攢[39m [2m/ko/product/yet-lc005-metal-sunglasses/index.html[22m [2m(+65ms)[22m 
[2m10:01:27[22m   [34m鈹溾攢[39m [2m/ms/product/yet-lc005-metal-sunglasses/index.html[22m [2m(+64ms)[22m 
[2m10:01:27[22m   [34m鈹溾攢[39m [2m/pt/product/yet-lc005-metal-sunglasses/index.html[22m [2m(+57ms)[22m 
[2m10:01:27[22m   [34m鈹溾攢[39m [2m/tg/product/yet-lc005-metal-sunglasses/index.html[22m [2m(+56ms)[22m 
[2m10:01:27[22m   [34m鈹溾攢[39m [2m/tr/product/yet-lc005-metal-sunglasses/index.html[22m [2m(+49ms)[22m 
[2m10:01:27[22m   [34m鈹溾攢[39m [2m/ru/product/yet-lc005-metal-sunglasses/index.html[22m [2m(+69ms)[22m 
[2m10:01:27[22m   [34m鈹溾攢[39m [2m/vi/product/yet-lc005-metal-sunglasses/index.html[22m [2m(+58ms)[22m 
[2m10:01:27[22m   [34m鈹溾攢[39m [2m/zh/product/yet-lc005-metal-sunglasses/index.html[22m [2m(+52ms)[22m 
[2m10:01:27[22m   [34m鈹溾攢[39m [2m/ar/product/yet-lc006-metal-sunglasses/index.html[22m [2m(+48ms)[22m 
[2m10:01:27[22m   [34m鈹溾攢[39m [2m/de/product/yet-lc006-metal-sunglasses/index.html[22m [2m(+47ms)[22m 
[2m10:01:27[22m   [34m鈹溾攢[39m [2m/es/product/yet-lc006-metal-sunglasses/index.html[22m [2m(+57ms)[22m 
[2m10:01:27[22m   [34m鈹溾攢[39m [2m/fr/product/yet-lc006-metal-sunglasses/index.html[22m [2m(+62ms)[22m 
[2m10:01:27[22m   [34m鈹溾攢[39m [2m/hi/product/yet-lc006-metal-sunglasses/index.html[22m [2m(+55ms)[22m 
[2m10:01:27[22m   [34m鈹溾攢[39m [2m/it/product/yet-lc006-metal-sunglasses/index.html[22m [2m(+52ms)[22m 
[2m10:01:27[22m   [34m鈹溾攢[39m [2m/ja/product/yet-lc006-metal-sunglasses/index.html[22m [2m(+46ms)[22m 
[2m10:01:27[22m   [34m鈹溾攢[39m [2m/ko/product/yet-lc006-metal-sunglasses/index.html[22m [2m(+46ms)[22m 
[2m10:01:27[22m   [34m鈹溾攢[39m [2m/jv/product/yet-lc006-metal-sunglasses/index.html[22m [2m(+51ms)[22m 
[2m10:01:28[22m   [34m鈹溾攢[39m [2m/ms/product/yet-lc006-metal-sunglasses/index.html[22m [2m(+67ms)[22m 
[2m10:01:28[22m   [34m鈹溾攢[39m [2m/pt/product/yet-lc006-metal-sunglasses/index.html[22m [2m(+80ms)[22m 
[2m10:01:28[22m   [34m鈹溾攢[39m [2m/ru/product/yet-lc006-metal-sunglasses/index.html[22m [2m(+69ms)[22m 
[2m10:01:28[22m   [34m鈹溾攢[39m [2m/tg/product/yet-lc006-metal-sunglasses/index.html[22m [2m(+54ms)[22m 
[2m10:01:28[22m   [34m鈹溾攢[39m [2m/tr/product/yet-lc006-metal-sunglasses/index.html[22m [2m(+65ms)[22m 
[2m10:01:28[22m   [34m鈹溾攢[39m [2m/vi/product/yet-lc006-metal-sunglasses/index.html[22m [2m(+56ms)[22m 
[2m10:01:28[22m   [34m鈹溾攢[39m [2m/zh/product/yet-lc006-metal-sunglasses/index.html[22m [2m(+54ms)[22m 
[2m10:01:28[22m   [34m鈹溾攢[39m [2m/ar/product/yet-lc007-metal-sunglasses/index.html[22m [2m(+62ms)[22m 
[2m10:01:28[22m   [34m鈹溾攢[39m [2m/de/product/yet-lc007-metal-sunglasses/index.html[22m [2m(+50ms)[22m 
[2m10:01:28[22m   [34m鈹溾攢[39m [2m/es/product/yet-lc007-metal-sunglasses/index.html[22m [2m(+50ms)[22m 
[2m10:01:28[22m   [34m鈹溾攢[39m [2m/fr/product/yet-lc007-metal-sunglasses/index.html[22m [2m(+43ms)[22m 
[2m10:01:28[22m   [34m鈹溾攢[39m [2m/hi/product/yet-lc007-metal-sunglasses/index.html[22m [2m(+39ms)[22m 
[2m10:01:28[22m   [34m鈹溾攢[39m [2m/it/product/yet-lc007-metal-sunglasses/index.html[22m [2m(+38ms)[22m 
[2m10:01:28[22m   [34m鈹溾攢[39m [2m/ja/product/yet-lc007-metal-sunglasses/index.html[22m [2m(+42ms)[22m 
[2m10:01:28[22m   [34m鈹溾攢[39m [2m/jv/product/yet-lc007-metal-sunglasses/index.html[22m [2m(+47ms)[22m 
[2m10:01:28[22m   [34m鈹溾攢[39m [2m/ko/product/yet-lc007-metal-sunglasses/index.html[22m [2m(+40ms)[22m 
[2m10:01:28[22m   [34m鈹溾攢[39m [2m/ms/product/yet-lc007-metal-sunglasses/index.html[22m [2m(+44ms)[22m 
[2m10:01:28[22m   [34m鈹溾攢[39m [2m/pt/product/yet-lc007-metal-sunglasses/index.html[22m [2m(+58ms)[22m 
[2m10:01:28[22m   [34m鈹溾攢[39m [2m/ru/product/yet-lc007-metal-sunglasses/index.html[22m [2m(+42ms)[22m 
[2m10:01:29[22m   [34m鈹溾攢[39m [2m/tg/product/yet-lc007-metal-sunglasses/index.html[22m [2m(+45ms)[22m 
[2m10:01:29[22m   [34m鈹溾攢[39m [2m/tr/product/yet-lc007-metal-sunglasses/index.html[22m [2m(+48ms)[22m 
[2m10:01:29[22m   [34m鈹溾攢[39m [2m/vi/product/yet-lc007-metal-sunglasses/index.html[22m [2m(+39ms)[22m 
[2m10:01:29[22m   [34m鈹溾攢[39m [2m/zh/product/yet-lc007-metal-sunglasses/index.html[22m [2m(+47ms)[22m 
[2m10:01:29[22m   [34m鈹溾攢[39m [2m/ar/product/yet-lc008-metal-sunglasses/index.html[22m [2m(+59ms)[22m 
[2m10:01:29[22m   [34m鈹溾攢[39m [2m/de/product/yet-lc008-metal-sunglasses/index.html[22m [2m(+53ms)[22m 
[2m10:01:29[22m   [34m鈹溾攢[39m [2m/fr/product/yet-lc008-metal-sunglasses/index.html[22m [2m(+44ms)[22m 
[2m10:01:29[22m   [34m鈹溾攢[39m [2m/es/product/yet-lc008-metal-sunglasses/index.html[22m [2m(+53ms)[22m 
[2m10:01:29[22m   [34m鈹溾攢[39m [2m/hi/product/yet-lc008-metal-sunglasses/index.html[22m [2m(+61ms)[22m 
[2m10:01:29[22m   [34m鈹溾攢[39m [2m/it/product/yet-lc008-metal-sunglasses/index.html[22m [2m(+55ms)[22m 
[2m10:01:29[22m   [34m鈹溾攢[39m [2m/ja/product/yet-lc008-metal-sunglasses/index.html[22m [2m(+73ms)[22m 
[2m10:01:29[22m   [34m鈹溾攢[39m [2m/ko/product/yet-lc008-metal-sunglasses/index.html[22m [2m(+74ms)[22m 
[2m10:01:29[22m   [34m鈹溾攢[39m [2m/jv/product/yet-lc008-metal-sunglasses/index.html[22m [2m(+53ms)[22m 
[2m10:01:29[22m   [34m鈹溾攢[39m [2m/ms/product/yet-lc008-metal-sunglasses/index.html[22m [2m(+57ms)[22m 
[2m10:01:29[22m   [34m鈹溾攢[39m [2m/pt/product/yet-lc008-metal-sunglasses/index.html[22m [2m(+58ms)[22m 
[2m10:01:29[22m   [34m鈹溾攢[39m [2m/ru/product/yet-lc008-metal-sunglasses/index.html[22m [2m(+54ms)[22m 
[2m10:01:29[22m   [34m鈹溾攢[39m [2m/tg/product/yet-lc008-metal-sunglasses/index.html[22m [2m(+55ms)[22m 
[2m10:01:29[22m   [34m鈹溾攢[39m [2m/tr/product/yet-lc008-metal-sunglasses/index.html[22m [2m(+50ms)[22m 
[2m10:01:29[22m   [34m鈹溾攢[39m [2m/vi/product/yet-lc008-metal-sunglasses/index.html[22m [2m(+54ms)[22m 
[2m10:01:30[22m   [34m鈹溾攢[39m [2m/zh/product/yet-lc008-metal-sunglasses/index.html[22m [2m(+84ms)[22m 
[2m10:01:30[22m   [34m鈹溾攢[39m [2m/ar/product/yet-lc009-metal-sunglasses/index.html[22m [2m(+79ms)[22m 
[2m10:01:30[22m   [34m鈹溾攢[39m [2m/de/product/yet-lc009-metal-sunglasses/index.html[22m [2m(+72ms)[22m 
[2m10:01:30[22m   [34m鈹溾攢[39m [2m/fr/product/yet-lc009-metal-sunglasses/index.html[22m [2m(+56ms)[22m 
[2m10:01:30[22m   [34m鈹溾攢[39m [2m/es/product/yet-lc009-metal-sunglasses/index.html[22m [2m(+62ms)[22m 
[2m10:01:30[22m   [34m鈹溾攢[39m [2m/it/product/yet-lc009-metal-sunglasses/index.html[22m [2m(+62ms)[22m 
[2m10:01:30[22m   [34m鈹溾攢[39m [2m/hi/product/yet-lc009-metal-sunglasses/index.html[22m [2m(+68ms)[22m 
[2m10:01:30[22m   [34m鈹溾攢[39m [2m/ja/product/yet-lc009-metal-sunglasses/index.html[22m [2m(+97ms)[22m 
[2m10:01:30[22m   [34m鈹溾攢[39m [2m/jv/product/yet-lc009-metal-sunglasses/index.html[22m [2m(+70ms)[22m 
[2m10:01:30[22m   [34m鈹溾攢[39m [2m/ko/product/yet-lc009-metal-sunglasses/index.html[22m [2m(+69ms)[22m 
[2m10:01:30[22m   [34m鈹溾攢[39m [2m/ms/product/yet-lc009-metal-sunglasses/index.html[22m [2m(+71ms)[22m 
[2m10:01:30[22m   [34m鈹溾攢[39m [2m/pt/product/yet-lc009-metal-sunglasses/index.html[22m [2m(+49ms)[22m 
[2m10:01:30[22m   [34m鈹溾攢[39m [2m/ru/product/yet-lc009-metal-sunglasses/index.html[22m [2m(+41ms)[22m 
[2m10:01:30[22m   [34m鈹溾攢[39m [2m/tg/product/yet-lc009-metal-sunglasses/index.html[22m [2m(+52ms)[22m 
[2m10:01:30[22m   [34m鈹溾攢[39m [2m/tr/product/yet-lc009-metal-sunglasses/index.html[22m [2m(+45ms)[22m 
[2m10:01:31[22m   [34m鈹溾攢[39m [2m/vi/product/yet-lc009-metal-sunglasses/index.html[22m [2m(+40ms)[22m 
[2m10:01:31[22m   [34m鈹溾攢[39m [2m/zh/product/yet-lc009-metal-sunglasses/index.html[22m [2m(+67ms)[22m 
[2m10:01:31[22m   [34m鈹溾攢[39m [2m/ar/product/yet-lc010-metal-sunglasses/index.html[22m [2m(+42ms)[22m 
[2m10:01:31[22m   [34m鈹溾攢[39m [2m/de/product/yet-lc010-metal-sunglasses/index.html[22m [2m(+44ms)[22m 
[2m10:01:31[22m   [34m鈹溾攢[39m [2m/fr/product/yet-lc010-metal-sunglasses/index.html[22m [2m(+57ms)[22m 
[2m10:01:31[22m   [34m鈹溾攢[39m [2m/es/product/yet-lc010-metal-sunglasses/index.html[22m [2m(+53ms)[22m 
[2m10:01:31[22m   [34m鈹溾攢[39m [2m/hi/product/yet-lc010-metal-sunglasses/index.html[22m [2m(+57ms)[22m 
[2m10:01:31[22m   [34m鈹溾攢[39m [2m/it/product/yet-lc010-metal-sunglasses/index.html[22m [2m(+57ms)[22m 
[2m10:01:31[22m   [34m鈹溾攢[39m [2m/jv/product/yet-lc010-metal-sunglasses/index.html[22m [2m(+50ms)[22m 
[2m10:01:31[22m   [34m鈹溾攢[39m [2m/ja/product/yet-lc010-metal-sunglasses/index.html[22m [2m(+40ms)[22m 
[2m10:01:31[22m   [34m鈹溾攢[39m [2m/ko/product/yet-lc010-metal-sunglasses/index.html[22m [2m(+48ms)[22m 
[2m10:01:31[22m   [34m鈹溾攢[39m [2m/ms/product/yet-lc010-metal-sunglasses/index.html[22m [2m(+49ms)[22m 
[2m10:01:31[22m   [34m鈹溾攢[39m [2m/pt/product/yet-lc010-metal-sunglasses/index.html[22m [2m(+55ms)[22m 
[2m10:01:31[22m   [34m鈹溾攢[39m [2m/tg/product/yet-lc010-metal-sunglasses/index.html[22m [2m(+71ms)[22m 
[2m10:01:31[22m   [34m鈹溾攢[39m [2m/ru/product/yet-lc010-metal-sunglasses/index.html[22m [2m(+50ms)[22m 
[2m10:01:31[22m   [34m鈹溾攢[39m [2m/tr/product/yet-lc010-metal-sunglasses/index.html[22m [2m(+56ms)[22m 
[2m10:01:31[22m   [34m鈹溾攢[39m [2m/vi/product/yet-lc010-metal-sunglasses/index.html[22m [2m(+51ms)[22m 
[2m10:01:31[22m   [34m鈹溾攢[39m [2m/zh/product/yet-lc010-metal-sunglasses/index.html[22m [2m(+48ms)[22m 
[2m10:01:31[22m   [34m鈹溾攢[39m [2m/ar/product/yet-lc011-metal-sunglasses/index.html[22m [2m(+49ms)[22m 
[2m10:01:32[22m   [34m鈹溾攢[39m [2m/de/product/yet-lc011-metal-sunglasses/index.html[22m [2m(+46ms)[22m 
[2m10:01:32[22m   [34m鈹溾攢[39m [2m/es/product/yet-lc011-metal-sunglasses/index.html[22m [2m(+73ms)[22m 
[2m10:01:32[22m   [34m鈹溾攢[39m [2m/fr/product/yet-lc011-metal-sunglasses/index.html[22m [2m(+55ms)[22m 
[2m10:01:32[22m   [34m鈹溾攢[39m [2m/hi/product/yet-lc011-metal-sunglasses/index.html[22m [2m(+99ms)[22m 
[2m10:01:32[22m   [34m鈹溾攢[39m [2m/it/product/yet-lc011-metal-sunglasses/index.html[22m [2m(+94ms)[22m 
[2m10:01:32[22m   [34m鈹溾攢[39m [2m/ja/product/yet-lc011-metal-sunglasses/index.html[22m [2m(+92ms)[22m 
[2m10:01:32[22m   [34m鈹溾攢[39m [2m/jv/product/yet-lc011-metal-sunglasses/index.html[22m [2m(+86ms)[22m 
[2m10:01:32[22m   [34m鈹溾攢[39m [2m/ko/product/yet-lc011-metal-sunglasses/index.html[22m [2m(+81ms)[22m 
[2m10:01:32[22m   [34m鈹溾攢[39m [2m/pt/product/yet-lc011-metal-sunglasses/index.html[22m [2m(+56ms)[22m 
[2m10:01:32[22m   [34m鈹溾攢[39m [2m/ms/product/yet-lc011-metal-sunglasses/index.html[22m [2m(+56ms)[22m 
[2m10:01:32[22m   [34m鈹溾攢[39m [2m/ru/product/yet-lc011-metal-sunglasses/index.html[22m [2m(+56ms)[22m 
[2m10:01:32[22m   [34m鈹溾攢[39m [2m/tg/product/yet-lc011-metal-sunglasses/index.html[22m [2m(+48ms)[22m 
[2m10:01:32[22m   [34m鈹溾攢[39m [2m/tr/product/yet-lc011-metal-sunglasses/index.html[22m [2m(+66ms)[22m 
[2m10:01:32[22m   [34m鈹溾攢[39m [2m/vi/product/yet-lc011-metal-sunglasses/index.html[22m [2m(+68ms)[22m 
[2m10:01:32[22m   [34m鈹溾攢[39m [2m/zh/product/yet-lc011-metal-sunglasses/index.html[22m [2m(+52ms)[22m 
[2m10:01:33[22m   [34m鈹溾攢[39m [2m/ar/product/yet-lc012-metal-sunglasses/index.html[22m [2m(+52ms)[22m 
[2m10:01:33[22m   [34m鈹溾攢[39m [2m/de/product/yet-lc012-metal-sunglasses/index.html[22m [2m(+44ms)[22m 
[2m10:01:33[22m   [34m鈹溾攢[39m [2m/es/product/yet-lc012-metal-sunglasses/index.html[22m [2m(+47ms)[22m 
[2m10:01:33[22m   [34m鈹溾攢[39m [2m/fr/product/yet-lc012-metal-sunglasses/index.html[22m [2m(+48ms)[22m 
[2m10:01:33[22m   [34m鈹溾攢[39m [2m/hi/product/yet-lc012-metal-sunglasses/index.html[22m [2m(+40ms)[22m 
[2m10:01:33[22m   [34m鈹溾攢[39m [2m/it/product/yet-lc012-metal-sunglasses/index.html[22m [2m(+58ms)[22m 
[2m10:01:33[22m   [34m鈹溾攢[39m [2m/ja/product/yet-lc012-metal-sunglasses/index.html[22m [2m(+52ms)[22m 
[2m10:01:33[22m   [34m鈹溾攢[39m [2m/jv/product/yet-lc012-metal-sunglasses/index.html[22m [2m(+61ms)[22m 
[2m10:01:33[22m   [34m鈹溾攢[39m [2m/ms/product/yet-lc012-metal-sunglasses/index.html[22m [2m(+57ms)[22m 
[2m10:01:33[22m   [34m鈹溾攢[39m [2m/ko/product/yet-lc012-metal-sunglasses/index.html[22m [2m(+58ms)[22m 
[2m10:01:33[22m   [34m鈹溾攢[39m [2m/pt/product/yet-lc012-metal-sunglasses/index.html[22m [2m(+86ms)[22m 
[2m10:01:33[22m   [34m鈹溾攢[39m [2m/ru/product/yet-lc012-metal-sunglasses/index.html[22m [2m(+75ms)[22m 
[2m10:01:33[22m   [34m鈹溾攢[39m [2m/tg/product/yet-lc012-metal-sunglasses/index.html[22m [2m(+78ms)[22m 
[2m10:01:33[22m   [34m鈹溾攢[39m [2m/tr/product/yet-lc012-metal-sunglasses/index.html[22m [2m(+67ms)[22m 
[2m10:01:33[22m   [34m鈹溾攢[39m [2m/zh/product/yet-lc012-metal-sunglasses/index.html[22m [2m(+89ms)[22m 
[2m10:01:33[22m   [34m鈹溾攢[39m [2m/vi/product/yet-lc012-metal-sunglasses/index.html[22m [2m(+85ms)[22m 
[2m10:01:34[22m   [34m鈹溾攢[39m [2m/ar/product/yet-lc013-metal-sunglasses/index.html[22m [2m(+73ms)[22m 
[2m10:01:34[22m   [34m鈹溾攢[39m [2m/de/product/yet-lc013-metal-sunglasses/index.html[22m [2m(+71ms)[22m 
[2m10:01:34[22m   [34m鈹溾攢[39m [2m/es/product/yet-lc013-metal-sunglasses/index.html[22m [2m(+52ms)[22m 
[2m10:01:34[22m   [34m鈹溾攢[39m [2m/fr/product/yet-lc013-metal-sunglasses/index.html[22m [2m(+44ms)[22m 
[2m10:01:34[22m   [34m鈹溾攢[39m [2m/it/product/yet-lc013-metal-sunglasses/index.html[22m [2m(+57ms)[22m 
[2m10:01:34[22m   [34m鈹溾攢[39m [2m/hi/product/yet-lc013-metal-sunglasses/index.html[22m [2m(+85ms)[22m 
[2m10:01:34[22m   [34m鈹溾攢[39m [2m/ja/product/yet-lc013-metal-sunglasses/index.html[22m [2m(+84ms)[22m 
[2m10:01:34[22m   [34m鈹溾攢[39m [2m/jv/product/yet-lc013-metal-sunglasses/index.html[22m [2m(+65ms)[22m 
[2m10:01:34[22m   [34m鈹溾攢[39m [2m/ko/product/yet-lc013-metal-sunglasses/index.html[22m [2m(+68ms)[22m 
[2m10:01:34[22m   [34m鈹溾攢[39m [2m/ms/product/yet-lc013-metal-sunglasses/index.html[22m [2m(+63ms)[22m 
[2m10:01:34[22m   [34m鈹溾攢[39m [2m/pt/product/yet-lc013-metal-sunglasses/index.html[22m [2m(+56ms)[22m 
[2m10:01:34[22m   [34m鈹溾攢[39m [2m/ru/product/yet-lc013-metal-sunglasses/index.html[22m [2m(+58ms)[22m 
[2m10:01:34[22m   [34m鈹溾攢[39m [2m/tg/product/yet-lc013-metal-sunglasses/index.html[22m [2m(+57ms)[22m 
[2m10:01:34[22m   [34m鈹溾攢[39m [2m/tr/product/yet-lc013-metal-sunglasses/index.html[22m [2m(+53ms)[22m 
[2m10:01:34[22m   [34m鈹溾攢[39m [2m/vi/product/yet-lc013-metal-sunglasses/index.html[22m [2m(+47ms)[22m 
[2m10:01:34[22m   [34m鈹溾攢[39m [2m/zh/product/yet-lc013-metal-sunglasses/index.html[22m [2m(+42ms)[22m 
[2m10:01:35[22m   [34m鈹溾攢[39m [2m/ar/product/yet-lc014-metal-sunglasses/index.html[22m [2m(+39ms)[22m 
[2m10:01:35[22m   [34m鈹溾攢[39m [2m/de/product/yet-lc014-metal-sunglasses/index.html[22m [2m(+47ms)[22m 
[2m10:01:35[22m   [34m鈹溾攢[39m [2m/es/product/yet-lc014-metal-sunglasses/index.html[22m [2m(+41ms)[22m 
[2m10:01:35[22m   [34m鈹溾攢[39m [2m/fr/product/yet-lc014-metal-sunglasses/index.html[22m [2m(+46ms)[22m 
[2m10:01:35[22m   [34m鈹溾攢[39m [2m/hi/product/yet-lc014-metal-sunglasses/index.html[22m [2m(+43ms)[22m 
[2m10:01:35[22m   [34m鈹溾攢[39m [2m/it/product/yet-lc014-metal-sunglasses/index.html[22m [2m(+39ms)[22m 
[2m10:01:35[22m   [34m鈹溾攢[39m [2m/ja/product/yet-lc014-metal-sunglasses/index.html[22m [2m(+49ms)[22m 
[2m10:01:35[22m   [34m鈹溾攢[39m [2m/jv/product/yet-lc014-metal-sunglasses/index.html[22m [2m(+53ms)[22m 
[2m10:01:35[22m   [34m鈹溾攢[39m [2m/ko/product/yet-lc014-metal-sunglasses/index.html[22m [2m(+55ms)[22m 
[2m10:01:35[22m   [34m鈹溾攢[39m [2m/ms/product/yet-lc014-metal-sunglasses/index.html[22m [2m(+52ms)[22m 
[2m10:01:35[22m   [34m鈹溾攢[39m [2m/pt/product/yet-lc014-metal-sunglasses/index.html[22m [2m(+51ms)[22m 
[2m10:01:35[22m   [34m鈹溾攢[39m [2m/ru/product/yet-lc014-metal-sunglasses/index.html[22m [2m(+43ms)[22m 
[2m10:01:35[22m   [34m鈹溾攢[39m [2m/tg/product/yet-lc014-metal-sunglasses/index.html[22m [2m(+61ms)[22m 
[2m10:01:35[22m   [34m鈹溾攢[39m [2m/tr/product/yet-lc014-metal-sunglasses/index.html[22m [2m(+88ms)[22m 
[2m10:01:35[22m   [34m鈹溾攢[39m [2m/vi/product/yet-lc014-metal-sunglasses/index.html[22m [2m(+73ms)[22m 
[2m10:01:35[22m   [34m鈹溾攢[39m [2m/zh/product/yet-lc014-metal-sunglasses/index.html[22m [2m(+51ms)[22m 
[2m10:01:35[22m   [34m鈹溾攢[39m [2m/de/product/yet-lc015-metal-sunglasses/index.html[22m [2m(+63ms)[22m 
[2m10:01:35[22m   [34m鈹溾攢[39m [2m/ar/product/yet-lc015-metal-sunglasses/index.html[22m [2m(+51ms)[22m 
[2m10:01:35[22m   [34m鈹溾攢[39m [2m/es/product/yet-lc015-metal-sunglasses/index.html[22m [2m(+45ms)[22m 
[2m10:01:35[22m   [34m鈹溾攢[39m [2m/fr/product/yet-lc015-metal-sunglasses/index.html[22m [2m(+42ms)[22m 
[2m10:01:36[22m   [34m鈹溾攢[39m [2m/hi/product/yet-lc015-metal-sunglasses/index.html[22m [2m(+45ms)[22m 
[2m10:01:36[22m   [34m鈹溾攢[39m [2m/ja/product/yet-lc015-metal-sunglasses/index.html[22m [2m(+45ms)[22m 
[2m10:01:36[22m   [34m鈹溾攢[39m [2m/it/product/yet-lc015-metal-sunglasses/index.html[22m [2m(+54ms)[22m 
[2m10:01:36[22m   [34m鈹溾攢[39m [2m/jv/product/yet-lc015-metal-sunglasses/index.html[22m [2m(+121ms)[22m 
[2m10:01:36[22m   [34m鈹溾攢[39m [2m/ko/product/yet-lc015-metal-sunglasses/index.html[22m [2m(+69ms)[22m 
[2m10:01:36[22m   [34m鈹溾攢[39m [2m/ms/product/yet-lc015-metal-sunglasses/index.html[22m [2m(+74ms)[22m 
[2m10:01:36[22m   [34m鈹溾攢[39m [2m/pt/product/yet-lc015-metal-sunglasses/index.html[22m [2m(+67ms)[22m 
[2m10:01:36[22m   [34m鈹溾攢[39m [2m/ru/product/yet-lc015-metal-sunglasses/index.html[22m [2m(+39ms)[22m 
[2m10:01:36[22m   [34m鈹溾攢[39m [2m/tg/product/yet-lc015-metal-sunglasses/index.html[22m [2m(+58ms)[22m 
[2m10:01:36[22m   [34m鈹溾攢[39m [2m/tr/product/yet-lc015-metal-sunglasses/index.html[22m [2m(+39ms)[22m 
[2m10:01:36[22m   [34m鈹溾攢[39m [2m/vi/product/yet-lc015-metal-sunglasses/index.html[22m [2m(+39ms)[22m 
[2m10:01:36[22m   [34m鈹溾攢[39m [2m/zh/product/yet-lc015-metal-sunglasses/index.html[22m [2m(+37ms)[22m 
[2m10:01:36[22m   [34m鈹溾攢[39m [2m/ar/product/yet-lc016-metal-sunglasses/index.html[22m [2m(+38ms)[22m 
[2m10:01:36[22m   [34m鈹溾攢[39m [2m/de/product/yet-lc016-metal-sunglasses/index.html[22m [2m(+58ms)[22m 
[2m10:01:36[22m   [34m鈹溾攢[39m [2m/es/product/yet-lc016-metal-sunglasses/index.html[22m [2m(+71ms)[22m 
[2m10:01:36[22m   [34m鈹溾攢[39m [2m/fr/product/yet-lc016-metal-sunglasses/index.html[22m [2m(+55ms)[22m 
[2m10:01:36[22m   [34m鈹溾攢[39m [2m/it/product/yet-lc016-metal-sunglasses/index.html[22m [2m(+53ms)[22m 
[2m10:01:37[22m   [34m鈹溾攢[39m [2m/hi/product/yet-lc016-metal-sunglasses/index.html[22m [2m(+69ms)[22m 
[2m10:01:37[22m   [34m鈹溾攢[39m [2m/ja/product/yet-lc016-metal-sunglasses/index.html[22m [2m(+77ms)[22m 
[2m10:01:37[22m   [34m鈹溾攢[39m [2m/jv/product/yet-lc016-metal-sunglasses/index.html[22m [2m(+92ms)[22m 
[2m10:01:37[22m   [34m鈹溾攢[39m [2m/ko/product/yet-lc016-metal-sunglasses/index.html[22m [2m(+68ms)[22m 
[2m10:01:37[22m   [34m鈹溾攢[39m [2m/ms/product/yet-lc016-metal-sunglasses/index.html[22m [2m(+64ms)[22m 
[2m10:01:37[22m   [34m鈹溾攢[39m [2m/pt/product/yet-lc016-metal-sunglasses/index.html[22m [2m(+67ms)[22m 
[2m10:01:37[22m   [34m鈹溾攢[39m [2m/ru/product/yet-lc016-metal-sunglasses/index.html[22m [2m(+89ms)[22m 
[2m10:01:37[22m   [34m鈹溾攢[39m [2m/tr/product/yet-lc016-metal-sunglasses/index.html[22m [2m(+80ms)[22m 
[2m10:01:37[22m   [34m鈹溾攢[39m [2m/tg/product/yet-lc016-metal-sunglasses/index.html[22m [2m(+59ms)[22m 
[2m10:01:37[22m   [34m鈹溾攢[39m [2m/vi/product/yet-lc016-metal-sunglasses/index.html[22m [2m(+50ms)[22m 
[2m10:01:37[22m   [34m鈹溾攢[39m [2m/zh/product/yet-lc016-metal-sunglasses/index.html[22m [2m(+42ms)[22m 
[2m10:01:37[22m   [34m鈹溾攢[39m [2m/ar/product/yet-lc018-metal-sunglasses/index.html[22m [2m(+58ms)[22m 
[2m10:01:37[22m   [34m鈹溾攢[39m [2m/de/product/yet-lc018-metal-sunglasses/index.html[22m [2m(+52ms)[22m 
[2m10:01:37[22m   [34m鈹溾攢[39m [2m/es/product/yet-lc018-metal-sunglasses/index.html[22m [2m(+48ms)[22m 
[2m10:01:37[22m   [34m鈹溾攢[39m [2m/fr/product/yet-lc018-metal-sunglasses/index.html[22m [2m(+40ms)[22m 
[2m10:01:37[22m   [34m鈹溾攢[39m [2m/hi/product/yet-lc018-metal-sunglasses/index.html[22m [2m(+36ms)[22m 
[2m10:01:37[22m   [34m鈹溾攢[39m [2m/it/product/yet-lc018-metal-sunglasses/index.html[22m [2m(+54ms)[22m 
[2m10:01:38[22m   [34m鈹溾攢[39m [2m/jv/product/yet-lc018-metal-sunglasses/index.html[22m [2m(+101ms)[22m 
[2m10:01:38[22m   [34m鈹溾攢[39m [2m/ja/product/yet-lc018-metal-sunglasses/index.html[22m [2m(+54ms)[22m 
[2m10:01:38[22m   [34m鈹溾攢[39m [2m/ko/product/yet-lc018-metal-sunglasses/index.html[22m [2m(+45ms)[22m 
[2m10:01:38[22m   [34m鈹溾攢[39m [2m/ms/product/yet-lc018-metal-sunglasses/index.html[22m [2m(+69ms)[22m 
[2m10:01:38[22m   [34m鈹溾攢[39m [2m/pt/product/yet-lc018-metal-sunglasses/index.html[22m [2m(+72ms)[22m 
[2m10:01:38[22m   [34m鈹溾攢[39m [2m/ru/product/yet-lc018-metal-sunglasses/index.html[22m [2m(+65ms)[22m 
[2m10:01:38[22m   [34m鈹溾攢[39m [2m/tg/product/yet-lc018-metal-sunglasses/index.html[22m [2m(+61ms)[22m 
[2m10:01:38[22m   [34m鈹溾攢[39m [2m/tr/product/yet-lc018-metal-sunglasses/index.html[22m [2m(+57ms)[22m 
[2m10:01:38[22m   [34m鈹溾攢[39m [2m/vi/product/yet-lc018-metal-sunglasses/index.html[22m [2m(+65ms)[22m 
[2m10:01:38[22m   [34m鈹溾攢[39m [2m/zh/product/yet-lc018-metal-sunglasses/index.html[22m [2m(+42ms)[22m 
[2m10:01:38[22m   [34m鈹溾攢[39m [2m/ar/product/yet-lc019-metal-sunglasses/index.html[22m [2m(+42ms)[22m 
[2m10:01:38[22m   [34m鈹溾攢[39m [2m/de/product/yet-lc019-metal-sunglasses/index.html[22m [2m(+38ms)[22m 
[2m10:01:38[22m   [34m鈹溾攢[39m [2m/fr/product/yet-lc019-metal-sunglasses/index.html[22m [2m(+41ms)[22m 
[2m10:01:38[22m   [34m鈹溾攢[39m [2m/es/product/yet-lc019-metal-sunglasses/index.html[22m [2m(+48ms)[22m 
[2m10:01:38[22m   [34m鈹溾攢[39m [2m/hi/product/yet-lc019-metal-sunglasses/index.html[22m [2m(+48ms)[22m 
[2m10:01:38[22m   [34m鈹溾攢[39m [2m/it/product/yet-lc019-metal-sunglasses/index.html[22m [2m(+49ms)[22m 
[2m10:01:38[22m   [34m鈹溾攢[39m [2m/ja/product/yet-lc019-metal-sunglasses/index.html[22m [2m(+42ms)[22m 
[2m10:01:38[22m   [34m鈹溾攢[39m [2m/jv/product/yet-lc019-metal-sunglasses/index.html[22m [2m(+36ms)[22m 
[2m10:01:39[22m   [34m鈹溾攢[39m [2m/ko/product/yet-lc019-metal-sunglasses/index.html[22m [2m(+41ms)[22m 
[2m10:01:39[22m   [34m鈹溾攢[39m [2m/ms/product/yet-lc019-metal-sunglasses/index.html[22m [2m(+40ms)[22m 
[2m10:01:39[22m   [34m鈹溾攢[39m [2m/pt/product/yet-lc019-metal-sunglasses/index.html[22m [2m(+35ms)[22m 
[2m10:01:39[22m   [34m鈹溾攢[39m [2m/ru/product/yet-lc019-metal-sunglasses/index.html[22m [2m(+37ms)[22m 
[2m10:01:39[22m   [34m鈹溾攢[39m [2m/tg/product/yet-lc019-metal-sunglasses/index.html[22m [2m(+38ms)[22m 
[2m10:01:39[22m   [34m鈹溾攢[39m [2m/tr/product/yet-lc019-metal-sunglasses/index.html[22m [2m(+38ms)[22m 
[2m10:01:39[22m   [34m鈹溾攢[39m [2m/vi/product/yet-lc019-metal-sunglasses/index.html[22m [2m(+40ms)[22m 
[2m10:01:39[22m   [34m鈹溾攢[39m [2m/zh/product/yet-lc019-metal-sunglasses/index.html[22m [2m(+41ms)[22m 
[2m10:01:39[22m   [34m鈹溾攢[39m [2m/ar/product/yet-lc020-metal-sunglasses/index.html[22m [2m(+52ms)[22m 
[2m10:01:39[22m   [34m鈹溾攢[39m [2m/de/product/yet-lc020-metal-sunglasses/index.html[22m [2m(+57ms)[22m 
[2m10:01:39[22m   [34m鈹溾攢[39m [2m/es/product/yet-lc020-metal-sunglasses/index.html[22m [2m(+54ms)[22m 
[2m10:01:39[22m   [34m鈹溾攢[39m [2m/fr/product/yet-lc020-metal-sunglasses/index.html[22m [2m(+43ms)[22m 
[2m10:01:39[22m   [34m鈹溾攢[39m [2m/hi/product/yet-lc020-metal-sunglasses/index.html[22m [2m(+46ms)[22m 
[2m10:01:39[22m   [34m鈹溾攢[39m [2m/it/product/yet-lc020-metal-sunglasses/index.html[22m [2m(+74ms)[22m 
[2m10:01:39[22m   [34m鈹溾攢[39m [2m/ja/product/yet-lc020-metal-sunglasses/index.html[22m [2m(+41ms)[22m 
[2m10:01:39[22m   [34m鈹溾攢[39m [2m/jv/product/yet-lc020-metal-sunglasses/index.html[22m [2m(+44ms)[22m 
[2m10:01:39[22m   [34m鈹溾攢[39m [2m/ko/product/yet-lc020-metal-sunglasses/index.html[22m [2m(+56ms)[22m 
[2m10:01:39[22m   [34m鈹溾攢[39m [2m/ms/product/yet-lc020-metal-sunglasses/index.html[22m [2m(+47ms)[22m 
[2m10:01:39[22m   [34m鈹溾攢[39m [2m/pt/product/yet-lc020-metal-sunglasses/index.html[22m [2m(+37ms)[22m 
[2m10:01:39[22m   [34m鈹溾攢[39m [2m/ru/product/yet-lc020-metal-sunglasses/index.html[22m [2m(+41ms)[22m 
[2m10:01:39[22m   [34m鈹溾攢[39m [2m/tg/product/yet-lc020-metal-sunglasses/index.html[22m [2m(+42ms)[22m 
[2m10:01:39[22m   [34m鈹溾攢[39m [2m/tr/product/yet-lc020-metal-sunglasses/index.html[22m [2m(+39ms)[22m 
[2m10:01:40[22m   [34m鈹溾攢[39m [2m/vi/product/yet-lc020-metal-sunglasses/index.html[22m [2m(+36ms)[22m 
[2m10:01:40[22m   [34m鈹溾攢[39m [2m/zh/product/yet-lc020-metal-sunglasses/index.html[22m [2m(+43ms)[22m 
[2m10:01:40[22m   [34m鈹溾攢[39m [2m/ar/product/yet-lc017-metal-sunglasses/index.html[22m [2m(+37ms)[22m 
[2m10:01:40[22m   [34m鈹溾攢[39m [2m/de/product/yet-lc017-metal-sunglasses/index.html[22m [2m(+41ms)[22m 
[2m10:01:40[22m   [34m鈹溾攢[39m [2m/es/product/yet-lc017-metal-sunglasses/index.html[22m [2m(+37ms)[22m 
[2m10:01:40[22m   [34m鈹溾攢[39m [2m/fr/product/yet-lc017-metal-sunglasses/index.html[22m [2m(+43ms)[22m 
[2m10:01:40[22m   [34m鈹溾攢[39m [2m/hi/product/yet-lc017-metal-sunglasses/index.html[22m [2m(+51ms)[22m 
[2m10:01:40[22m   [34m鈹溾攢[39m [2m/it/product/yet-lc017-metal-sunglasses/index.html[22m [2m(+51ms)[22m 
[2m10:01:40[22m   [34m鈹溾攢[39m [2m/ja/product/yet-lc017-metal-sunglasses/index.html[22m [2m(+54ms)[22m 
[2m10:01:40[22m   [34m鈹溾攢[39m [2m/jv/product/yet-lc017-metal-sunglasses/index.html[22m [2m(+63ms)[22m 
[2m10:01:40[22m   [34m鈹溾攢[39m [2m/ms/product/yet-lc017-metal-sunglasses/index.html[22m [2m(+49ms)[22m 
[2m10:01:40[22m   [34m鈹溾攢[39m [2m/ko/product/yet-lc017-metal-sunglasses/index.html[22m [2m(+49ms)[22m 
[2m10:01:40[22m   [34m鈹溾攢[39m [2m/ru/product/yet-lc017-metal-sunglasses/index.html[22m [2m(+49ms)[22m 
[2m10:01:40[22m   [34m鈹溾攢[39m [2m/pt/product/yet-lc017-metal-sunglasses/index.html[22m [2m(+63ms)[22m 
[2m10:01:40[22m   [34m鈹溾攢[39m [2m/tg/product/yet-lc017-metal-sunglasses/index.html[22m [2m(+52ms)[22m 
[2m10:01:40[22m   [34m鈹溾攢[39m [2m/tr/product/yet-lc017-metal-sunglasses/index.html[22m [2m(+59ms)[22m 
[2m10:01:40[22m   [34m鈹溾攢[39m [2m/vi/product/yet-lc017-metal-sunglasses/index.html[22m [2m(+83ms)[22m 
[2m10:01:40[22m   [34m鈹溾攢[39m [2m/zh/product/yet-lc017-metal-sunglasses/index.html[22m [2m(+75ms)[22m 
[2m10:01:40[22m   [34m鈹溾攢[39m [2m/ar/product/yet-lc021-metal-sunglasses/index.html[22m [2m(+61ms)[22m 
[2m10:01:41[22m   [34m鈹溾攢[39m [2m/fr/product/yet-lc021-metal-sunglasses/index.html[22m [2m(+68ms)[22m 
[2m10:01:41[22m   [34m鈹溾攢[39m [2m/de/product/yet-lc021-metal-sunglasses/index.html[22m [2m(+53ms)[22m 
[2m10:01:41[22m   [34m鈹溾攢[39m [2m/es/product/yet-lc021-metal-sunglasses/index.html[22m [2m(+52ms)[22m 
[2m10:01:41[22m   [34m鈹溾攢[39m [2m/hi/product/yet-lc021-metal-sunglasses/index.html[22m [2m(+55ms)[22m 
[2m10:01:41[22m   [34m鈹溾攢[39m [2m/it/product/yet-lc021-metal-sunglasses/index.html[22m [2m(+66ms)[22m 
[2m10:01:41[22m   [34m鈹溾攢[39m [2m/ja/product/yet-lc021-metal-sunglasses/index.html[22m [2m(+63ms)[22m 
[2m10:01:41[22m   [34m鈹溾攢[39m [2m/jv/product/yet-lc021-metal-sunglasses/index.html[22m [2m(+71ms)[22m 
[2m10:01:41[22m   [34m鈹溾攢[39m [2m/ko/product/yet-lc021-metal-sunglasses/index.html[22m [2m(+71ms)[22m 
[2m10:01:41[22m   [34m鈹溾攢[39m [2m/pt/product/yet-lc021-metal-sunglasses/index.html[22m [2m(+42ms)[22m 
[2m10:01:41[22m   [34m鈹溾攢[39m [2m/ms/product/yet-lc021-metal-sunglasses/index.html[22m [2m(+48ms)[22m 
[2m10:01:41[22m   [34m鈹溾攢[39m [2m/ru/product/yet-lc021-metal-sunglasses/index.html[22m [2m(+43ms)[22m 
[2m10:01:41[22m   [34m鈹溾攢[39m [2m/tg/product/yet-lc021-metal-sunglasses/index.html[22m [2m(+43ms)[22m 
[2m10:01:41[22m   [34m鈹溾攢[39m [2m/tr/product/yet-lc021-metal-sunglasses/index.html[22m [2m(+45ms)[22m 
[2m10:01:41[22m   [34m鈹溾攢[39m [2m/vi/product/yet-lc021-metal-sunglasses/index.html[22m [2m(+40ms)[22m 
[2m10:01:41[22m   [34m鈹溾攢[39m [2m/zh/product/yet-lc021-metal-sunglasses/index.html[22m [2m(+45ms)[22m 
[2m10:01:41[22m   [34m鈹溾攢[39m [2m/ar/product/yet-lc022-metal-sunglasses/index.html[22m [2m(+41ms)[22m 
[2m10:01:41[22m   [34m鈹溾攢[39m [2m/de/product/yet-lc022-metal-sunglasses/index.html[22m [2m(+41ms)[22m 
[2m10:01:41[22m   [34m鈹溾攢[39m [2m/fr/product/yet-lc022-metal-sunglasses/index.html[22m [2m(+40ms)[22m 
[2m10:01:41[22m   [34m鈹溾攢[39m [2m/es/product/yet-lc022-metal-sunglasses/index.html[22m [2m(+40ms)[22m 
[2m10:01:41[22m   [34m鈹溾攢[39m [2m/it/product/yet-lc022-metal-sunglasses/index.html[22m [2m(+52ms)[22m 
[2m10:01:42[22m   [34m鈹溾攢[39m [2m/hi/product/yet-lc022-metal-sunglasses/index.html[22m [2m(+62ms)[22m 
[2m10:01:42[22m   [34m鈹溾攢[39m [2m/ja/product/yet-lc022-metal-sunglasses/index.html[22m [2m(+51ms)[22m 
[2m10:01:42[22m   [34m鈹溾攢[39m [2m/jv/product/yet-lc022-metal-sunglasses/index.html[22m [2m(+46ms)[22m 
[2m10:01:42[22m   [34m鈹溾攢[39m [2m/ms/product/yet-lc022-metal-sunglasses/index.html[22m [2m(+44ms)[22m 
[2m10:01:42[22m   [34m鈹溾攢[39m [2m/ko/product/yet-lc022-metal-sunglasses/index.html[22m [2m(+56ms)[22m 
[2m10:01:42[22m   [34m鈹溾攢[39m [2m/pt/product/yet-lc022-metal-sunglasses/index.html[22m [2m(+65ms)[22m 
[2m10:01:42[22m   [34m鈹溾攢[39m [2m/ru/product/yet-lc022-metal-sunglasses/index.html[22m [2m(+68ms)[22m 
[2m10:01:42[22m   [34m鈹溾攢[39m [2m/tg/product/yet-lc022-metal-sunglasses/index.html[22m [2m(+65ms)[22m 
[2m10:01:42[22m   [34m鈹溾攢[39m [2m/vi/product/yet-lc022-metal-sunglasses/index.html[22m [2m(+49ms)[22m 
[2m10:01:42[22m   [34m鈹溾攢[39m [2m/tr/product/yet-lc022-metal-sunglasses/index.html[22m [2m(+52ms)[22m 
[2m10:01:42[22m   [34m鈹溾攢[39m [2m/zh/product/yet-lc022-metal-sunglasses/index.html[22m [2m(+56ms)[22m 
[2m10:01:42[22m   [34m鈹溾攢[39m [2m/ar/product/yet-lc023-metal-sunglasses/index.html[22m [2m(+152ms)[22m 
[2m10:01:42[22m   [34m鈹溾攢[39m [2m/de/product/yet-lc023-metal-sunglasses/index.html[22m [2m(+48ms)[22m 
[2m10:01:42[22m   [34m鈹溾攢[39m [2m/es/product/yet-lc023-metal-sunglasses/index.html[22m [2m(+43ms)[22m 
[2m10:01:42[22m   [34m鈹溾攢[39m [2m/fr/product/yet-lc023-metal-sunglasses/index.html[22m [2m(+47ms)[22m 
[2m10:01:42[22m   [34m鈹溾攢[39m [2m/hi/product/yet-lc023-metal-sunglasses/index.html[22m [2m(+40ms)[22m 
[2m10:01:42[22m   [34m鈹溾攢[39m [2m/it/product/yet-lc023-metal-sunglasses/index.html[22m [2m(+41ms)[22m 
[2m10:01:43[22m   [34m鈹溾攢[39m [2m/jv/product/yet-lc023-metal-sunglasses/index.html[22m [2m(+45ms)[22m 
[2m10:01:43[22m   [34m鈹溾攢[39m [2m/ja/product/yet-lc023-metal-sunglasses/index.html[22m [2m(+47ms)[22m 
[2m10:01:43[22m   [34m鈹溾攢[39m [2m/ko/product/yet-lc023-metal-sunglasses/index.html[22m [2m(+38ms)[22m 
[2m10:01:43[22m   [34m鈹溾攢[39m [2m/pt/product/yet-lc023-metal-sunglasses/index.html[22m [2m(+41ms)[22m 
[2m10:01:43[22m   [34m鈹溾攢[39m [2m/ms/product/yet-lc023-metal-sunglasses/index.html[22m [2m(+40ms)[22m 
[2m10:01:43[22m   [34m鈹溾攢[39m [2m/ru/product/yet-lc023-metal-sunglasses/index.html[22m [2m(+53ms)[22m 
[2m10:01:43[22m   [34m鈹溾攢[39m [2m/tg/product/yet-lc023-metal-sunglasses/index.html[22m [2m(+52ms)[22m 
[2m10:01:43[22m   [34m鈹溾攢[39m [2m/vi/product/yet-lc023-metal-sunglasses/index.html[22m [2m(+52ms)[22m 
[2m10:01:43[22m   [34m鈹溾攢[39m [2m/zh/product/yet-lc023-metal-sunglasses/index.html[22m [2m(+57ms)[22m 
[2m10:01:43[22m   [34m鈹溾攢[39m [2m/tr/product/yet-lc023-metal-sunglasses/index.html[22m [2m(+60ms)[22m 
[2m10:01:43[22m   [34m鈹溾攢[39m [2m/de/product/yet301-acetate-sunglasses/index.html[22m [2m(+61ms)[22m 
[2m10:01:43[22m   [34m鈹溾攢[39m [2m/ar/product/yet301-acetate-sunglasses/index.html[22m [2m(+60ms)[22m 
[2m10:01:43[22m   [34m鈹溾攢[39m [2m/es/product/yet301-acetate-sunglasses/index.html[22m [2m(+60ms)[22m 
[2m10:01:43[22m   [34m鈹溾攢[39m [2m/fr/product/yet301-acetate-sunglasses/index.html[22m [2m(+46ms)[22m 
[2m10:01:43[22m   [34m鈹溾攢[39m [2m/hi/product/yet301-acetate-sunglasses/index.html[22m [2m(+57ms)[22m 
[2m10:01:43[22m   [34m鈹溾攢[39m [2m/it/product/yet301-acetate-sunglasses/index.html[22m [2m(+60ms)[22m 
[2m10:01:43[22m   [34m鈹溾攢[39m [2m/ja/product/yet301-acetate-sunglasses/index.html[22m [2m(+79ms)[22m 
[2m10:01:43[22m   [34m鈹溾攢[39m [2m/jv/product/yet301-acetate-sunglasses/index.html[22m [2m(+65ms)[22m 
[2m10:01:43[22m   [34m鈹溾攢[39m [2m/ko/product/yet301-acetate-sunglasses/index.html[22m [2m(+59ms)[22m 
[2m10:01:44[22m   [34m鈹溾攢[39m [2m/pt/product/yet301-acetate-sunglasses/index.html[22m [2m(+67ms)[22m 
[2m10:01:44[22m   [34m鈹溾攢[39m [2m/ms/product/yet301-acetate-sunglasses/index.html[22m [2m(+43ms)[22m 
[2m10:01:44[22m   [34m鈹溾攢[39m [2m/ru/product/yet301-acetate-sunglasses/index.html[22m [2m(+65ms)[22m 
[2m10:01:44[22m   [34m鈹溾攢[39m [2m/tg/product/yet301-acetate-sunglasses/index.html[22m [2m(+78ms)[22m 
[2m10:01:44[22m   [34m鈹溾攢[39m [2m/tr/product/yet301-acetate-sunglasses/index.html[22m [2m(+58ms)[22m 
[2m10:01:44[22m   [34m鈹溾攢[39m [2m/vi/product/yet301-acetate-sunglasses/index.html[22m [2m(+54ms)[22m 
[2m10:01:44[22m   [34m鈹溾攢[39m [2m/zh/product/yet301-acetate-sunglasses/index.html[22m [2m(+59ms)[22m 
[2m10:01:44[22m   [34m鈹溾攢[39m [2m/es/product/yet302-acetate-sunglasses/index.html[22m [2m(+56ms)[22m 
[2m10:01:44[22m   [34m鈹溾攢[39m [2m/de/product/yet302-acetate-sunglasses/index.html[22m [2m(+52ms)[22m 
[2m10:01:44[22m   [34m鈹溾攢[39m [2m/ar/product/yet302-acetate-sunglasses/index.html[22m [2m(+46ms)[22m 
[2m10:01:44[22m   [34m鈹溾攢[39m [2m/hi/product/yet302-acetate-sunglasses/index.html[22m [2m(+42ms)[22m 
[2m10:01:44[22m   [34m鈹溾攢[39m [2m/fr/product/yet302-acetate-sunglasses/index.html[22m [2m(+61ms)[22m 
[2m10:01:44[22m   [34m鈹溾攢[39m [2m/it/product/yet302-acetate-sunglasses/index.html[22m [2m(+66ms)[22m 
[2m10:01:44[22m   [34m鈹溾攢[39m [2m/ja/product/yet302-acetate-sunglasses/index.html[22m [2m(+95ms)[22m 
[2m10:01:44[22m   [34m鈹溾攢[39m [2m/jv/product/yet302-acetate-sunglasses/index.html[22m [2m(+61ms)[22m 
[2m10:01:44[22m   [34m鈹溾攢[39m [2m/ko/product/yet302-acetate-sunglasses/index.html[22m [2m(+63ms)[22m 
[2m10:01:45[22m   [34m鈹溾攢[39m [2m/ms/product/yet302-acetate-sunglasses/index.html[22m [2m(+55ms)[22m 
[2m10:01:45[22m   [34m鈹溾攢[39m [2m/pt/product/yet302-acetate-sunglasses/index.html[22m [2m(+67ms)[22m 
[2m10:01:45[22m   [34m鈹溾攢[39m [2m/ru/product/yet302-acetate-sunglasses/index.html[22m [2m(+50ms)[22m 
[2m10:01:45[22m   [34m鈹溾攢[39m [2m/tg/product/yet302-acetate-sunglasses/index.html[22m [2m(+58ms)[22m 
[2m10:01:45[22m   [34m鈹溾攢[39m [2m/tr/product/yet302-acetate-sunglasses/index.html[22m [2m(+55ms)[22m 
[2m10:01:45[22m   [34m鈹溾攢[39m [2m/vi/product/yet302-acetate-sunglasses/index.html[22m [2m(+59ms)[22m 
[2m10:01:45[22m   [34m鈹溾攢[39m [2m/zh/product/yet302-acetate-sunglasses/index.html[22m [2m(+66ms)[22m 
[2m10:01:45[22m   [34m鈹溾攢[39m [2m/ar/product/yet305-acetate-sunglasses/index.html[22m [2m(+74ms)[22m 
[2m10:01:45[22m   [34m鈹溾攢[39m [2m/de/product/yet305-acetate-sunglasses/index.html[22m [2m(+70ms)[22m 
[2m10:01:45[22m   [34m鈹溾攢[39m [2m/es/product/yet305-acetate-sunglasses/index.html[22m [2m(+87ms)[22m 
[2m10:01:45[22m   [34m鈹溾攢[39m [2m/fr/product/yet305-acetate-sunglasses/index.html[22m [2m(+94ms)[22m 
[2m10:01:45[22m   [34m鈹溾攢[39m [2m/it/product/yet305-acetate-sunglasses/index.html[22m [2m(+79ms)[22m 
[2m10:01:45[22m   [34m鈹溾攢[39m [2m/hi/product/yet305-acetate-sunglasses/index.html[22m [2m(+83ms)[22m 
[2m10:01:45[22m   [34m鈹溾攢[39m [2m/ja/product/yet305-acetate-sunglasses/index.html[22m [2m(+74ms)[22m 
[2m10:01:45[22m   [34m鈹溾攢[39m [2m/jv/product/yet305-acetate-sunglasses/index.html[22m [2m(+58ms)[22m 
[2m10:01:46[22m   [34m鈹溾攢[39m [2m/ko/product/yet305-acetate-sunglasses/index.html[22m [2m(+76ms)[22m 
[2m10:01:46[22m   [34m鈹溾攢[39m [2m/ms/product/yet305-acetate-sunglasses/index.html[22m [2m(+62ms)[22m 
[2m10:01:46[22m   [34m鈹溾攢[39m [2m/pt/product/yet305-acetate-sunglasses/index.html[22m [2m(+104ms)[22m 
[2m10:01:46[22m   [34m鈹溾攢[39m [2m/ru/product/yet305-acetate-sunglasses/index.html[22m [2m(+124ms)[22m 
[2m10:01:46[22m   [34m鈹溾攢[39m [2m/tg/product/yet305-acetate-sunglasses/index.html[22m [2m(+81ms)[22m 
[2m10:01:46[22m   [34m鈹溾攢[39m [2m/vi/product/yet305-acetate-sunglasses/index.html[22m [2m(+94ms)[22m 
[2m10:01:46[22m   [34m鈹溾攢[39m [2m/tr/product/yet305-acetate-sunglasses/index.html[22m [2m(+92ms)[22m 
[2m10:01:46[22m   [34m鈹溾攢[39m [2m/zh/product/yet305-acetate-sunglasses/index.html[22m [2m(+94ms)[22m 
[2m10:01:46[22m   [34m鈹溾攢[39m [2m/ar/product/yet306-acetate-sunglasses/index.html[22m [2m(+67ms)[22m 
[2m10:01:46[22m   [34m鈹溾攢[39m [2m/de/product/yet306-acetate-sunglasses/index.html[22m [2m(+80ms)[22m 
[2m10:01:46[22m   [34m鈹溾攢[39m [2m/es/product/yet306-acetate-sunglasses/index.html[22m [2m(+93ms)[22m 
[2m10:01:47[22m   [34m鈹溾攢[39m [2m/fr/product/yet306-acetate-sunglasses/index.html[22m [2m(+77ms)[22m 
[2m10:01:47[22m   [34m鈹溾攢[39m [2m/hi/product/yet306-acetate-sunglasses/index.html[22m [2m(+73ms)[22m 
[2m10:01:47[22m   [34m鈹溾攢[39m [2m/it/product/yet306-acetate-sunglasses/index.html[22m [2m(+54ms)[22m 
[2m10:01:47[22m   [34m鈹溾攢[39m [2m/ja/product/yet306-acetate-sunglasses/index.html[22m [2m(+68ms)[22m 
[2m10:01:47[22m   [34m鈹溾攢[39m [2m/jv/product/yet306-acetate-sunglasses/index.html[22m [2m(+64ms)[22m 
[2m10:01:47[22m   [34m鈹溾攢[39m [2m/ko/product/yet306-acetate-sunglasses/index.html[22m [2m(+73ms)[22m 
[2m10:01:47[22m   [34m鈹溾攢[39m [2m/ms/product/yet306-acetate-sunglasses/index.html[22m [2m(+66ms)[22m 
[2m10:01:47[22m   [34m鈹溾攢[39m [2m/pt/product/yet306-acetate-sunglasses/index.html[22m [2m(+71ms)[22m 
[2m10:01:47[22m   [34m鈹溾攢[39m [2m/ru/product/yet306-acetate-sunglasses/index.html[22m [2m(+76ms)[22m 
[2m10:01:47[22m   [34m鈹溾攢[39m [2m/tg/product/yet306-acetate-sunglasses/index.html[22m [2m(+69ms)[22m 
[2m10:01:47[22m   [34m鈹溾攢[39m [2m/tr/product/yet306-acetate-sunglasses/index.html[22m [2m(+93ms)[22m 
[2m10:01:47[22m   [34m鈹溾攢[39m [2m/vi/product/yet306-acetate-sunglasses/index.html[22m [2m(+84ms)[22m 
[2m10:01:47[22m   [34m鈹溾攢[39m [2m/zh/product/yet306-acetate-sunglasses/index.html[22m [2m(+137ms)[22m 
[2m10:01:48[22m   [34m鈹溾攢[39m [2m/ar/product/yet304-acetate-sunglasses/index.html[22m [2m(+127ms)[22m 
[2m10:01:48[22m   [34m鈹溾攢[39m [2m/de/product/yet304-acetate-sunglasses/index.html[22m [2m(+117ms)[22m 
[2m10:01:48[22m   [34m鈹溾攢[39m [2m/es/product/yet304-acetate-sunglasses/index.html[22m [2m(+75ms)[22m 
[2m10:01:48[22m   [34m鈹溾攢[39m [2m/fr/product/yet304-acetate-sunglasses/index.html[22m [2m(+76ms)[22m 
[2m10:01:48[22m   [34m鈹溾攢[39m [2m/hi/product/yet304-acetate-sunglasses/index.html[22m [2m(+76ms)[22m 
[2m10:01:48[22m   [34m鈹溾攢[39m [2m/it/product/yet304-acetate-sunglasses/index.html[22m [2m(+90ms)[22m 
[2m10:01:48[22m   [34m鈹溾攢[39m [2m/ja/product/yet304-acetate-sunglasses/index.html[22m [2m(+87ms)[22m 
[2m10:01:48[22m   [34m鈹溾攢[39m [2m/jv/product/yet304-acetate-sunglasses/index.html[22m [2m(+78ms)[22m 
[2m10:01:48[22m   [34m鈹溾攢[39m [2m/ko/product/yet304-acetate-sunglasses/index.html[22m [2m(+77ms)[22m 
[2m10:01:48[22m   [34m鈹溾攢[39m [2m/ms/product/yet304-acetate-sunglasses/index.html[22m [2m(+101ms)[22m 
[2m10:01:48[22m   [34m鈹溾攢[39m [2m/pt/product/yet304-acetate-sunglasses/index.html[22m [2m(+100ms)[22m 
[2m10:01:49[22m   [34m鈹溾攢[39m [2m/tg/product/yet304-acetate-sunglasses/index.html[22m [2m(+95ms)[22m 
[2m10:01:49[22m   [34m鈹溾攢[39m [2m/ru/product/yet304-acetate-sunglasses/index.html[22m [2m(+95ms)[22m 
[2m10:01:49[22m   [34m鈹溾攢[39m [2m/tr/product/yet304-acetate-sunglasses/index.html[22m [2m(+117ms)[22m 
[2m10:01:49[22m   [34m鈹溾攢[39m [2m/vi/product/yet304-acetate-sunglasses/index.html[22m [2m(+115ms)[22m 
[2m10:01:49[22m   [34m鈹溾攢[39m [2m/zh/product/yet304-acetate-sunglasses/index.html[22m [2m(+119ms)[22m 
[2m10:01:49[22m   [34m鈹溾攢[39m [2m/ar/product/yet307-acetate-sunglasses/index.html[22m [2m(+117ms)[22m 
[2m10:01:49[22m   [34m鈹溾攢[39m [2m/de/product/yet307-acetate-sunglasses/index.html[22m [2m(+90ms)[22m 
[2m10:01:49[22m   [34m鈹溾攢[39m [2m/es/product/yet307-acetate-sunglasses/index.html[22m [2m(+165ms)[22m 
[2m10:01:49[22m   [34m鈹溾攢[39m [2m/hi/product/yet307-acetate-sunglasses/index.html[22m [2m(+127ms)[22m 
[2m10:01:50[22m   [34m鈹溾攢[39m [2m/fr/product/yet307-acetate-sunglasses/index.html[22m [2m(+124ms)[22m 
[2m10:01:50[22m   [34m鈹溾攢[39m [2m/it/product/yet307-acetate-sunglasses/index.html[22m [2m(+80ms)[22m 
[2m10:01:50[22m   [34m鈹溾攢[39m [2m/ja/product/yet307-acetate-sunglasses/index.html[22m [2m(+67ms)[22m 
[2m10:01:50[22m   [34m鈹溾攢[39m [2m/jv/product/yet307-acetate-sunglasses/index.html[22m [2m(+85ms)[22m 
[2m10:01:50[22m   [34m鈹溾攢[39m [2m/ms/product/yet307-acetate-sunglasses/index.html[22m [2m(+61ms)[22m 
[2m10:01:50[22m   [34m鈹溾攢[39m [2m/ko/product/yet307-acetate-sunglasses/index.html[22m [2m(+77ms)[22m 
[2m10:01:50[22m   [34m鈹溾攢[39m [2m/pt/product/yet307-acetate-sunglasses/index.html[22m [2m(+74ms)[22m 
[2m10:01:50[22m   [34m鈹溾攢[39m [2m/ru/product/yet307-acetate-sunglasses/index.html[22m [2m(+68ms)[22m 
[2m10:01:50[22m   [34m鈹溾攢[39m [2m/tr/product/yet307-acetate-sunglasses/index.html[22m [2m(+88ms)[22m 
[2m10:01:50[22m   [34m鈹溾攢[39m [2m/tg/product/yet307-acetate-sunglasses/index.html[22m [2m(+94ms)[22m 
[2m10:01:50[22m   [34m鈹溾攢[39m [2m/vi/product/yet307-acetate-sunglasses/index.html[22m [2m(+85ms)[22m 
[2m10:01:50[22m   [34m鈹溾攢[39m [2m/zh/product/yet307-acetate-sunglasses/index.html[22m [2m(+65ms)[22m 
[2m10:01:51[22m   [34m鈹溾攢[39m [2m/ar/product/yet308-acetate-sunglasses/index.html[22m [2m(+97ms)[22m 
[2m10:01:51[22m   [34m鈹溾攢[39m [2m/de/product/yet308-acetate-sunglasses/index.html[22m [2m(+82ms)[22m 
[2m10:01:51[22m   [34m鈹溾攢[39m [2m/es/product/yet308-acetate-sunglasses/index.html[22m [2m(+117ms)[22m 
[2m10:01:51[22m   [34m鈹溾攢[39m [2m/fr/product/yet308-acetate-sunglasses/index.html[22m [2m(+114ms)[22m 
[2m10:01:51[22m   [34m鈹溾攢[39m [2m/hi/product/yet308-acetate-sunglasses/index.html[22m [2m(+107ms)[22m 
[2m10:01:51[22m   [34m鈹溾攢[39m [2m/it/product/yet308-acetate-sunglasses/index.html[22m [2m(+135ms)[22m 
[2m10:01:51[22m   [34m鈹溾攢[39m [2m/ja/product/yet308-acetate-sunglasses/index.html[22m [2m(+71ms)[22m 
[2m10:01:51[22m   [34m鈹溾攢[39m [2m/jv/product/yet308-acetate-sunglasses/index.html[22m [2m(+65ms)[22m 
[2m10:01:51[22m   [34m鈹溾攢[39m [2m/ko/product/yet308-acetate-sunglasses/index.html[22m [2m(+77ms)[22m 
[2m10:01:51[22m   [34m鈹溾攢[39m [2m/ru/product/yet308-acetate-sunglasses/index.html[22m [2m(+63ms)[22m 
[2m10:01:51[22m   [34m鈹溾攢[39m [2m/pt/product/yet308-acetate-sunglasses/index.html[22m [2m(+72ms)[22m 
[2m10:01:52[22m   [34m鈹溾攢[39m [2m/ms/product/yet308-acetate-sunglasses/index.html[22m [2m(+85ms)[22m 
[2m10:01:52[22m   [34m鈹溾攢[39m [2m/tg/product/yet308-acetate-sunglasses/index.html[22m [2m(+79ms)[22m 
[2m10:01:52[22m   [34m鈹溾攢[39m [2m/tr/product/yet308-acetate-sunglasses/index.html[22m [2m(+92ms)[22m 
[2m10:01:52[22m   [34m鈹溾攢[39m [2m/vi/product/yet308-acetate-sunglasses/index.html[22m [2m(+75ms)[22m 
[2m10:01:52[22m   [34m鈹溾攢[39m [2m/zh/product/yet308-acetate-sunglasses/index.html[22m [2m(+73ms)[22m 
[2m10:01:52[22m   [34m鈹溾攢[39m [2m/ar/product/yet309-acetate-sunglasses/index.html[22m [2m(+78ms)[22m 
[2m10:01:52[22m   [34m鈹溾攢[39m [2m/de/product/yet309-acetate-sunglasses/index.html[22m [2m(+61ms)[22m 
[2m10:01:52[22m   [34m鈹溾攢[39m [2m/fr/product/yet309-acetate-sunglasses/index.html[22m [2m(+67ms)[22m 
[2m10:01:52[22m   [34m鈹溾攢[39m [2m/es/product/yet309-acetate-sunglasses/index.html[22m [2m(+59ms)[22m 
[2m10:01:52[22m   [34m鈹溾攢[39m [2m/hi/product/yet309-acetate-sunglasses/index.html[22m [2m(+70ms)[22m 
[2m10:01:52[22m   [34m鈹溾攢[39m [2m/it/product/yet309-acetate-sunglasses/index.html[22m [2m(+62ms)[22m 
[2m10:01:52[22m   [34m鈹溾攢[39m [2m/ja/product/yet309-acetate-sunglasses/index.html[22m [2m(+45ms)[22m 
[2m10:01:52[22m   [34m鈹溾攢[39m [2m/ko/product/yet309-acetate-sunglasses/index.html[22m [2m(+63ms)[22m 
[2m10:01:52[22m   [34m鈹溾攢[39m [2m/jv/product/yet309-acetate-sunglasses/index.html[22m [2m(+80ms)[22m 
[2m10:01:53[22m   [34m鈹溾攢[39m [2m/ms/product/yet309-acetate-sunglasses/index.html[22m [2m(+111ms)[22m 
[2m10:01:53[22m   [34m鈹溾攢[39m [2m/pt/product/yet309-acetate-sunglasses/index.html[22m [2m(+70ms)[22m 
[2m10:01:53[22m   [34m鈹溾攢[39m [2m/ru/product/yet309-acetate-sunglasses/index.html[22m [2m(+55ms)[22m 
[2m10:01:53[22m   [34m鈹溾攢[39m [2m/tr/product/yet309-acetate-sunglasses/index.html[22m [2m(+61ms)[22m 
[2m10:01:53[22m   [34m鈹溾攢[39m [2m/tg/product/yet309-acetate-sunglasses/index.html[22m [2m(+133ms)[22m 
[2m10:01:53[22m   [34m鈹溾攢[39m [2m/vi/product/yet309-acetate-sunglasses/index.html[22m [2m(+66ms)[22m 
[2m10:01:53[22m   [34m鈹溾攢[39m [2m/zh/product/yet309-acetate-sunglasses/index.html[22m [2m(+67ms)[22m 
[2m10:01:53[22m   [34m鈹溾攢[39m [2m/ar/product/yet310-acetate-sunglasses/index.html[22m [2m(+62ms)[22m 
[2m10:01:53[22m   [34m鈹溾攢[39m [2m/de/product/yet310-acetate-sunglasses/index.html[22m [2m(+68ms)[22m 
[2m10:01:53[22m   [34m鈹溾攢[39m [2m/es/product/yet310-acetate-sunglasses/index.html[22m [2m(+62ms)[22m 
[2m10:01:53[22m   [34m鈹溾攢[39m [2m/fr/product/yet310-acetate-sunglasses/index.html[22m [2m(+54ms)[22m 
[2m10:01:53[22m   [34m鈹溾攢[39m [2m/hi/product/yet310-acetate-sunglasses/index.html[22m [2m(+51ms)[22m 
[2m10:01:53[22m   [34m鈹溾攢[39m [2m/it/product/yet310-acetate-sunglasses/index.html[22m [2m(+61ms)[22m 
[2m10:01:53[22m   [34m鈹溾攢[39m [2m/ja/product/yet310-acetate-sunglasses/index.html[22m [2m(+58ms)[22m 
[2m10:01:54[22m   [34m鈹溾攢[39m [2m/jv/product/yet310-acetate-sunglasses/index.html[22m [2m(+51ms)[22m 
[2m10:01:54[22m   [34m鈹溾攢[39m [2m/ko/product/yet310-acetate-sunglasses/index.html[22m [2m(+60ms)[22m 
[2m10:01:54[22m   [34m鈹溾攢[39m [2m/ms/product/yet310-acetate-sunglasses/index.html[22m [2m(+58ms)[22m 
[2m10:01:54[22m   [34m鈹溾攢[39m [2m/pt/product/yet310-acetate-sunglasses/index.html[22m [2m(+91ms)[22m 
[2m10:01:54[22m   [34m鈹溾攢[39m [2m/ru/product/yet310-acetate-sunglasses/index.html[22m [2m(+109ms)[22m 
[2m10:01:54[22m   [34m鈹溾攢[39m [2m/tg/product/yet310-acetate-sunglasses/index.html[22m [2m(+83ms)[22m 
[2m10:01:54[22m   [34m鈹溾攢[39m [2m/tr/product/yet310-acetate-sunglasses/index.html[22m [2m(+70ms)[22m 
[2m10:01:54[22m   [34m鈹溾攢[39m [2m/zh/product/yet310-acetate-sunglasses/index.html[22m [2m(+95ms)[22m 
[2m10:01:54[22m   [34m鈹溾攢[39m [2m/vi/product/yet310-acetate-sunglasses/index.html[22m [2m(+61ms)[22m 
[2m10:01:54[22m   [34m鈹溾攢[39m [2m/ar/product/yet311-acetate-sunglasses/index.html[22m [2m(+60ms)[22m 
[2m10:01:54[22m   [34m鈹溾攢[39m [2m/de/product/yet311-acetate-sunglasses/index.html[22m [2m(+60ms)[22m 
[2m10:01:54[22m   [34m鈹溾攢[39m [2m/es/product/yet311-acetate-sunglasses/index.html[22m [2m(+60ms)[22m 
[2m10:01:54[22m   [34m鈹溾攢[39m [2m/fr/product/yet311-acetate-sunglasses/index.html[22m [2m(+100ms)[22m 
[2m10:01:54[22m   [34m鈹溾攢[39m [2m/hi/product/yet311-acetate-sunglasses/index.html[22m [2m(+83ms)[22m 
[2m10:01:55[22m   [34m鈹溾攢[39m [2m/it/product/yet311-acetate-sunglasses/index.html[22m [2m(+80ms)[22m 
[2m10:01:55[22m   [34m鈹溾攢[39m [2m/ja/product/yet311-acetate-sunglasses/index.html[22m [2m(+63ms)[22m 
[2m10:01:55[22m   [34m鈹溾攢[39m [2m/jv/product/yet311-acetate-sunglasses/index.html[22m [2m(+58ms)[22m 
[2m10:01:55[22m   [34m鈹溾攢[39m [2m/ko/product/yet311-acetate-sunglasses/index.html[22m [2m(+55ms)[22m 
[2m10:01:55[22m   [34m鈹溾攢[39m [2m/ms/product/yet311-acetate-sunglasses/index.html[22m [2m(+64ms)[22m 
[2m10:01:55[22m   [34m鈹溾攢[39m [2m/pt/product/yet311-acetate-sunglasses/index.html[22m [2m(+69ms)[22m 
[2m10:01:55[22m   [34m鈹溾攢[39m [2m/ru/product/yet311-acetate-sunglasses/index.html[22m [2m(+66ms)[22m 
[2m10:01:55[22m   [34m鈹溾攢[39m [2m/tg/product/yet311-acetate-sunglasses/index.html[22m [2m(+64ms)[22m 
[2m10:01:55[22m   [34m鈹溾攢[39m [2m/tr/product/yet311-acetate-sunglasses/index.html[22m [2m(+59ms)[22m 
[2m10:01:55[22m   [34m鈹溾攢[39m [2m/zh/product/yet311-acetate-sunglasses/index.html[22m [2m(+59ms)[22m 
[2m10:01:55[22m   [34m鈹溾攢[39m [2m/vi/product/yet311-acetate-sunglasses/index.html[22m [2m(+43ms)[22m 
[2m10:01:55[22m   [34m鈹溾攢[39m [2m/de/product/yet312-acetate-sunglasses/index.html[22m [2m(+52ms)[22m 
[2m10:01:55[22m   [34m鈹溾攢[39m [2m/ar/product/yet312-acetate-sunglasses/index.html[22m [2m(+71ms)[22m 
[2m10:01:55[22m   [34m鈹溾攢[39m [2m/es/product/yet312-acetate-sunglasses/index.html[22m [2m(+45ms)[22m 
[2m10:01:55[22m   [34m鈹溾攢[39m [2m/fr/product/yet312-acetate-sunglasses/index.html[22m [2m(+45ms)[22m 
[2m10:01:55[22m   [34m鈹溾攢[39m [2m/hi/product/yet312-acetate-sunglasses/index.html[22m [2m(+44ms)[22m 
[2m10:01:55[22m   [34m鈹溾攢[39m [2m/it/product/yet312-acetate-sunglasses/index.html[22m [2m(+48ms)[22m 
[2m10:01:56[22m   [34m鈹溾攢[39m [2m/ja/product/yet312-acetate-sunglasses/index.html[22m [2m(+57ms)[22m 
[2m10:01:56[22m   [34m鈹溾攢[39m [2m/jv/product/yet312-acetate-sunglasses/index.html[22m [2m(+47ms)[22m 
[2m10:01:56[22m   [34m鈹溾攢[39m [2m/ko/product/yet312-acetate-sunglasses/index.html[22m [2m(+44ms)[22m 
[2m10:01:56[22m   [34m鈹溾攢[39m [2m/ms/product/yet312-acetate-sunglasses/index.html[22m [2m(+43ms)[22m 
[2m10:01:56[22m   [34m鈹溾攢[39m [2m/pt/product/yet312-acetate-sunglasses/index.html[22m [2m(+56ms)[22m 
[2m10:01:56[22m   [34m鈹溾攢[39m [2m/ru/product/yet312-acetate-sunglasses/index.html[22m [2m(+57ms)[22m 
[2m10:01:56[22m   [34m鈹溾攢[39m [2m/tg/product/yet312-acetate-sunglasses/index.html[22m [2m(+63ms)[22m 
[2m10:01:56[22m   [34m鈹溾攢[39m [2m/tr/product/yet312-acetate-sunglasses/index.html[22m [2m(+58ms)[22m 
[2m10:01:56[22m   [34m鈹溾攢[39m [2m/vi/product/yet312-acetate-sunglasses/index.html[22m [2m(+60ms)[22m 
[2m10:01:56[22m   [34m鈹溾攢[39m [2m/zh/product/yet312-acetate-sunglasses/index.html[22m [2m(+53ms)[22m 
[2m10:01:56[22m   [34m鈹溾攢[39m [2m/ar/product/yet314-acetate-sunglasses/index.html[22m [2m(+61ms)[22m 
[2m10:01:56[22m   [34m鈹溾攢[39m [2m/de/product/yet314-acetate-sunglasses/index.html[22m [2m(+46ms)[22m 
[2m10:01:56[22m   [34m鈹溾攢[39m [2m/es/product/yet314-acetate-sunglasses/index.html[22m [2m(+43ms)[22m 
[2m10:01:56[22m   [34m鈹溾攢[39m [2m/fr/product/yet314-acetate-sunglasses/index.html[22m [2m(+49ms)[22m 
[2m10:01:56[22m   [34m鈹溾攢[39m [2m/hi/product/yet314-acetate-sunglasses/index.html[22m [2m(+46ms)[22m 
[2m10:01:56[22m   [34m鈹溾攢[39m [2m/it/product/yet314-acetate-sunglasses/index.html[22m [2m(+46ms)[22m 
[2m10:01:56[22m   [34m鈹溾攢[39m [2m/ja/product/yet314-acetate-sunglasses/index.html[22m [2m(+41ms)[22m 
[2m10:01:56[22m   [34m鈹溾攢[39m [2m/jv/product/yet314-acetate-sunglasses/index.html[22m [2m(+55ms)[22m 
[2m10:01:56[22m   [34m鈹溾攢[39m [2m/ko/product/yet314-acetate-sunglasses/index.html[22m [2m(+70ms)[22m 
[2m10:01:57[22m   [34m鈹溾攢[39m [2m/ms/product/yet314-acetate-sunglasses/index.html[22m [2m(+76ms)[22m 
[2m10:01:57[22m   [34m鈹溾攢[39m [2m/pt/product/yet314-acetate-sunglasses/index.html[22m [2m(+65ms)[22m 
[2m10:01:57[22m   [34m鈹溾攢[39m [2m/tg/product/yet314-acetate-sunglasses/index.html[22m [2m(+47ms)[22m 
[2m10:01:57[22m   [34m鈹溾攢[39m [2m/tr/product/yet314-acetate-sunglasses/index.html[22m [2m(+52ms)[22m 
[2m10:01:57[22m   [34m鈹溾攢[39m [2m/ru/product/yet314-acetate-sunglasses/index.html[22m [2m(+43ms)[22m 
[2m10:01:57[22m   [34m鈹溾攢[39m [2m/vi/product/yet314-acetate-sunglasses/index.html[22m [2m(+49ms)[22m 
[2m10:01:57[22m   [34m鈹溾攢[39m [2m/zh/product/yet314-acetate-sunglasses/index.html[22m [2m(+67ms)[22m 
[2m10:01:57[22m   [34m鈹溾攢[39m [2m/ar/product/yet315-acetate-sunglasses/index.html[22m [2m(+69ms)[22m 
[2m10:01:57[22m   [34m鈹溾攢[39m [2m/de/product/yet315-acetate-sunglasses/index.html[22m [2m(+43ms)[22m 
[2m10:01:57[22m   [34m鈹溾攢[39m [2m/es/product/yet315-acetate-sunglasses/index.html[22m [2m(+54ms)[22m 
[2m10:01:57[22m   [34m鈹溾攢[39m [2m/ja/product/yet315-acetate-sunglasses/index.html[22m [2m(+44ms)[22m 
[2m10:01:57[22m   [34m鈹溾攢[39m [2m/fr/product/yet315-acetate-sunglasses/index.html[22m [2m(+53ms)[22m 
[2m10:01:57[22m   [34m鈹溾攢[39m [2m/hi/product/yet315-acetate-sunglasses/index.html[22m [2m(+45ms)[22m 
[2m10:01:57[22m   [34m鈹溾攢[39m [2m/it/product/yet315-acetate-sunglasses/index.html[22m [2m(+62ms)[22m 
[2m10:01:57[22m   [34m鈹溾攢[39m [2m/jv/product/yet315-acetate-sunglasses/index.html[22m [2m(+84ms)[22m 
[2m10:01:57[22m   [34m鈹溾攢[39m [2m/ko/product/yet315-acetate-sunglasses/index.html[22m [2m(+63ms)[22m 
[2m10:01:57[22m   [34m鈹溾攢[39m [2m/ms/product/yet315-acetate-sunglasses/index.html[22m [2m(+67ms)[22m 
[2m10:01:58[22m   [34m鈹溾攢[39m [2m/pt/product/yet315-acetate-sunglasses/index.html[22m [2m(+102ms)[22m 
[2m10:01:58[22m   [34m鈹溾攢[39m [2m/ru/product/yet315-acetate-sunglasses/index.html[22m [2m(+100ms)[22m 
[2m10:01:58[22m   [34m鈹溾攢[39m [2m/tg/product/yet315-acetate-sunglasses/index.html[22m [2m(+62ms)[22m 
[2m10:01:58[22m   [34m鈹溾攢[39m [2m/tr/product/yet315-acetate-sunglasses/index.html[22m [2m(+55ms)[22m 
[2m10:01:58[22m   [34m鈹溾攢[39m [2m/vi/product/yet315-acetate-sunglasses/index.html[22m [2m(+50ms)[22m 
[2m10:01:58[22m   [34m鈹溾攢[39m [2m/zh/product/yet315-acetate-sunglasses/index.html[22m [2m(+65ms)[22m 
[2m10:01:58[22m   [34m鈹溾攢[39m [2m/ar/product/yet317-acetate-sunglasses/index.html[22m [2m(+66ms)[22m 
[2m10:01:58[22m   [34m鈹溾攢[39m [2m/de/product/yet317-acetate-sunglasses/index.html[22m [2m(+76ms)[22m 
[2m10:01:58[22m   [34m鈹溾攢[39m [2m/es/product/yet317-acetate-sunglasses/index.html[22m [2m(+49ms)[22m 
[2m10:01:58[22m   [34m鈹溾攢[39m [2m/fr/product/yet317-acetate-sunglasses/index.html[22m [2m(+43ms)[22m 
[2m10:01:58[22m   [34m鈹溾攢[39m [2m/ja/product/yet317-acetate-sunglasses/index.html[22m [2m(+45ms)[22m 
[2m10:01:58[22m   [34m鈹溾攢[39m [2m/hi/product/yet317-acetate-sunglasses/index.html[22m [2m(+46ms)[22m 
[2m10:01:58[22m   [34m鈹溾攢[39m [2m/it/product/yet317-acetate-sunglasses/index.html[22m [2m(+38ms)[22m 
[2m10:01:58[22m   [34m鈹溾攢[39m [2m/jv/product/yet317-acetate-sunglasses/index.html[22m [2m(+67ms)[22m 
[2m10:01:58[22m   [34m鈹溾攢[39m [2m/ko/product/yet317-acetate-sunglasses/index.html[22m [2m(+63ms)[22m 
[2m10:01:58[22m   [34m鈹溾攢[39m [2m/ms/product/yet317-acetate-sunglasses/index.html[22m [2m(+75ms)[22m 
[2m10:01:59[22m   [34m鈹溾攢[39m [2m/pt/product/yet317-acetate-sunglasses/index.html[22m [2m(+73ms)[22m 
[2m10:01:59[22m   [34m鈹溾攢[39m [2m/ru/product/yet317-acetate-sunglasses/index.html[22m [2m(+82ms)[22m 
[2m10:01:59[22m   [34m鈹溾攢[39m [2m/tg/product/yet317-acetate-sunglasses/index.html[22m [2m(+84ms)[22m 
[2m10:01:59[22m   [34m鈹溾攢[39m [2m/tr/product/yet317-acetate-sunglasses/index.html[22m [2m(+61ms)[22m 
[2m10:01:59[22m   [34m鈹溾攢[39m [2m/vi/product/yet317-acetate-sunglasses/index.html[22m [2m(+78ms)[22m 
[2m10:01:59[22m   [34m鈹溾攢[39m [2m/ar/product/yet318-acetate-sunglasses/index.html[22m [2m(+73ms)[22m 
[2m10:01:59[22m   [34m鈹溾攢[39m [2m/zh/product/yet317-acetate-sunglasses/index.html[22m [2m(+109ms)[22m 
[2m10:01:59[22m   [34m鈹溾攢[39m [2m/de/product/yet318-acetate-sunglasses/index.html[22m [2m(+78ms)[22m 
[2m10:01:59[22m   [34m鈹溾攢[39m [2m/es/product/yet318-acetate-sunglasses/index.html[22m [2m(+64ms)[22m 
[2m10:01:59[22m   [34m鈹溾攢[39m [2m/fr/product/yet318-acetate-sunglasses/index.html[22m [2m(+64ms)[22m 
[2m10:01:59[22m   [34m鈹溾攢[39m [2m/hi/product/yet318-acetate-sunglasses/index.html[22m [2m(+45ms)[22m 
[2m10:01:59[22m   [34m鈹溾攢[39m [2m/it/product/yet318-acetate-sunglasses/index.html[22m [2m(+50ms)[22m 
[2m10:01:59[22m   [34m鈹溾攢[39m [2m/ja/product/yet318-acetate-sunglasses/index.html[22m [2m(+72ms)[22m 
[2m10:01:59[22m   [34m鈹溾攢[39m [2m/jv/product/yet318-acetate-sunglasses/index.html[22m [2m(+65ms)[22m 
[2m10:02:00[22m   [34m鈹溾攢[39m [2m/ko/product/yet318-acetate-sunglasses/index.html[22m [2m(+62ms)[22m 
[2m10:02:00[22m   [34m鈹溾攢[39m [2m/ms/product/yet318-acetate-sunglasses/index.html[22m [2m(+52ms)[22m 
[2m10:02:00[22m   [34m鈹溾攢[39m [2m/pt/product/yet318-acetate-sunglasses/index.html[22m [2m(+41ms)[22m 
[2m10:02:00[22m   [34m鈹溾攢[39m [2m/ru/product/yet318-acetate-sunglasses/index.html[22m [2m(+54ms)[22m 
[2m10:02:00[22m   [34m鈹溾攢[39m [2m/tg/product/yet318-acetate-sunglasses/index.html[22m [2m(+62ms)[22m 
[2m10:02:00[22m   [34m鈹溾攢[39m [2m/tr/product/yet318-acetate-sunglasses/index.html[22m [2m(+67ms)[22m 
[2m10:02:00[22m   [34m鈹溾攢[39m [2m/vi/product/yet318-acetate-sunglasses/index.html[22m [2m(+71ms)[22m 
[2m10:02:00[22m   [34m鈹溾攢[39m [2m/zh/product/yet318-acetate-sunglasses/index.html[22m [2m(+77ms)[22m 
[2m10:02:00[22m   [34m鈹溾攢[39m [2m/ar/product/yet319-acetate-sunglasses/index.html[22m [2m(+56ms)[22m 
[2m10:02:00[22m   [34m鈹溾攢[39m [2m/de/product/yet319-acetate-sunglasses/index.html[22m [2m(+85ms)[22m 
[2m10:02:00[22m   [34m鈹溾攢[39m [2m/es/product/yet319-acetate-sunglasses/index.html[22m [2m(+112ms)[22m 
[2m10:02:00[22m   [34m鈹溾攢[39m [2m/fr/product/yet319-acetate-sunglasses/index.html[22m [2m(+97ms)[22m 
[2m10:02:00[22m   [34m鈹溾攢[39m [2m/hi/product/yet319-acetate-sunglasses/index.html[22m [2m(+105ms)[22m 
[2m10:02:00[22m   [34m鈹溾攢[39m [2m/it/product/yet319-acetate-sunglasses/index.html[22m [2m(+83ms)[22m 
[2m10:02:01[22m   [34m鈹溾攢[39m [2m/ja/product/yet319-acetate-sunglasses/index.html[22m [2m(+52ms)[22m 
[2m10:02:01[22m   [34m鈹溾攢[39m [2m/jv/product/yet319-acetate-sunglasses/index.html[22m [2m(+45ms)[22m 
[2m10:02:01[22m   [34m鈹溾攢[39m [2m/ko/product/yet319-acetate-sunglasses/index.html[22m [2m(+41ms)[22m 
[2m10:02:01[22m   [34m鈹溾攢[39m [2m/ms/product/yet319-acetate-sunglasses/index.html[22m [2m(+42ms)[22m 
[2m10:02:01[22m   [34m鈹溾攢[39m [2m/pt/product/yet319-acetate-sunglasses/index.html[22m [2m(+72ms)[22m 
[2m10:02:01[22m   [34m鈹溾攢[39m [2m/ru/product/yet319-acetate-sunglasses/index.html[22m [2m(+117ms)[22m 
[2m10:02:01[22m   [34m鈹溾攢[39m [2m/tg/product/yet319-acetate-sunglasses/index.html[22m [2m(+131ms)[22m 
[2m10:02:01[22m   [34m鈹溾攢[39m [2m/tr/product/yet319-acetate-sunglasses/index.html[22m [2m(+141ms)[22m 
[2m10:02:01[22m   [34m鈹溾攢[39m [2m/zh/product/yet319-acetate-sunglasses/index.html[22m [2m(+134ms)[22m 
[2m10:02:01[22m   [34m鈹溾攢[39m [2m/vi/product/yet319-acetate-sunglasses/index.html[22m [2m(+148ms)[22m 
[2m10:02:01[22m   [34m鈹溾攢[39m [2m/ar/product/yet320-acetate-sunglasses/index.html[22m [2m(+99ms)[22m 
[2m10:02:02[22m   [34m鈹溾攢[39m [2m/de/product/yet320-acetate-sunglasses/index.html[22m [2m(+54ms)[22m 
[2m10:02:02[22m   [34m鈹溾攢[39m [2m/es/product/yet320-acetate-sunglasses/index.html[22m [2m(+41ms)[22m 
[2m10:02:02[22m   [34m鈹溾攢[39m [2m/fr/product/yet320-acetate-sunglasses/index.html[22m [2m(+37ms)[22m 
[2m10:02:02[22m   [34m鈹溾攢[39m [2m/hi/product/yet320-acetate-sunglasses/index.html[22m [2m(+58ms)[22m 
[2m10:02:02[22m   [34m鈹溾攢[39m [2m/it/product/yet320-acetate-sunglasses/index.html[22m [2m(+61ms)[22m 
[2m10:02:02[22m   [34m鈹溾攢[39m [2m/ja/product/yet320-acetate-sunglasses/index.html[22m [2m(+73ms)[22m 
[2m10:02:02[22m   [34m鈹溾攢[39m [2m/jv/product/yet320-acetate-sunglasses/index.html[22m [2m(+68ms)[22m 
[2m10:02:02[22m   [34m鈹溾攢[39m [2m/ko/product/yet320-acetate-sunglasses/index.html[22m [2m(+56ms)[22m 
[2m10:02:02[22m   [34m鈹溾攢[39m [2m/ms/product/yet320-acetate-sunglasses/index.html[22m [2m(+64ms)[22m 
[2m10:02:02[22m   [34m鈹溾攢[39m [2m/pt/product/yet320-acetate-sunglasses/index.html[22m [2m(+51ms)[22m 
[2m10:02:02[22m   [34m鈹溾攢[39m [2m/ru/product/yet320-acetate-sunglasses/index.html[22m [2m(+44ms)[22m 
[2m10:02:02[22m   [34m鈹溾攢[39m [2m/tg/product/yet320-acetate-sunglasses/index.html[22m [2m(+48ms)[22m 
[2m10:02:02[22m   [34m鈹溾攢[39m [2m/tr/product/yet320-acetate-sunglasses/index.html[22m [2m(+66ms)[22m 
[2m10:02:02[22m   [34m鈹溾攢[39m [2m/vi/product/yet320-acetate-sunglasses/index.html[22m [2m(+75ms)[22m 
[2m10:02:02[22m   [34m鈹溾攢[39m [2m/zh/product/yet320-acetate-sunglasses/index.html[22m [2m(+78ms)[22m 
[2m10:02:02[22m   [34m鈹溾攢[39m [2m/ar/product/yet321-acetate-sunglasses/index.html[22m [2m(+53ms)[22m 
[2m10:02:02[22m   [34m鈹溾攢[39m [2m/de/product/yet321-acetate-sunglasses/index.html[22m [2m(+57ms)[22m 
[2m10:02:03[22m   [34m鈹溾攢[39m [2m/es/product/yet321-acetate-sunglasses/index.html[22m [2m(+56ms)[22m 
[2m10:02:03[22m   [34m鈹溾攢[39m [2m/fr/product/yet321-acetate-sunglasses/index.html[22m [2m(+46ms)[22m 
[2m10:02:03[22m   [34m鈹溾攢[39m [2m/hi/product/yet321-acetate-sunglasses/index.html[22m [2m(+42ms)[22m 
[2m10:02:03[22m   [34m鈹溾攢[39m [2m/it/product/yet321-acetate-sunglasses/index.html[22m [2m(+43ms)[22m 
[2m10:02:03[22m   [34m鈹溾攢[39m [2m/ja/product/yet321-acetate-sunglasses/index.html[22m [2m(+49ms)[22m 
[2m10:02:03[22m   [34m鈹溾攢[39m [2m/jv/product/yet321-acetate-sunglasses/index.html[22m [2m(+54ms)[22m 
[2m10:02:03[22m   [34m鈹溾攢[39m [2m/ko/product/yet321-acetate-sunglasses/index.html[22m [2m(+48ms)[22m 
[2m10:02:03[22m   [34m鈹溾攢[39m [2m/ms/product/yet321-acetate-sunglasses/index.html[22m [2m(+50ms)[22m 
[2m10:02:03[22m   [34m鈹溾攢[39m [2m/pt/product/yet321-acetate-sunglasses/index.html[22m [2m(+53ms)[22m 
[2m10:02:03[22m   [34m鈹溾攢[39m [2m/ru/product/yet321-acetate-sunglasses/index.html[22m [2m(+51ms)[22m 
[2m10:02:03[22m   [34m鈹溾攢[39m [2m/tr/product/yet321-acetate-sunglasses/index.html[22m [2m(+56ms)[22m 
[2m10:02:03[22m   [34m鈹溾攢[39m [2m/tg/product/yet321-acetate-sunglasses/index.html[22m [2m(+49ms)[22m 
[2m10:02:03[22m   [34m鈹溾攢[39m [2m/zh/product/yet321-acetate-sunglasses/index.html[22m [2m(+48ms)[22m 
[2m10:02:03[22m   [34m鈹溾攢[39m [2m/vi/product/yet321-acetate-sunglasses/index.html[22m [2m(+44ms)[22m 
[2m10:02:03[22m   [34m鈹溾攢[39m [2m/de/product/yet322-acetate-sunglasses/index.html[22m [2m(+57ms)[22m 
[2m10:02:03[22m   [34m鈹溾攢[39m [2m/ar/product/yet322-acetate-sunglasses/index.html[22m [2m(+45ms)[22m 
[2m10:02:03[22m   [34m鈹溾攢[39m [2m/es/product/yet322-acetate-sunglasses/index.html[22m [2m(+60ms)[22m 
[2m10:02:03[22m   [34m鈹溾攢[39m [2m/fr/product/yet322-acetate-sunglasses/index.html[22m [2m(+70ms)[22m 
[2m10:02:03[22m   [34m鈹溾攢[39m [2m/hi/product/yet322-acetate-sunglasses/index.html[22m [2m(+54ms)[22m 
[2m10:02:04[22m   [34m鈹溾攢[39m [2m/ja/product/yet322-acetate-sunglasses/index.html[22m [2m(+65ms)[22m 
[2m10:02:04[22m   [34m鈹溾攢[39m [2m/it/product/yet322-acetate-sunglasses/index.html[22m [2m(+104ms)[22m 
[2m10:02:04[22m   [34m鈹溾攢[39m [2m/jv/product/yet322-acetate-sunglasses/index.html[22m [2m(+47ms)[22m 
[2m10:02:04[22m   [34m鈹溾攢[39m [2m/ko/product/yet322-acetate-sunglasses/index.html[22m [2m(+51ms)[22m 
[2m10:02:04[22m   [34m鈹溾攢[39m [2m/ms/product/yet322-acetate-sunglasses/index.html[22m [2m(+53ms)[22m 
[2m10:02:04[22m   [34m鈹溾攢[39m [2m/pt/product/yet322-acetate-sunglasses/index.html[22m [2m(+62ms)[22m 
[2m10:02:04[22m   [34m鈹溾攢[39m [2m/ru/product/yet322-acetate-sunglasses/index.html[22m [2m(+58ms)[22m 
[2m10:02:04[22m   [34m鈹溾攢[39m [2m/tg/product/yet322-acetate-sunglasses/index.html[22m [2m(+56ms)[22m 
[2m10:02:04[22m   [34m鈹溾攢[39m [2m/tr/product/yet322-acetate-sunglasses/index.html[22m [2m(+71ms)[22m 
[2m10:02:04[22m   [34m鈹溾攢[39m [2m/vi/product/yet322-acetate-sunglasses/index.html[22m [2m(+46ms)[22m 
[2m10:02:04[22m   [34m鈹溾攢[39m [2m/zh/product/yet322-acetate-sunglasses/index.html[22m [2m(+38ms)[22m 
[2m10:02:04[22m   [34m鈹溾攢[39m [2m/ar/product/yet323-acetate-sunglasses/index.html[22m [2m(+46ms)[22m 
[2m10:02:04[22m   [34m鈹溾攢[39m [2m/de/product/yet323-acetate-sunglasses/index.html[22m [2m(+39ms)[22m 
[2m10:02:04[22m   [34m鈹溾攢[39m [2m/fr/product/yet323-acetate-sunglasses/index.html[22m [2m(+36ms)[22m 
[2m10:02:04[22m   [34m鈹溾攢[39m [2m/es/product/yet323-acetate-sunglasses/index.html[22m [2m(+44ms)[22m 
[2m10:02:04[22m   [34m鈹溾攢[39m [2m/hi/product/yet323-acetate-sunglasses/index.html[22m [2m(+55ms)[22m 
[2m10:02:04[22m   [34m鈹溾攢[39m [2m/it/product/yet323-acetate-sunglasses/index.html[22m [2m(+69ms)[22m 
[2m10:02:04[22m   [34m鈹溾攢[39m [2m/ja/product/yet323-acetate-sunglasses/index.html[22m [2m(+72ms)[22m 
[2m10:02:05[22m   [34m鈹溾攢[39m [2m/jv/product/yet323-acetate-sunglasses/index.html[22m [2m(+58ms)[22m 
[2m10:02:05[22m   [34m鈹溾攢[39m [2m/ko/product/yet323-acetate-sunglasses/index.html[22m [2m(+47ms)[22m 
[2m10:02:05[22m   [34m鈹溾攢[39m [2m/pt/product/yet323-acetate-sunglasses/index.html[22m [2m(+56ms)[22m 
[2m10:02:05[22m   [34m鈹溾攢[39m [2m/ru/product/yet323-acetate-sunglasses/index.html[22m [2m(+42ms)[22m 
[2m10:02:05[22m   [34m鈹溾攢[39m [2m/ms/product/yet323-acetate-sunglasses/index.html[22m [2m(+64ms)[22m 
[2m10:02:05[22m   [34m鈹溾攢[39m [2m/tr/product/yet323-acetate-sunglasses/index.html[22m [2m(+55ms)[22m 
[2m10:02:05[22m   [34m鈹溾攢[39m [2m/tg/product/yet323-acetate-sunglasses/index.html[22m [2m(+51ms)[22m 
[2m10:02:05[22m   [34m鈹溾攢[39m [2m/vi/product/yet323-acetate-sunglasses/index.html[22m [2m(+56ms)[22m 
[2m10:02:05[22m   [34m鈹溾攢[39m [2m/zh/product/yet323-acetate-sunglasses/index.html[22m [2m(+83ms)[22m 
[2m10:02:05[22m   [34m鈹溾攢[39m [2m/ar/product/yet344-acetate-sunglasses/index.html[22m [2m(+82ms)[22m 
[2m10:02:05[22m   [34m鈹溾攢[39m [2m/es/product/yet344-acetate-sunglasses/index.html[22m [2m(+57ms)[22m 
[2m10:02:05[22m   [34m鈹溾攢[39m [2m/de/product/yet344-acetate-sunglasses/index.html[22m [2m(+73ms)[22m 
[2m10:02:05[22m   [34m鈹溾攢[39m [2m/hi/product/yet344-acetate-sunglasses/index.html[22m [2m(+78ms)[22m 
[2m10:02:05[22m   [34m鈹溾攢[39m [2m/it/product/yet344-acetate-sunglasses/index.html[22m [2m(+68ms)[22m 
[2m10:02:05[22m   [34m鈹溾攢[39m [2m/fr/product/yet344-acetate-sunglasses/index.html[22m [2m(+82ms)[22m 
[2m10:02:05[22m   [34m鈹溾攢[39m [2m/jv/product/yet344-acetate-sunglasses/index.html[22m [2m(+87ms)[22m 
[2m10:02:06[22m   [34m鈹溾攢[39m [2m/ja/product/yet344-acetate-sunglasses/index.html[22m [2m(+68ms)[22m 
[2m10:02:06[22m   [34m鈹溾攢[39m [2m/ko/product/yet344-acetate-sunglasses/index.html[22m [2m(+43ms)[22m 
[2m10:02:06[22m   [34m鈹溾攢[39m [2m/ms/product/yet344-acetate-sunglasses/index.html[22m [2m(+46ms)[22m 
[2m10:02:06[22m   [34m鈹溾攢[39m [2m/pt/product/yet344-acetate-sunglasses/index.html[22m [2m(+40ms)[22m 
[2m10:02:06[22m   [34m鈹溾攢[39m [2m/tg/product/yet344-acetate-sunglasses/index.html[22m [2m(+39ms)[22m 
[2m10:02:06[22m   [34m鈹溾攢[39m [2m/ru/product/yet344-acetate-sunglasses/index.html[22m [2m(+46ms)[22m 
[2m10:02:06[22m   [34m鈹溾攢[39m [2m/vi/product/yet344-acetate-sunglasses/index.html[22m [2m(+60ms)[22m 
[2m10:02:06[22m   [34m鈹溾攢[39m [2m/zh/product/yet344-acetate-sunglasses/index.html[22m [2m(+73ms)[22m 
[2m10:02:06[22m   [34m鈹溾攢[39m [2m/tr/product/yet344-acetate-sunglasses/index.html[22m [2m(+69ms)[22m 
[2m10:02:06[22m   [34m鈹溾攢[39m [2m/ar/product/yet346-acetate-sunglasses/index.html[22m [2m(+73ms)[22m 
[2m10:02:06[22m   [34m鈹溾攢[39m [2m/de/product/yet346-acetate-sunglasses/index.html[22m [2m(+52ms)[22m 
[2m10:02:06[22m   [34m鈹溾攢[39m [2m/es/product/yet346-acetate-sunglasses/index.html[22m [2m(+39ms)[22m 
[2m10:02:06[22m   [34m鈹溾攢[39m [2m/fr/product/yet346-acetate-sunglasses/index.html[22m [2m(+38ms)[22m 
[2m10:02:06[22m   [34m鈹溾攢[39m [2m/it/product/yet346-acetate-sunglasses/index.html[22m [2m(+43ms)[22m 
[2m10:02:06[22m   [34m鈹溾攢[39m [2m/hi/product/yet346-acetate-sunglasses/index.html[22m [2m(+37ms)[22m 
[2m10:02:06[22m   [34m鈹溾攢[39m [2m/jv/product/yet346-acetate-sunglasses/index.html[22m [2m(+44ms)[22m 
[2m10:02:06[22m   [34m鈹溾攢[39m [2m/ja/product/yet346-acetate-sunglasses/index.html[22m [2m(+43ms)[22m 
[2m10:02:06[22m   [34m鈹溾攢[39m [2m/ko/product/yet346-acetate-sunglasses/index.html[22m [2m(+37ms)[22m 
[2m10:02:06[22m   [34m鈹溾攢[39m [2m/ms/product/yet346-acetate-sunglasses/index.html[22m [2m(+38ms)[22m 
[2m10:02:07[22m   [34m鈹溾攢[39m [2m/pt/product/yet346-acetate-sunglasses/index.html[22m [2m(+38ms)[22m 
[2m10:02:07[22m   [34m鈹溾攢[39m [2m/ru/product/yet346-acetate-sunglasses/index.html[22m [2m(+65ms)[22m 
[2m10:02:07[22m   [34m鈹溾攢[39m [2m/tg/product/yet346-acetate-sunglasses/index.html[22m [2m(+43ms)[22m 
[2m10:02:07[22m   [34m鈹溾攢[39m [2m/vi/product/yet346-acetate-sunglasses/index.html[22m [2m(+42ms)[22m 
[2m10:02:07[22m   [34m鈹溾攢[39m [2m/ar/product/yet345-acetate-sunglasses/index.html[22m [2m(+39ms)[22m 
[2m10:02:07[22m   [34m鈹溾攢[39m [2m/tr/product/yet346-acetate-sunglasses/index.html[22m [2m(+38ms)[22m 
[2m10:02:07[22m   [34m鈹溾攢[39m [2m/de/product/yet345-acetate-sunglasses/index.html[22m [2m(+37ms)[22m 
[2m10:02:07[22m   [34m鈹溾攢[39m [2m/es/product/yet345-acetate-sunglasses/index.html[22m [2m(+43ms)[22m 
[2m10:02:07[22m   [34m鈹溾攢[39m [2m/zh/product/yet346-acetate-sunglasses/index.html[22m [2m(+59ms)[22m 
[2m10:02:07[22m   [34m鈹溾攢[39m [2m/fr/product/yet345-acetate-sunglasses/index.html[22m [2m(+56ms)[22m 
[2m10:02:07[22m   [34m鈹溾攢[39m [2m/hi/product/yet345-acetate-sunglasses/index.html[22m [2m(+68ms)[22m 
[2m10:02:07[22m   [34m鈹溾攢[39m [2m/ja/product/yet345-acetate-sunglasses/index.html[22m [2m(+94ms)[22m 
[2m10:02:07[22m   [34m鈹溾攢[39m [2m/ko/product/yet345-acetate-sunglasses/index.html[22m [2m(+96ms)[22m 
[2m10:02:07[22m   [34m鈹溾攢[39m [2m/jv/product/yet345-acetate-sunglasses/index.html[22m [2m(+78ms)[22m 
[2m10:02:07[22m   [34m鈹溾攢[39m [2m/ms/product/yet345-acetate-sunglasses/index.html[22m [2m(+47ms)[22m 
[2m10:02:07[22m   [34m鈹溾攢[39m [2m/ru/product/yet345-acetate-sunglasses/index.html[22m [2m(+42ms)[22m 
[2m10:02:07[22m   [34m鈹溾攢[39m [2m/pt/product/yet345-acetate-sunglasses/index.html[22m [2m(+69ms)[22m 
[2m10:02:07[22m   [34m鈹溾攢[39m [2m/it/product/yet345-acetate-sunglasses/index.html[22m [2m(+62ms)[22m 
[2m10:02:08[22m   [34m鈹溾攢[39m [2m/tg/product/yet345-acetate-sunglasses/index.html[22m [2m(+82ms)[22m 
[2m10:02:08[22m   [34m鈹溾攢[39m [2m/tr/product/yet345-acetate-sunglasses/index.html[22m [2m(+56ms)[22m 
[2m10:02:08[22m   [34m鈹溾攢[39m [2m/vi/product/yet345-acetate-sunglasses/index.html[22m [2m(+55ms)[22m 
[2m10:02:08[22m   [34m鈹溾攢[39m [2m/zh/product/yet345-acetate-sunglasses/index.html[22m [2m(+58ms)[22m 
[2m10:02:08[22m   [34m鈹溾攢[39m [2m/de/product/yeto-lc001-metal-optical/index.html[22m [2m(+43ms)[22m 
[2m10:02:08[22m   [34m鈹溾攢[39m [2m/ar/product/yeto-lc001-metal-optical/index.html[22m [2m(+45ms)[22m 
[2m10:02:08[22m   [34m鈹溾攢[39m [2m/es/product/yeto-lc001-metal-optical/index.html[22m [2m(+67ms)[22m 
[2m10:02:08[22m   [34m鈹溾攢[39m [2m/fr/product/yeto-lc001-metal-optical/index.html[22m [2m(+71ms)[22m 
[2m10:02:08[22m   [34m鈹溾攢[39m [2m/hi/product/yeto-lc001-metal-optical/index.html[22m [2m(+48ms)[22m 
[2m10:02:08[22m   [34m鈹溾攢[39m [2m/it/product/yeto-lc001-metal-optical/index.html[22m [2m(+47ms)[22m 
[2m10:02:08[22m   [34m鈹溾攢[39m [2m/ja/product/yeto-lc001-metal-optical/index.html[22m [2m(+47ms)[22m 
[2m10:02:08[22m   [34m鈹溾攢[39m [2m/jv/product/yeto-lc001-metal-optical/index.html[22m [2m(+41ms)[22m 
[2m10:02:08[22m   [34m鈹溾攢[39m [2m/ms/product/yeto-lc001-metal-optical/index.html[22m [2m(+45ms)[22m 
[2m10:02:08[22m   [34m鈹溾攢[39m [2m/ko/product/yeto-lc001-metal-optical/index.html[22m [2m(+40ms)[22m 
[2m10:02:08[22m   [34m鈹溾攢[39m [2m/pt/product/yeto-lc001-metal-optical/index.html[22m [2m(+40ms)[22m 
[2m10:02:08[22m   [34m鈹溾攢[39m [2m/ru/product/yeto-lc001-metal-optical/index.html[22m [2m(+39ms)[22m 
[2m10:02:08[22m   [34m鈹溾攢[39m [2m/tg/product/yeto-lc001-metal-optical/index.html[22m [2m(+36ms)[22m 
[2m10:02:08[22m   [34m鈹溾攢[39m [2m/tr/product/yeto-lc001-metal-optical/index.html[22m [2m(+40ms)[22m 
[2m10:02:08[22m   [34m鈹溾攢[39m [2m/vi/product/yeto-lc001-metal-optical/index.html[22m [2m(+51ms)[22m 
[2m10:02:08[22m   [34m鈹溾攢[39m [2m/zh/product/yeto-lc001-metal-optical/index.html[22m [2m(+64ms)[22m 
[2m10:02:09[22m   [34m鈹溾攢[39m [2m/ar/product/yeto-lc002-metal-optical/index.html[22m [2m(+56ms)[22m 
[2m10:02:09[22m   [34m鈹溾攢[39m [2m/de/product/yeto-lc002-metal-optical/index.html[22m [2m(+45ms)[22m 
[2m10:02:09[22m   [34m鈹溾攢[39m [2m/es/product/yeto-lc002-metal-optical/index.html[22m [2m(+39ms)[22m 
[2m10:02:09[22m   [34m鈹溾攢[39m [2m/fr/product/yeto-lc002-metal-optical/index.html[22m [2m(+37ms)[22m 
[2m10:02:09[22m   [34m鈹溾攢[39m [2m/hi/product/yeto-lc002-metal-optical/index.html[22m [2m(+43ms)[22m 
[2m10:02:09[22m   [34m鈹溾攢[39m [2m/it/product/yeto-lc002-metal-optical/index.html[22m [2m(+55ms)[22m 
[2m10:02:09[22m   [34m鈹溾攢[39m [2m/ja/product/yeto-lc002-metal-optical/index.html[22m [2m(+53ms)[22m 
[2m10:02:09[22m   [34m鈹溾攢[39m [2m/jv/product/yeto-lc002-metal-optical/index.html[22m [2m(+56ms)[22m 
[2m10:02:09[22m   [34m鈹溾攢[39m [2m/ko/product/yeto-lc002-metal-optical/index.html[22m [2m(+78ms)[22m 
[2m10:02:09[22m   [34m鈹溾攢[39m [2m/ms/product/yeto-lc002-metal-optical/index.html[22m [2m(+61ms)[22m 
[2m10:02:09[22m   [34m鈹溾攢[39m [2m/ru/product/yeto-lc002-metal-optical/index.html[22m [2m(+65ms)[22m 
[2m10:02:09[22m   [34m鈹溾攢[39m [2m/pt/product/yeto-lc002-metal-optical/index.html[22m [2m(+51ms)[22m 
[2m10:02:09[22m   [34m鈹溾攢[39m [2m/vi/product/yeto-lc002-metal-optical/index.html[22m [2m(+58ms)[22m 
[2m10:02:09[22m   [34m鈹溾攢[39m [2m/tg/product/yeto-lc002-metal-optical/index.html[22m [2m(+58ms)[22m 
[2m10:02:09[22m   [34m鈹溾攢[39m [2m/zh/product/yeto-lc002-metal-optical/index.html[22m [2m(+64ms)[22m 
[2m10:02:09[22m   [34m鈹溾攢[39m [2m/tr/product/yeto-lc002-metal-optical/index.html[22m [2m(+60ms)[22m 
[2m10:02:09[22m   [34m鈹溾攢[39m [2m/ar/product/yeto-lc003-metal-optical/index.html[22m [2m(+46ms)[22m 
[2m10:02:09[22m   [34m鈹溾攢[39m [2m/de/product/yeto-lc003-metal-optical/index.html[22m [2m(+40ms)[22m 
[2m10:02:10[22m   [34m鈹溾攢[39m [2m/fr/product/yeto-lc003-metal-optical/index.html[22m [2m(+39ms)[22m 
[2m10:02:10[22m   [34m鈹溾攢[39m [2m/es/product/yeto-lc003-metal-optical/index.html[22m [2m(+46ms)[22m 
[2m10:02:10[22m   [34m鈹溾攢[39m [2m/hi/product/yeto-lc003-metal-optical/index.html[22m [2m(+41ms)[22m 
[2m10:02:10[22m   [34m鈹溾攢[39m [2m/jv/product/yeto-lc003-metal-optical/index.html[22m [2m(+39ms)[22m 
[2m10:02:10[22m   [34m鈹溾攢[39m [2m/it/product/yeto-lc003-metal-optical/index.html[22m [2m(+47ms)[22m 
[2m10:02:10[22m   [34m鈹溾攢[39m [2m/ko/product/yeto-lc003-metal-optical/index.html[22m [2m(+43ms)[22m 
[2m10:02:10[22m   [34m鈹溾攢[39m [2m/ja/product/yeto-lc003-metal-optical/index.html[22m [2m(+47ms)[22m 
[2m10:02:10[22m   [34m鈹溾攢[39m [2m/ms/product/yeto-lc003-metal-optical/index.html[22m [2m(+43ms)[22m 
[2m10:02:10[22m   [34m鈹溾攢[39m [2m/pt/product/yeto-lc003-metal-optical/index.html[22m [2m(+58ms)[22m 
[2m10:02:10[22m   [34m鈹溾攢[39m [2m/ru/product/yeto-lc003-metal-optical/index.html[22m [2m(+64ms)[22m 
[2m10:02:10[22m   [34m鈹溾攢[39m [2m/tg/product/yeto-lc003-metal-optical/index.html[22m [2m(+45ms)[22m 
[2m10:02:10[22m   [34m鈹溾攢[39m [2m/tr/product/yeto-lc003-metal-optical/index.html[22m [2m(+66ms)[22m 
[2m10:02:10[22m   [34m鈹溾攢[39m [2m/vi/product/yeto-lc003-metal-optical/index.html[22m [2m(+60ms)[22m 
[2m10:02:10[22m   [34m鈹溾攢[39m [2m/ar/product/yeto-lc004-metal-optical/index.html[22m [2m(+59ms)[22m 
[2m10:02:10[22m   [34m鈹溾攢[39m [2m/zh/product/yeto-lc003-metal-optical/index.html[22m [2m(+55ms)[22m 
[2m10:02:10[22m   [34m鈹溾攢[39m [2m/de/product/yeto-lc004-metal-optical/index.html[22m [2m(+72ms)[22m 
[2m10:02:10[22m   [34m鈹溾攢[39m [2m/es/product/yeto-lc004-metal-optical/index.html[22m [2m(+48ms)[22m 
[2m10:02:10[22m   [34m鈹溾攢[39m [2m/fr/product/yeto-lc004-metal-optical/index.html[22m [2m(+57ms)[22m 
[2m10:02:10[22m   [34m鈹溾攢[39m [2m/hi/product/yeto-lc004-metal-optical/index.html[22m [2m(+49ms)[22m 
[2m10:02:10[22m   [34m鈹溾攢[39m [2m/it/product/yeto-lc004-metal-optical/index.html[22m [2m(+114ms)[22m 
[2m10:02:11[22m   [34m鈹溾攢[39m [2m/ja/product/yeto-lc004-metal-optical/index.html[22m [2m(+72ms)[22m 
[2m10:02:11[22m   [34m鈹溾攢[39m [2m/jv/product/yeto-lc004-metal-optical/index.html[22m [2m(+92ms)[22m 
[2m10:02:11[22m   [34m鈹溾攢[39m [2m/ko/product/yeto-lc004-metal-optical/index.html[22m [2m(+68ms)[22m 
[2m10:02:11[22m   [34m鈹溾攢[39m [2m/ms/product/yeto-lc004-metal-optical/index.html[22m [2m(+73ms)[22m 
[2m10:02:11[22m   [34m鈹溾攢[39m [2m/pt/product/yeto-lc004-metal-optical/index.html[22m [2m(+90ms)[22m 
[2m10:02:11[22m   [34m鈹溾攢[39m [2m/ru/product/yeto-lc004-metal-optical/index.html[22m [2m(+61ms)[22m 
[2m10:02:11[22m   [34m鈹溾攢[39m [2m/tg/product/yeto-lc004-metal-optical/index.html[22m [2m(+63ms)[22m 
[2m10:02:11[22m   [34m鈹溾攢[39m [2m/tr/product/yeto-lc004-metal-optical/index.html[22m [2m(+46ms)[22m 
[2m10:02:11[22m   [34m鈹溾攢[39m [2m/vi/product/yeto-lc004-metal-optical/index.html[22m [2m(+61ms)[22m 
[2m10:02:11[22m   [34m鈹溾攢[39m [2m/zh/product/yeto-lc004-metal-optical/index.html[22m [2m(+65ms)[22m 
[2m10:02:11[22m   [34m鈹溾攢[39m [2m/ar/product/yeto-lc005-metal-optical/index.html[22m [2m(+70ms)[22m 
[2m10:02:11[22m   [34m鈹溾攢[39m [2m/de/product/yeto-lc005-metal-optical/index.html[22m [2m(+87ms)[22m 
[2m10:02:11[22m   [34m鈹溾攢[39m [2m/es/product/yeto-lc005-metal-optical/index.html[22m [2m(+81ms)[22m 
[2m10:02:12[22m   [34m鈹溾攢[39m [2m/fr/product/yeto-lc005-metal-optical/index.html[22m [2m(+88ms)[22m 
[2m10:02:12[22m   [34m鈹溾攢[39m [2m/hi/product/yeto-lc005-metal-optical/index.html[22m [2m(+70ms)[22m 
[2m10:02:12[22m   [34m鈹溾攢[39m [2m/it/product/yeto-lc005-metal-optical/index.html[22m [2m(+59ms)[22m 
[2m10:02:12[22m   [34m鈹溾攢[39m [2m/ja/product/yeto-lc005-metal-optical/index.html[22m [2m(+72ms)[22m 
[2m10:02:12[22m   [34m鈹溾攢[39m [2m/jv/product/yeto-lc005-metal-optical/index.html[22m [2m(+77ms)[22m 
[2m10:02:12[22m   [34m鈹溾攢[39m [2m/ko/product/yeto-lc005-metal-optical/index.html[22m [2m(+81ms)[22m 
[2m10:02:12[22m   [34m鈹溾攢[39m [2m/pt/product/yeto-lc005-metal-optical/index.html[22m [2m(+70ms)[22m 
[2m10:02:12[22m   [34m鈹溾攢[39m [2m/ms/product/yeto-lc005-metal-optical/index.html[22m [2m(+109ms)[22m 
[2m10:02:12[22m   [34m鈹溾攢[39m [2m/ru/product/yeto-lc005-metal-optical/index.html[22m [2m(+113ms)[22m 
[2m10:02:12[22m   [34m鈹溾攢[39m [2m/tg/product/yeto-lc005-metal-optical/index.html[22m [2m(+106ms)[22m 
[2m10:02:12[22m   [34m鈹溾攢[39m [2m/tr/product/yeto-lc005-metal-optical/index.html[22m [2m(+134ms)[22m 
[2m10:02:13[22m   [34m鈹溾攢[39m [2m/vi/product/yeto-lc005-metal-optical/index.html[22m [2m(+158ms)[22m 
[2m10:02:13[22m   [34m鈹溾攢[39m [2m/ar/product/yeto-lc006-metal-optical/index.html[22m [2m(+96ms)[22m 
[2m10:02:13[22m   [34m鈹溾攢[39m [2m/zh/product/yeto-lc005-metal-optical/index.html[22m [2m(+159ms)[22m 
[2m10:02:13[22m   [34m鈹溾攢[39m [2m/de/product/yeto-lc006-metal-optical/index.html[22m [2m(+118ms)[22m 
[2m10:02:13[22m   [34m鈹溾攢[39m [2m/es/product/yeto-lc006-metal-optical/index.html[22m [2m(+75ms)[22m 
[2m10:02:13[22m   [34m鈹溾攢[39m [2m/fr/product/yeto-lc006-metal-optical/index.html[22m [2m(+77ms)[22m 
[2m10:02:13[22m   [34m鈹溾攢[39m [2m/hi/product/yeto-lc006-metal-optical/index.html[22m [2m(+74ms)[22m 
[2m10:02:13[22m   [34m鈹溾攢[39m [2m/it/product/yeto-lc006-metal-optical/index.html[22m [2m(+70ms)[22m 
[2m10:02:13[22m   [34m鈹溾攢[39m [2m/ja/product/yeto-lc006-metal-optical/index.html[22m [2m(+75ms)[22m 
[2m10:02:13[22m   [34m鈹溾攢[39m [2m/jv/product/yeto-lc006-metal-optical/index.html[22m [2m(+65ms)[22m 
[2m10:02:13[22m   [34m鈹溾攢[39m [2m/ko/product/yeto-lc006-metal-optical/index.html[22m [2m(+83ms)[22m 
[2m10:02:14[22m   [34m鈹溾攢[39m [2m/ms/product/yeto-lc006-metal-optical/index.html[22m [2m(+87ms)[22m 
[2m10:02:14[22m   [34m鈹溾攢[39m [2m/pt/product/yeto-lc006-metal-optical/index.html[22m [2m(+88ms)[22m 
[2m10:02:14[22m   [34m鈹溾攢[39m [2m/tg/product/yeto-lc006-metal-optical/index.html[22m [2m(+61ms)[22m 
[2m10:02:14[22m   [34m鈹溾攢[39m [2m/ru/product/yeto-lc006-metal-optical/index.html[22m [2m(+77ms)[22m 
[2m10:02:14[22m   [34m鈹溾攢[39m [2m/tr/product/yeto-lc006-metal-optical/index.html[22m [2m(+75ms)[22m 
[2m10:02:14[22m   [34m鈹溾攢[39m [2m/vi/product/yeto-lc006-metal-optical/index.html[22m [2m(+94ms)[22m 
[2m10:02:14[22m   [34m鈹溾攢[39m [2m/zh/product/yeto-lc006-metal-optical/index.html[22m [2m(+70ms)[22m 
[2m10:02:14[22m   [34m鈹溾攢[39m [2m/ar/product/yeto301-acetate-optical/index.html[22m [2m(+73ms)[22m 
[2m10:02:14[22m   [34m鈹溾攢[39m [2m/de/product/yeto301-acetate-optical/index.html[22m [2m(+66ms)[22m 
[2m10:02:14[22m   [34m鈹溾攢[39m [2m/fr/product/yeto301-acetate-optical/index.html[22m [2m(+91ms)[22m 
[2m10:02:14[22m   [34m鈹溾攢[39m [2m/es/product/yeto301-acetate-optical/index.html[22m [2m(+82ms)[22m 
[2m10:02:14[22m   [34m鈹溾攢[39m [2m/hi/product/yeto301-acetate-optical/index.html[22m [2m(+68ms)[22m 
[2m10:02:15[22m   [34m鈹溾攢[39m [2m/it/product/yeto301-acetate-optical/index.html[22m [2m(+103ms)[22m 
[2m10:02:15[22m   [34m鈹溾攢[39m [2m/ja/product/yeto301-acetate-optical/index.html[22m [2m(+124ms)[22m 
[2m10:02:15[22m   [34m鈹溾攢[39m [2m/jv/product/yeto301-acetate-optical/index.html[22m [2m(+88ms)[22m 
[2m10:02:15[22m   [34m鈹溾攢[39m [2m/ko/product/yeto301-acetate-optical/index.html[22m [2m(+81ms)[22m 
[2m10:02:15[22m   [34m鈹溾攢[39m [2m/ru/product/yeto301-acetate-optical/index.html[22m [2m(+118ms)[22m 
[2m10:02:15[22m   [34m鈹溾攢[39m [2m/ms/product/yeto301-acetate-optical/index.html[22m [2m(+186ms)[22m 
[2m10:02:15[22m   [34m鈹溾攢[39m [2m/pt/product/yeto301-acetate-optical/index.html[22m [2m(+98ms)[22m 
[2m10:02:15[22m   [34m鈹溾攢[39m [2m/tg/product/yeto301-acetate-optical/index.html[22m [2m(+111ms)[22m 
[2m10:02:15[22m   [34m鈹溾攢[39m [2m/tr/product/yeto301-acetate-optical/index.html[22m [2m(+95ms)[22m 
[2m10:02:16[22m   [34m鈹溾攢[39m [2m/vi/product/yeto301-acetate-optical/index.html[22m [2m(+98ms)[22m 
[2m10:02:16[22m   [34m鈹溾攢[39m [2m/zh/product/yeto301-acetate-optical/index.html[22m [2m(+82ms)[22m 
[2m10:02:16[22m   [34m鈹溾攢[39m [2m/ar/product/yeto304-acetate-optical/index.html[22m [2m(+109ms)[22m 
[2m10:02:16[22m   [34m鈹溾攢[39m [2m/de/product/yeto304-acetate-optical/index.html[22m [2m(+115ms)[22m 
[2m10:02:16[22m   [34m鈹溾攢[39m [2m/es/product/yeto304-acetate-optical/index.html[22m [2m(+98ms)[22m 
[2m10:02:16[22m   [34m鈹溾攢[39m [2m/fr/product/yeto304-acetate-optical/index.html[22m [2m(+141ms)[22m 
[2m10:02:16[22m   [34m鈹溾攢[39m [2m/hi/product/yeto304-acetate-optical/index.html[22m [2m(+108ms)[22m 
[2m10:02:16[22m   [34m鈹溾攢[39m [2m/it/product/yeto304-acetate-optical/index.html[22m [2m(+104ms)[22m 
[2m10:02:16[22m   [34m鈹溾攢[39m [2m/ja/product/yeto304-acetate-optical/index.html[22m [2m(+120ms)[22m 
[2m10:02:16[22m   [34m鈹溾攢[39m [2m/jv/product/yeto304-acetate-optical/index.html[22m [2m(+91ms)[22m 
[2m10:02:17[22m   [34m鈹溾攢[39m [2m/ko/product/yeto304-acetate-optical/index.html[22m [2m(+69ms)[22m 
[2m10:02:17[22m   [34m鈹溾攢[39m [2m/pt/product/yeto304-acetate-optical/index.html[22m [2m(+70ms)[22m 
[2m10:02:17[22m   [34m鈹溾攢[39m [2m/ms/product/yeto304-acetate-optical/index.html[22m [2m(+66ms)[22m 
[2m10:02:17[22m   [34m鈹溾攢[39m [2m/tg/product/yeto304-acetate-optical/index.html[22m [2m(+62ms)[22m 
[2m10:02:17[22m   [34m鈹溾攢[39m [2m/ru/product/yeto304-acetate-optical/index.html[22m [2m(+74ms)[22m 
[2m10:02:17[22m   [34m鈹溾攢[39m [2m/vi/product/yeto304-acetate-optical/index.html[22m [2m(+69ms)[22m 
[2m10:02:17[22m   [34m鈹溾攢[39m [2m/tr/product/yeto304-acetate-optical/index.html[22m [2m(+86ms)[22m 
[2m10:02:17[22m   [34m鈹溾攢[39m [2m/zh/product/yeto304-acetate-optical/index.html[22m [2m(+95ms)[22m 
[2m10:02:17[22m   [34m鈹溾攢[39m [2m/ar/product/yeto305-acetate-optical/index.html[22m [2m(+66ms)[22m 
[2m10:02:17[22m   [34m鈹溾攢[39m [2m/de/product/yeto305-acetate-optical/index.html[22m [2m(+66ms)[22m 
[2m10:02:17[22m   [34m鈹溾攢[39m [2m/es/product/yeto305-acetate-optical/index.html[22m [2m(+66ms)[22m 
[2m10:02:17[22m   [34m鈹溾攢[39m [2m/fr/product/yeto305-acetate-optical/index.html[22m [2m(+57ms)[22m 
[2m10:02:17[22m   [34m鈹溾攢[39m [2m/hi/product/yeto305-acetate-optical/index.html[22m [2m(+58ms)[22m 
[2m10:02:17[22m   [34m鈹溾攢[39m [2m/it/product/yeto305-acetate-optical/index.html[22m [2m(+58ms)[22m 
[2m10:02:18[22m   [34m鈹溾攢[39m [2m/ja/product/yeto305-acetate-optical/index.html[22m [2m(+72ms)[22m 
[2m10:02:18[22m   [34m鈹溾攢[39m [2m/jv/product/yeto305-acetate-optical/index.html[22m [2m(+62ms)[22m 
[2m10:02:18[22m   [34m鈹溾攢[39m [2m/ko/product/yeto305-acetate-optical/index.html[22m [2m(+78ms)[22m 
[2m10:02:18[22m   [34m鈹溾攢[39m [2m/ms/product/yeto305-acetate-optical/index.html[22m [2m(+49ms)[22m 
[2m10:02:18[22m   [34m鈹溾攢[39m [2m/pt/product/yeto305-acetate-optical/index.html[22m [2m(+44ms)[22m 
[2m10:02:18[22m   [34m鈹溾攢[39m [2m/vi/product/yeto305-acetate-optical/index.html[22m [2m(+85ms)[22m 
[2m10:02:18[22m   [34m鈹溾攢[39m [2m/ru/product/yeto305-acetate-optical/index.html[22m [2m(+81ms)[22m 
[2m10:02:18[22m   [34m鈹溾攢[39m [2m/tr/product/yeto305-acetate-optical/index.html[22m [2m(+57ms)[22m 
[2m10:02:18[22m   [34m鈹溾攢[39m [2m/tg/product/yeto305-acetate-optical/index.html[22m [2m(+58ms)[22m 
[2m10:02:18[22m   [34m鈹溾攢[39m [2m/zh/product/yeto305-acetate-optical/index.html[22m [2m(+66ms)[22m 
[2m10:02:18[22m   [34m鈹溾攢[39m [2m/ar/product/yeto306-acetate-optical/index.html[22m [2m(+50ms)[22m 
[2m10:02:18[22m   [34m鈹溾攢[39m [2m/de/product/yeto306-acetate-optical/index.html[22m [2m(+150ms)[22m 
[2m10:02:18[22m   [34m鈹溾攢[39m [2m/es/product/yeto306-acetate-optical/index.html[22m [2m(+79ms)[22m 
[2m10:02:18[22m   [34m鈹溾攢[39m [2m/fr/product/yeto306-acetate-optical/index.html[22m [2m(+107ms)[22m 
[2m10:02:19[22m   [34m鈹溾攢[39m [2m/hi/product/yeto306-acetate-optical/index.html[22m [2m(+160ms)[22m 
[2m10:02:19[22m   [34m鈹溾攢[39m [2m/it/product/yeto306-acetate-optical/index.html[22m [2m(+116ms)[22m 
[2m10:02:19[22m   [34m鈹溾攢[39m [2m/ja/product/yeto306-acetate-optical/index.html[22m [2m(+82ms)[22m 
[2m10:02:19[22m   [34m鈹溾攢[39m [2m/ko/product/yeto306-acetate-optical/index.html[22m [2m(+72ms)[22m 
[2m10:02:19[22m   [34m鈹溾攢[39m [2m/jv/product/yeto306-acetate-optical/index.html[22m [2m(+60ms)[22m 
[2m10:02:19[22m   [34m鈹溾攢[39m [2m/tg/product/yeto306-acetate-optical/index.html[22m [2m(+71ms)[22m 
[2m10:02:19[22m   [34m鈹溾攢[39m [2m/ru/product/yeto306-acetate-optical/index.html[22m [2m(+85ms)[22m 
[2m10:02:19[22m   [34m鈹溾攢[39m [2m/tr/product/yeto306-acetate-optical/index.html[22m [2m(+109ms)[22m 
[2m10:02:19[22m   [34m鈹溾攢[39m [2m/ms/product/yeto306-acetate-optical/index.html[22m [2m(+129ms)[22m 
[2m10:02:19[22m   [34m鈹溾攢[39m [2m/pt/product/yeto306-acetate-optical/index.html[22m [2m(+123ms)[22m 
[2m10:02:20[22m   [34m鈹溾攢[39m [2m/vi/product/yeto306-acetate-optical/index.html[22m [2m(+76ms)[22m 
[2m10:02:20[22m   [34m鈹溾攢[39m [2m/zh/product/yeto306-acetate-optical/index.html[22m [2m(+62ms)[22m 
[2m10:02:20[22m   [34m鈹溾攢[39m [2m/ar/product/yeto307-acetate-optical/index.html[22m [2m(+80ms)[22m 
[2m10:02:20[22m   [34m鈹溾攢[39m [2m/de/product/yeto307-acetate-optical/index.html[22m [2m(+97ms)[22m 
[2m10:02:20[22m   [34m鈹溾攢[39m [2m/es/product/yeto307-acetate-optical/index.html[22m [2m(+83ms)[22m 
[2m10:02:20[22m   [34m鈹溾攢[39m [2m/fr/product/yeto307-acetate-optical/index.html[22m [2m(+67ms)[22m 
[2m10:02:20[22m   [34m鈹溾攢[39m [2m/hi/product/yeto307-acetate-optical/index.html[22m [2m(+105ms)[22m 
[2m10:02:20[22m   [34m鈹溾攢[39m [2m/ja/product/yeto307-acetate-optical/index.html[22m [2m(+121ms)[22m 
[2m10:02:20[22m   [34m鈹溾攢[39m [2m/jv/product/yeto307-acetate-optical/index.html[22m [2m(+98ms)[22m 
[2m10:02:20[22m   [34m鈹溾攢[39m [2m/it/product/yeto307-acetate-optical/index.html[22m [2m(+58ms)[22m 
[2m10:02:20[22m   [34m鈹溾攢[39m [2m/ko/product/yeto307-acetate-optical/index.html[22m [2m(+100ms)[22m 
[2m10:02:21[22m   [34m鈹溾攢[39m [2m/ms/product/yeto307-acetate-optical/index.html[22m [2m(+171ms)[22m 
[2m10:02:21[22m   [34m鈹溾攢[39m [2m/tg/product/yeto307-acetate-optical/index.html[22m [2m(+120ms)[22m 
[2m10:02:21[22m   [34m鈹溾攢[39m [2m/ru/product/yeto307-acetate-optical/index.html[22m [2m(+78ms)[22m 
[2m10:02:21[22m   [34m鈹溾攢[39m [2m/pt/product/yeto307-acetate-optical/index.html[22m [2m(+119ms)[22m 
[2m10:02:21[22m   [34m鈹溾攢[39m [2m/tr/product/yeto307-acetate-optical/index.html[22m [2m(+133ms)[22m 
[2m10:02:21[22m   [34m鈹溾攢[39m [2m/zh/product/yeto307-acetate-optical/index.html[22m [2m(+61ms)[22m 
[2m10:02:21[22m   [34m鈹溾攢[39m [2m/vi/product/yeto307-acetate-optical/index.html[22m [2m(+57ms)[22m 
[2m10:02:21[22m   [34m鈹溾攢[39m [2m/ar/product/yeto308-acetate-optical/index.html[22m [2m(+72ms)[22m 
[2m10:02:21[22m   [34m鈹溾攢[39m [2m/de/product/yeto308-acetate-optical/index.html[22m [2m(+72ms)[22m 
[2m10:02:21[22m   [34m鈹溾攢[39m [2m/es/product/yeto308-acetate-optical/index.html[22m [2m(+87ms)[22m 
[2m10:02:22[22m   [34m鈹溾攢[39m [2m/hi/product/yeto308-acetate-optical/index.html[22m [2m(+95ms)[22m 
[2m10:02:22[22m   [34m鈹溾攢[39m [2m/fr/product/yeto308-acetate-optical/index.html[22m [2m(+101ms)[22m 
[2m10:02:22[22m   [34m鈹溾攢[39m [2m/it/product/yeto308-acetate-optical/index.html[22m [2m(+89ms)[22m 
[2m10:02:22[22m   [34m鈹溾攢[39m [2m/ja/product/yeto308-acetate-optical/index.html[22m [2m(+113ms)[22m 
[2m10:02:22[22m   [34m鈹溾攢[39m [2m/jv/product/yeto308-acetate-optical/index.html[22m [2m(+117ms)[22m 
[2m10:02:22[22m   [34m鈹溾攢[39m [2m/ms/product/yeto308-acetate-optical/index.html[22m [2m(+125ms)[22m 
[2m10:02:22[22m   [34m鈹溾攢[39m [2m/ko/product/yeto308-acetate-optical/index.html[22m [2m(+126ms)[22m 
[2m10:02:22[22m   [34m鈹溾攢[39m [2m/pt/product/yeto308-acetate-optical/index.html[22m [2m(+109ms)[22m 
[2m10:02:22[22m   [34m鈹溾攢[39m [2m/tg/product/yeto308-acetate-optical/index.html[22m [2m(+104ms)[22m 
[2m10:02:22[22m   [34m鈹溾攢[39m [2m/ru/product/yeto308-acetate-optical/index.html[22m [2m(+83ms)[22m 
[2m10:02:23[22m   [34m鈹溾攢[39m [2m/tr/product/yeto308-acetate-optical/index.html[22m [2m(+119ms)[22m 
[2m10:02:23[22m   [34m鈹溾攢[39m [2m/vi/product/yeto308-acetate-optical/index.html[22m [2m(+121ms)[22m 
[2m10:02:23[22m   [34m鈹溾攢[39m [2m/zh/product/yeto308-acetate-optical/index.html[22m [2m(+86ms)[22m 
[2m10:02:23[22m   [34m鈹溾攢[39m [2m/ar/product/yeto309-acetate-optical/index.html[22m [2m(+91ms)[22m 
[2m10:02:23[22m   [34m鈹溾攢[39m [2m/de/product/yeto309-acetate-optical/index.html[22m [2m(+81ms)[22m 
[2m10:02:23[22m   [34m鈹溾攢[39m [2m/es/product/yeto309-acetate-optical/index.html[22m [2m(+69ms)[22m 
[2m10:02:23[22m   [34m鈹溾攢[39m [2m/fr/product/yeto309-acetate-optical/index.html[22m [2m(+63ms)[22m 
[2m10:02:23[22m   [34m鈹溾攢[39m [2m/hi/product/yeto309-acetate-optical/index.html[22m [2m(+69ms)[22m 
[2m10:02:23[22m   [34m鈹溾攢[39m [2m/it/product/yeto309-acetate-optical/index.html[22m [2m(+62ms)[22m 
[2m10:02:23[22m   [34m鈹溾攢[39m [2m/ja/product/yeto309-acetate-optical/index.html[22m [2m(+62ms)[22m 
[2m10:02:23[22m   [34m鈹溾攢[39m [2m/jv/product/yeto309-acetate-optical/index.html[22m [2m(+62ms)[22m 
[2m10:02:23[22m   [34m鈹溾攢[39m [2m/ko/product/yeto309-acetate-optical/index.html[22m [2m(+56ms)[22m 
[2m10:02:24[22m   [34m鈹溾攢[39m [2m/pt/product/yeto309-acetate-optical/index.html[22m [2m(+59ms)[22m 
[2m10:02:24[22m   [34m鈹溾攢[39m [2m/tr/product/yeto309-acetate-optical/index.html[22m [2m(+60ms)[22m 
[2m10:02:24[22m   [34m鈹溾攢[39m [2m/ru/product/yeto309-acetate-optical/index.html[22m [2m(+57ms)[22m 
[2m10:02:24[22m   [34m鈹溾攢[39m [2m/vi/product/yeto309-acetate-optical/index.html[22m [2m(+62ms)[22m 
[2m10:02:24[22m   [34m鈹溾攢[39m [2m/ms/product/yeto309-acetate-optical/index.html[22m [2m(+89ms)[22m 
[2m10:02:24[22m   [34m鈹溾攢[39m [2m/zh/product/yeto309-acetate-optical/index.html[22m [2m(+101ms)[22m 
[2m10:02:24[22m   [34m鈹溾攢[39m [2m/tg/product/yeto309-acetate-optical/index.html[22m [2m(+71ms)[22m 
[2m10:02:24[22m   [34m鈹溾攢[39m [2m/ar/product/yeto310-acetate-optical/index.html[22m [2m(+77ms)[22m 
[2m10:02:24[22m   [34m鈹溾攢[39m [2m/de/product/yeto310-acetate-optical/index.html[22m [2m(+70ms)[22m 
[2m10:02:24[22m   [34m鈹溾攢[39m [2m/es/product/yeto310-acetate-optical/index.html[22m [2m(+63ms)[22m 
[2m10:02:24[22m   [34m鈹溾攢[39m [2m/fr/product/yeto310-acetate-optical/index.html[22m [2m(+70ms)[22m 
[2m10:02:24[22m   [34m鈹溾攢[39m [2m/hi/product/yeto310-acetate-optical/index.html[22m [2m(+86ms)[22m 
[2m10:02:24[22m   [34m鈹溾攢[39m [2m/it/product/yeto310-acetate-optical/index.html[22m [2m(+84ms)[22m 
[2m10:02:24[22m   [34m鈹溾攢[39m [2m/ja/product/yeto310-acetate-optical/index.html[22m [2m(+75ms)[22m 
[2m10:02:25[22m   [34m鈹溾攢[39m [2m/jv/product/yeto310-acetate-optical/index.html[22m [2m(+74ms)[22m 
[2m10:02:25[22m   [34m鈹溾攢[39m [2m/ko/product/yeto310-acetate-optical/index.html[22m [2m(+78ms)[22m 
[2m10:02:25[22m   [34m鈹溾攢[39m [2m/ms/product/yeto310-acetate-optical/index.html[22m [2m(+152ms)[22m 
[2m10:02:25[22m   [34m鈹溾攢[39m [2m/pt/product/yeto310-acetate-optical/index.html[22m [2m(+63ms)[22m 
[2m10:02:25[22m   [34m鈹溾攢[39m [2m/ru/product/yeto310-acetate-optical/index.html[22m [2m(+63ms)[22m 
[2m10:02:25[22m   [34m鈹溾攢[39m [2m/tr/product/yeto310-acetate-optical/index.html[22m [2m(+70ms)[22m 
[2m10:02:25[22m   [34m鈹溾攢[39m [2m/tg/product/yeto310-acetate-optical/index.html[22m [2m(+97ms)[22m 
[2m10:02:25[22m   [34m鈹溾攢[39m [2m/vi/product/yeto310-acetate-optical/index.html[22m [2m(+65ms)[22m 
[2m10:02:25[22m   [34m鈹溾攢[39m [2m/zh/product/yeto310-acetate-optical/index.html[22m [2m(+72ms)[22m 
[2m10:02:25[22m   [34m鈹溾攢[39m [2m/ar/product/yeto311-acetate-optical/index.html[22m [2m(+78ms)[22m 
[2m10:02:25[22m   [34m鈹溾攢[39m [2m/de/product/yeto311-acetate-optical/index.html[22m [2m(+69ms)[22m 
[2m10:02:25[22m   [34m鈹溾攢[39m [2m/es/product/yeto311-acetate-optical/index.html[22m [2m(+62ms)[22m 
[2m10:02:25[22m   [34m鈹溾攢[39m [2m/fr/product/yeto311-acetate-optical/index.html[22m [2m(+57ms)[22m 
[2m10:02:26[22m   [34m鈹溾攢[39m [2m/hi/product/yeto311-acetate-optical/index.html[22m [2m(+62ms)[22m 
[2m10:02:26[22m   [34m鈹溾攢[39m [2m/ja/product/yeto311-acetate-optical/index.html[22m [2m(+87ms)[22m 
[2m10:02:26[22m   [34m鈹溾攢[39m [2m/jv/product/yeto311-acetate-optical/index.html[22m [2m(+85ms)[22m 
[2m10:02:26[22m   [34m鈹溾攢[39m [2m/it/product/yeto311-acetate-optical/index.html[22m [2m(+80ms)[22m 
[2m10:02:26[22m   [34m鈹溾攢[39m [2m/ko/product/yeto311-acetate-optical/index.html[22m [2m(+60ms)[22m 
[2m10:02:26[22m   [34m鈹溾攢[39m [2m/ms/product/yeto311-acetate-optical/index.html[22m [2m(+74ms)[22m 
[2m10:02:26[22m   [34m鈹溾攢[39m [2m/pt/product/yeto311-acetate-optical/index.html[22m [2m(+71ms)[22m 
[2m10:02:26[22m   [34m鈹溾攢[39m [2m/tg/product/yeto311-acetate-optical/index.html[22m [2m(+67ms)[22m 
[2m10:02:26[22m   [34m鈹溾攢[39m [2m/tr/product/yeto311-acetate-optical/index.html[22m [2m(+68ms)[22m 
[2m10:02:26[22m   [34m鈹溾攢[39m [2m/ru/product/yeto311-acetate-optical/index.html[22m [2m(+60ms)[22m 
[2m10:02:26[22m   [34m鈹溾攢[39m [2m/vi/product/yeto311-acetate-optical/index.html[22m [2m(+85ms)[22m 
[2m10:02:26[22m   [34m鈹溾攢[39m [2m/zh/product/yeto311-acetate-optical/index.html[22m [2m(+61ms)[22m 
[2m10:02:26[22m   [34m鈹溾攢[39m [2m/ar/product/yeto312-acetate-optical/index.html[22m [2m(+48ms)[22m 
[2m10:02:26[22m   [34m鈹溾攢[39m [2m/de/product/yeto312-acetate-optical/index.html[22m [2m(+39ms)[22m 
[2m10:02:26[22m   [34m鈹溾攢[39m [2m/es/product/yeto312-acetate-optical/index.html[22m [2m(+66ms)[22m 
[2m10:02:27[22m   [34m鈹溾攢[39m [2m/fr/product/yeto312-acetate-optical/index.html[22m [2m(+227ms)[22m 
[2m10:02:27[22m   [34m鈹溾攢[39m [2m/hi/product/yeto312-acetate-optical/index.html[22m [2m(+110ms)[22m 
[2m10:02:27[22m   [34m鈹溾攢[39m [2m/it/product/yeto312-acetate-optical/index.html[22m [2m(+122ms)[22m 
[2m10:02:27[22m   [34m鈹溾攢[39m [2m/ja/product/yeto312-acetate-optical/index.html[22m [2m(+146ms)[22m 
[2m10:02:27[22m   [34m鈹溾攢[39m [2m/jv/product/yeto312-acetate-optical/index.html[22m [2m(+106ms)[22m 
[2m10:02:27[22m   [34m鈹溾攢[39m [2m/ko/product/yeto312-acetate-optical/index.html[22m [2m(+67ms)[22m 
[2m10:02:27[22m   [34m鈹溾攢[39m [2m/tg/product/yeto312-acetate-optical/index.html[22m [2m(+75ms)[22m 
[2m10:02:27[22m   [34m鈹溾攢[39m [2m/ru/product/yeto312-acetate-optical/index.html[22m [2m(+57ms)[22m 
[2m10:02:27[22m   [34m鈹溾攢[39m [2m/ms/product/yeto312-acetate-optical/index.html[22m [2m(+90ms)[22m 
[2m10:02:28[22m   [34m鈹溾攢[39m [2m/vi/product/yeto312-acetate-optical/index.html[22m [2m(+94ms)[22m 
[2m10:02:28[22m   [34m鈹溾攢[39m [2m/pt/product/yeto312-acetate-optical/index.html[22m [2m(+70ms)[22m 
[2m10:02:28[22m   [34m鈹溾攢[39m [2m/tr/product/yeto312-acetate-optical/index.html[22m [2m(+56ms)[22m 
[2m10:02:28[22m   [34m鈹溾攢[39m [2m/zh/product/yeto312-acetate-optical/index.html[22m [2m(+56ms)[22m 
[2m10:02:28[22m   [34m鈹溾攢[39m [2m/ar/product/yeto314-acetate-optical/index.html[22m [2m(+58ms)[22m 
[2m10:02:28[22m   [34m鈹溾攢[39m [2m/de/product/yeto314-acetate-optical/index.html[22m [2m(+72ms)[22m 
[2m10:02:28[22m   [34m鈹溾攢[39m [2m/es/product/yeto314-acetate-optical/index.html[22m [2m(+64ms)[22m 
[2m10:02:28[22m   [34m鈹溾攢[39m [2m/fr/product/yeto314-acetate-optical/index.html[22m [2m(+178ms)[22m 
[2m10:02:28[22m   [34m鈹溾攢[39m [2m/hi/product/yeto314-acetate-optical/index.html[22m [2m(+103ms)[22m 
[2m10:02:28[22m   [34m鈹溾攢[39m [2m/it/product/yeto314-acetate-optical/index.html[22m [2m(+58ms)[22m 
[2m10:02:28[22m   [34m鈹溾攢[39m [2m/ja/product/yeto314-acetate-optical/index.html[22m [2m(+54ms)[22m 
[2m10:02:28[22m   [34m鈹溾攢[39m [2m/jv/product/yeto314-acetate-optical/index.html[22m [2m(+79ms)[22m 
[2m10:02:28[22m   [34m鈹溾攢[39m [2m/ko/product/yeto314-acetate-optical/index.html[22m [2m(+72ms)[22m 
[2m10:02:29[22m   [34m鈹溾攢[39m [2m/ms/product/yeto314-acetate-optical/index.html[22m [2m(+60ms)[22m 
[2m10:02:29[22m   [34m鈹溾攢[39m [2m/pt/product/yeto314-acetate-optical/index.html[22m [2m(+51ms)[22m 
[2m10:02:29[22m   [34m鈹溾攢[39m [2m/ru/product/yeto314-acetate-optical/index.html[22m [2m(+60ms)[22m 
[2m10:02:29[22m   [34m鈹溾攢[39m [2m/tg/product/yeto314-acetate-optical/index.html[22m [2m(+55ms)[22m 
[2m10:02:29[22m   [34m鈹溾攢[39m [2m/tr/product/yeto314-acetate-optical/index.html[22m [2m(+50ms)[22m 
[2m10:02:29[22m   [34m鈹溾攢[39m [2m/vi/product/yeto314-acetate-optical/index.html[22m [2m(+61ms)[22m 
[2m10:02:29[22m   [34m鈹溾攢[39m [2m/zh/product/yeto314-acetate-optical/index.html[22m [2m(+57ms)[22m 
[2m10:02:29[22m   [34m鈹溾攢[39m [2m/ar/product/yeto315-acetate-optical/index.html[22m [2m(+68ms)[22m 
[2m10:02:29[22m   [34m鈹溾攢[39m [2m/de/product/yeto315-acetate-optical/index.html[22m [2m(+64ms)[22m 
[2m10:02:29[22m   [34m鈹溾攢[39m [2m/es/product/yeto315-acetate-optical/index.html[22m [2m(+51ms)[22m 
[2m10:02:29[22m   [34m鈹溾攢[39m [2m/it/product/yeto315-acetate-optical/index.html[22m [2m(+92ms)[22m 
[2m10:02:29[22m   [34m鈹溾攢[39m [2m/hi/product/yeto315-acetate-optical/index.html[22m [2m(+67ms)[22m 
[2m10:02:29[22m   [34m鈹溾攢[39m [2m/fr/product/yeto315-acetate-optical/index.html[22m [2m(+49ms)[22m 
[2m10:02:29[22m   [34m鈹溾攢[39m [2m/ja/product/yeto315-acetate-optical/index.html[22m [2m(+63ms)[22m 
[2m10:02:29[22m   [34m鈹溾攢[39m [2m/jv/product/yeto315-acetate-optical/index.html[22m [2m(+82ms)[22m 
[2m10:02:29[22m   [34m鈹溾攢[39m [2m/ko/product/yeto315-acetate-optical/index.html[22m [2m(+64ms)[22m 
[2m10:02:30[22m   [34m鈹溾攢[39m [2m/pt/product/yeto315-acetate-optical/index.html[22m [2m(+56ms)[22m 
[2m10:02:30[22m   [34m鈹溾攢[39m [2m/tg/product/yeto315-acetate-optical/index.html[22m [2m(+41ms)[22m 
[2m10:02:30[22m   [34m鈹溾攢[39m [2m/ms/product/yeto315-acetate-optical/index.html[22m [2m(+50ms)[22m 
[2m10:02:30[22m   [34m鈹溾攢[39m [2m/tr/product/yeto315-acetate-optical/index.html[22m [2m(+41ms)[22m 
[2m10:02:30[22m   [34m鈹溾攢[39m [2m/vi/product/yeto315-acetate-optical/index.html[22m [2m(+54ms)[22m 
[2m10:02:30[22m   [34m鈹溾攢[39m [2m/zh/product/yeto315-acetate-optical/index.html[22m [2m(+64ms)[22m 
[2m10:02:30[22m   [34m鈹溾攢[39m [2m/ar/product/yeto317-acetate-optical/index.html[22m [2m(+69ms)[22m 
[2m10:02:30[22m   [34m鈹溾攢[39m [2m/de/product/yeto317-acetate-optical/index.html[22m [2m(+63ms)[22m 
[2m10:02:30[22m   [34m鈹溾攢[39m [2m/es/product/yeto317-acetate-optical/index.html[22m [2m(+47ms)[22m 
[2m10:02:30[22m   [34m鈹溾攢[39m [2m/fr/product/yeto317-acetate-optical/index.html[22m [2m(+47ms)[22m 
[2m10:02:30[22m   [34m鈹溾攢[39m [2m/hi/product/yeto317-acetate-optical/index.html[22m [2m(+46ms)[22m 
[2m10:02:30[22m   [34m鈹溾攢[39m [2m/ja/product/yeto317-acetate-optical/index.html[22m [2m(+44ms)[22m 
[2m10:02:30[22m   [34m鈹溾攢[39m [2m/it/product/yeto317-acetate-optical/index.html[22m [2m(+43ms)[22m 
[2m10:02:30[22m   [34m鈹溾攢[39m [2m/ms/product/yeto317-acetate-optical/index.html[22m [2m(+40ms)[22m 
[2m10:02:30[22m   [34m鈹溾攢[39m [2m/ko/product/yeto317-acetate-optical/index.html[22m [2m(+47ms)[22m 
[2m10:02:30[22m   [34m鈹溾攢[39m [2m/pt/product/yeto317-acetate-optical/index.html[22m [2m(+41ms)[22m 
[2m10:02:30[22m   [34m鈹溾攢[39m [2m/tr/product/yeto317-acetate-optical/index.html[22m [2m(+44ms)[22m 
[2m10:02:30[22m   [34m鈹溾攢[39m [2m/ru/product/yeto317-acetate-optical/index.html[22m [2m(+47ms)[22m 
[2m10:02:30[22m   [34m鈹溾攢[39m [2m/vi/product/yeto317-acetate-optical/index.html[22m [2m(+57ms)[22m 
[2m10:02:30[22m   [34m鈹溾攢[39m [2m/tg/product/yeto317-acetate-optical/index.html[22m [2m(+49ms)[22m 
[2m10:02:31[22m   [34m鈹溾攢[39m [2m/zh/product/yeto317-acetate-optical/index.html[22m [2m(+51ms)[22m 
[2m10:02:31[22m   [34m鈹溾攢[39m [2m/de/product/yeto318-acetate-optical/index.html[22m [2m(+56ms)[22m 
[2m10:02:31[22m   [34m鈹溾攢[39m [2m/ar/product/yeto318-acetate-optical/index.html[22m [2m(+56ms)[22m 
[2m10:02:31[22m   [34m鈹溾攢[39m [2m/es/product/yeto318-acetate-optical/index.html[22m [2m(+51ms)[22m 
[2m10:02:31[22m   [34m鈹溾攢[39m [2m/fr/product/yeto318-acetate-optical/index.html[22m [2m(+39ms)[22m 
[2m10:02:31[22m   [34m鈹溾攢[39m [2m/hi/product/yeto318-acetate-optical/index.html[22m [2m(+54ms)[22m 
[2m10:02:31[22m   [34m鈹溾攢[39m [2m/it/product/yeto318-acetate-optical/index.html[22m [2m(+66ms)[22m 
[2m10:02:31[22m   [34m鈹溾攢[39m [2m/ja/product/yeto318-acetate-optical/index.html[22m [2m(+63ms)[22m 
[2m10:02:31[22m   [34m鈹溾攢[39m [2m/ko/product/yeto318-acetate-optical/index.html[22m [2m(+70ms)[22m 
[2m10:02:31[22m   [34m鈹溾攢[39m [2m/ms/product/yeto318-acetate-optical/index.html[22m [2m(+77ms)[22m 
[2m10:02:31[22m   [34m鈹溾攢[39m [2m/pt/product/yeto318-acetate-optical/index.html[22m [2m(+62ms)[22m 
[2m10:02:31[22m   [34m鈹溾攢[39m [2m/tg/product/yeto318-acetate-optical/index.html[22m [2m(+61ms)[22m 
[2m10:02:31[22m   [34m鈹溾攢[39m [2m/ru/product/yeto318-acetate-optical/index.html[22m [2m(+62ms)[22m 
[2m10:02:31[22m   [34m鈹溾攢[39m [2m/jv/product/yeto318-acetate-optical/index.html[22m [2m(+50ms)[22m 
[2m10:02:31[22m   [34m鈹溾攢[39m [2m/tr/product/yeto318-acetate-optical/index.html[22m [2m(+41ms)[22m 
[2m10:02:31[22m   [34m鈹溾攢[39m [2m/vi/product/yeto318-acetate-optical/index.html[22m [2m(+43ms)[22m 
[2m10:02:31[22m   [34m鈹溾攢[39m [2m/zh/product/yeto318-acetate-optical/index.html[22m [2m(+38ms)[22m 
[2m10:02:31[22m   [34m鈹溾攢[39m [2m/ar/product/yeto319-acetate-optical/index.html[22m [2m(+43ms)[22m 
[2m10:02:32[22m   [34m鈹溾攢[39m [2m/de/product/yeto319-acetate-optical/index.html[22m [2m(+48ms)[22m 
[2m10:02:32[22m   [34m鈹溾攢[39m [2m/es/product/yeto319-acetate-optical/index.html[22m [2m(+48ms)[22m 
[2m10:02:32[22m   [34m鈹溾攢[39m [2m/fr/product/yeto319-acetate-optical/index.html[22m [2m(+40ms)[22m 
[2m10:02:32[22m   [34m鈹溾攢[39m [2m/hi/product/yeto319-acetate-optical/index.html[22m [2m(+44ms)[22m 
[2m10:02:32[22m   [34m鈹溾攢[39m [2m/it/product/yeto319-acetate-optical/index.html[22m [2m(+43ms)[22m 
[2m10:02:32[22m   [34m鈹溾攢[39m [2m/ja/product/yeto319-acetate-optical/index.html[22m [2m(+43ms)[22m 
[2m10:02:32[22m   [34m鈹溾攢[39m [2m/jv/product/yeto319-acetate-optical/index.html[22m [2m(+46ms)[22m 
[2m10:02:32[22m   [34m鈹溾攢[39m [2m/ko/product/yeto319-acetate-optical/index.html[22m [2m(+46ms)[22m 
[2m10:02:32[22m   [34m鈹溾攢[39m [2m/ms/product/yeto319-acetate-optical/index.html[22m [2m(+58ms)[22m 
[2m10:02:32[22m   [34m鈹溾攢[39m [2m/ru/product/yeto319-acetate-optical/index.html[22m [2m(+63ms)[22m 
[2m10:02:32[22m   [34m鈹溾攢[39m [2m/pt/product/yeto319-acetate-optical/index.html[22m [2m(+46ms)[22m 
[2m10:02:32[22m   [34m鈹溾攢[39m [2m/tg/product/yeto319-acetate-optical/index.html[22m [2m(+55ms)[22m 
[2m10:02:32[22m   [34m鈹溾攢[39m [2m/tr/product/yeto319-acetate-optical/index.html[22m [2m(+55ms)[22m 
[2m10:02:32[22m   [34m鈹溾攢[39m [2m/vi/product/yeto319-acetate-optical/index.html[22m [2m(+51ms)[22m 
[2m10:02:32[22m   [34m鈹溾攢[39m [2m/zh/product/yeto319-acetate-optical/index.html[22m [2m(+66ms)[22m 
[2m10:02:32[22m   [34m鈹溾攢[39m [2m/ar/product/yeto320-acetate-optical/index.html[22m [2m(+68ms)[22m 
[2m10:02:32[22m   [34m鈹溾攢[39m [2m/de/product/yeto320-acetate-optical/index.html[22m [2m(+61ms)[22m 
[2m10:02:32[22m   [34m鈹溾攢[39m [2m/es/product/yeto320-acetate-optical/index.html[22m [2m(+60ms)[22m 
[2m10:02:32[22m   [34m鈹溾攢[39m [2m/fr/product/yeto320-acetate-optical/index.html[22m [2m(+73ms)[22m 
[2m10:02:33[22m   [34m鈹溾攢[39m [2m/hi/product/yeto320-acetate-optical/index.html[22m [2m(+78ms)[22m 
[2m10:02:33[22m   [34m鈹溾攢[39m [2m/it/product/yeto320-acetate-optical/index.html[22m [2m(+93ms)[22m 
[2m10:02:33[22m   [34m鈹溾攢[39m [2m/ja/product/yeto320-acetate-optical/index.html[22m [2m(+112ms)[22m 
[2m10:02:33[22m   [34m鈹溾攢[39m [2m/ko/product/yeto320-acetate-optical/index.html[22m [2m(+70ms)[22m 
[2m10:02:33[22m   [34m鈹溾攢[39m [2m/jv/product/yeto320-acetate-optical/index.html[22m [2m(+68ms)[22m 
[2m10:02:33[22m   [34m鈹溾攢[39m [2m/ms/product/yeto320-acetate-optical/index.html[22m [2m(+74ms)[22m 
[2m10:02:33[22m   [34m鈹溾攢[39m [2m/ru/product/yeto320-acetate-optical/index.html[22m [2m(+73ms)[22m 
[2m10:02:33[22m   [34m鈹溾攢[39m [2m/pt/product/yeto320-acetate-optical/index.html[22m [2m(+60ms)[22m 
[2m10:02:33[22m   [34m鈹溾攢[39m [2m/tr/product/yeto320-acetate-optical/index.html[22m [2m(+56ms)[22m 
[2m10:02:33[22m   [34m鈹溾攢[39m [2m/tg/product/yeto320-acetate-optical/index.html[22m [2m(+50ms)[22m 
[2m10:02:33[22m   [34m鈹溾攢[39m [2m/vi/product/yeto320-acetate-optical/index.html[22m [2m(+69ms)[22m 
[2m10:02:33[22m   [34m鈹溾攢[39m [2m/zh/product/yeto320-acetate-optical/index.html[22m [2m(+80ms)[22m 
[2m10:02:33[22m   [34m鈹溾攢[39m [2m/ar/product/yeto321-acetate-optical/index.html[22m [2m(+82ms)[22m 
[2m10:02:34[22m   [34m鈹溾攢[39m [2m/de/product/yeto321-acetate-optical/index.html[22m [2m(+75ms)[22m 
[2m10:02:34[22m   [34m鈹溾攢[39m [2m/es/product/yeto321-acetate-optical/index.html[22m [2m(+104ms)[22m 
[2m10:02:34[22m   [34m鈹溾攢[39m [2m/fr/product/yeto321-acetate-optical/index.html[22m [2m(+77ms)[22m 
[2m10:02:34[22m   [34m鈹溾攢[39m [2m/hi/product/yeto321-acetate-optical/index.html[22m [2m(+59ms)[22m 
[2m10:02:34[22m   [34m鈹溾攢[39m [2m/it/product/yeto321-acetate-optical/index.html[22m [2m(+60ms)[22m 
[2m10:02:34[22m   [34m鈹溾攢[39m [2m/ja/product/yeto321-acetate-optical/index.html[22m [2m(+54ms)[22m 
[2m10:02:34[22m   [34m鈹溾攢[39m [2m/jv/product/yeto321-acetate-optical/index.html[22m [2m(+67ms)[22m 
[2m10:02:34[22m   [34m鈹溾攢[39m [2m/ms/product/yeto321-acetate-optical/index.html[22m [2m(+73ms)[22m 
[2m10:02:34[22m   [34m鈹溾攢[39m [2m/ko/product/yeto321-acetate-optical/index.html[22m [2m(+72ms)[22m 
[2m10:02:34[22m   [34m鈹溾攢[39m [2m/pt/product/yeto321-acetate-optical/index.html[22m [2m(+70ms)[22m 
[2m10:02:34[22m   [34m鈹溾攢[39m [2m/ru/product/yeto321-acetate-optical/index.html[22m [2m(+70ms)[22m 
[2m10:02:34[22m   [34m鈹溾攢[39m [2m/tg/product/yeto321-acetate-optical/index.html[22m [2m(+66ms)[22m 
[2m10:02:34[22m   [34m鈹溾攢[39m [2m/tr/product/yeto321-acetate-optical/index.html[22m [2m(+65ms)[22m 
[2m10:02:34[22m   [34m鈹溾攢[39m [2m/vi/product/yeto321-acetate-optical/index.html[22m [2m(+65ms)[22m 
[2m10:02:34[22m   [34m鈹溾攢[39m [2m/zh/product/yeto321-acetate-optical/index.html[22m [2m(+64ms)[22m 
[2m10:02:35[22m   [34m鈹溾攢[39m [2m/ar/product/yeto322-acetate-optical/index.html[22m [2m(+65ms)[22m 
[2m10:02:35[22m   [34m鈹溾攢[39m [2m/de/product/yeto322-acetate-optical/index.html[22m [2m(+45ms)[22m 
[2m10:02:35[22m   [34m鈹溾攢[39m [2m/fr/product/yeto322-acetate-optical/index.html[22m [2m(+47ms)[22m 
[2m10:02:35[22m   [34m鈹溾攢[39m [2m/hi/product/yeto322-acetate-optical/index.html[22m [2m(+50ms)[22m 
[2m10:02:35[22m   [34m鈹溾攢[39m [2m/es/product/yeto322-acetate-optical/index.html[22m [2m(+51ms)[22m 
[2m10:02:35[22m   [34m鈹溾攢[39m [2m/it/product/yeto322-acetate-optical/index.html[22m [2m(+56ms)[22m 
[2m10:02:35[22m   [34m鈹溾攢[39m [2m/ja/product/yeto322-acetate-optical/index.html[22m [2m(+70ms)[22m 
[2m10:02:35[22m   [34m鈹溾攢[39m [2m/jv/product/yeto322-acetate-optical/index.html[22m [2m(+73ms)[22m 
[2m10:02:35[22m   [34m鈹溾攢[39m [2m/ko/product/yeto322-acetate-optical/index.html[22m [2m(+46ms)[22m 
[2m10:02:35[22m   [34m鈹溾攢[39m [2m/ms/product/yeto322-acetate-optical/index.html[22m [2m(+65ms)[22m 
[2m10:02:35[22m   [34m鈹溾攢[39m [2m/ru/product/yeto322-acetate-optical/index.html[22m [2m(+65ms)[22m 
[2m10:02:35[22m   [34m鈹溾攢[39m [2m/pt/product/yeto322-acetate-optical/index.html[22m [2m(+56ms)[22m 
[2m10:02:35[22m   [34m鈹溾攢[39m [2m/vi/product/yeto322-acetate-optical/index.html[22m [2m(+42ms)[22m 
[2m10:02:35[22m   [34m鈹溾攢[39m [2m/tg/product/yeto322-acetate-optical/index.html[22m [2m(+38ms)[22m 
[2m10:02:35[22m   [34m鈹溾攢[39m [2m/zh/product/yeto322-acetate-optical/index.html[22m [2m(+39ms)[22m 
[2m10:02:35[22m   [34m鈹溾攢[39m [2m/tr/product/yeto322-acetate-optical/index.html[22m [2m(+41ms)[22m 
[2m10:02:35[22m   [34m鈹溾攢[39m [2m/de/product/yeto323-acetate-optical/index.html[22m [2m(+42ms)[22m 
[2m10:02:35[22m   [34m鈹溾攢[39m [2m/ar/product/yeto323-acetate-optical/index.html[22m [2m(+40ms)[22m 
[2m10:02:35[22m   [34m鈹溾攢[39m [2m/es/product/yeto323-acetate-optical/index.html[22m [2m(+47ms)[22m 
[2m10:02:36[22m   [34m鈹溾攢[39m [2m/fr/product/yeto323-acetate-optical/index.html[22m [2m(+49ms)[22m 
[2m10:02:36[22m   [34m鈹溾攢[39m [2m/hi/product/yeto323-acetate-optical/index.html[22m [2m(+52ms)[22m 
[2m10:02:36[22m   [34m鈹溾攢[39m [2m/it/product/yeto323-acetate-optical/index.html[22m [2m(+46ms)[22m 
[2m10:02:36[22m   [34m鈹溾攢[39m [2m/jv/product/yeto323-acetate-optical/index.html[22m [2m(+38ms)[22m 
[2m10:02:36[22m   [34m鈹溾攢[39m [2m/ja/product/yeto323-acetate-optical/index.html[22m [2m(+42ms)[22m 
[2m10:02:36[22m   [34m鈹溾攢[39m [2m/ko/product/yeto323-acetate-optical/index.html[22m [2m(+41ms)[22m 
[2m10:02:36[22m   [34m鈹溾攢[39m [2m/ms/product/yeto323-acetate-optical/index.html[22m [2m(+61ms)[22m 
[2m10:02:36[22m   [34m鈹溾攢[39m [2m/pt/product/yeto323-acetate-optical/index.html[22m [2m(+56ms)[22m 
[2m10:02:36[22m   [34m鈹溾攢[39m [2m/ru/product/yeto323-acetate-optical/index.html[22m [2m(+56ms)[22m 
[2m10:02:36[22m   [34m鈹溾攢[39m [2m/tg/product/yeto323-acetate-optical/index.html[22m [2m(+54ms)[22m 
[2m10:02:36[22m   [34m鈹溾攢[39m [2m/tr/product/yeto323-acetate-optical/index.html[22m [2m(+42ms)[22m 
[2m10:02:36[22m   [34m鈹溾攢[39m [2m/vi/product/yeto323-acetate-optical/index.html[22m [2m(+42ms)[22m 
[2m10:02:36[22m   [34m鈹溾攢[39m [2m/zh/product/yeto323-acetate-optical/index.html[22m [2m(+45ms)[22m 
[2m10:02:36[22m   [34m鈹溾攢[39m [2m/ar/product/yeto344-acetate-optical/index.html[22m [2m(+57ms)[22m 
[2m10:02:36[22m   [34m鈹溾攢[39m [2m/de/product/yeto344-acetate-optical/index.html[22m [2m(+53ms)[22m 
[2m10:02:36[22m   [34m鈹溾攢[39m [2m/es/product/yeto344-acetate-optical/index.html[22m [2m(+48ms)[22m 
[2m10:02:36[22m   [34m鈹溾攢[39m [2m/fr/product/yeto344-acetate-optical/index.html[22m [2m(+41ms)[22m 
[2m10:02:36[22m   [34m鈹溾攢[39m [2m/hi/product/yeto344-acetate-optical/index.html[22m [2m(+45ms)[22m 
[2m10:02:36[22m   [34m鈹溾攢[39m [2m/it/product/yeto344-acetate-optical/index.html[22m [2m(+46ms)[22m 
[2m10:02:36[22m   [34m鈹溾攢[39m [2m/ja/product/yeto344-acetate-optical/index.html[22m [2m(+48ms)[22m 
[2m10:02:36[22m   [34m鈹溾攢[39m [2m/jv/product/yeto344-acetate-optical/index.html[22m [2m(+54ms)[22m 
[2m10:02:37[22m   [34m鈹溾攢[39m [2m/ko/product/yeto344-acetate-optical/index.html[22m [2m(+57ms)[22m 
[2m10:02:37[22m   [34m鈹溾攢[39m [2m/ms/product/yeto344-acetate-optical/index.html[22m [2m(+78ms)[22m 
[2m10:02:37[22m   [34m鈹溾攢[39m [2m/pt/product/yeto344-acetate-optical/index.html[22m [2m(+89ms)[22m 
[2m10:02:37[22m   [34m鈹溾攢[39m [2m/ru/product/yeto344-acetate-optical/index.html[22m [2m(+98ms)[22m 
[2m10:02:37[22m   [34m鈹溾攢[39m [2m/tg/product/yeto344-acetate-optical/index.html[22m [2m(+91ms)[22m 
[2m10:02:37[22m   [34m鈹溾攢[39m [2m/tr/product/yeto344-acetate-optical/index.html[22m [2m(+92ms)[22m 
[2m10:02:37[22m   [34m鈹溾攢[39m [2m/vi/product/yeto344-acetate-optical/index.html[22m [2m(+74ms)[22m 
[2m10:02:37[22m   [34m鈹溾攢[39m [2m/zh/product/yeto344-acetate-optical/index.html[22m [2m(+56ms)[22m 
[2m10:02:37[22m   [34m鈹溾攢[39m [2m/ar/product/yeto501-acetate-optical/index.html[22m [2m(+53ms)[22m 
[2m10:02:37[22m   [34m鈹溾攢[39m [2m/de/product/yeto501-acetate-optical/index.html[22m [2m(+58ms)[22m 
[2m10:02:37[22m   [34m鈹溾攢[39m [2m/es/product/yeto501-acetate-optical/index.html[22m [2m(+46ms)[22m 
[2m10:02:37[22m   [34m鈹溾攢[39m [2m/hi/product/yeto501-acetate-optical/index.html[22m [2m(+44ms)[22m 
[2m10:02:37[22m   [34m鈹溾攢[39m [2m/it/product/yeto501-acetate-optical/index.html[22m [2m(+51ms)[22m 
[2m10:02:37[22m   [34m鈹溾攢[39m [2m/fr/product/yeto501-acetate-optical/index.html[22m [2m(+44ms)[22m 
[2m10:02:37[22m   [34m鈹溾攢[39m [2m/ja/product/yeto501-acetate-optical/index.html[22m [2m(+39ms)[22m 
[2m10:02:38[22m   [34m鈹溾攢[39m [2m/ko/product/yeto501-acetate-optical/index.html[22m [2m(+101ms)[22m 
[2m10:02:38[22m   [34m鈹溾攢[39m [2m/jv/product/yeto501-acetate-optical/index.html[22m [2m(+48ms)[22m 
[2m10:02:38[22m   [34m鈹溾攢[39m [2m/tg/product/yeto501-acetate-optical/index.html[22m [2m(+38ms)[22m 
[2m10:02:38[22m   [34m鈹溾攢[39m [2m/pt/product/yeto501-acetate-optical/index.html[22m [2m(+41ms)[22m 
[2m10:02:38[22m   [34m鈹溾攢[39m [2m/ru/product/yeto501-acetate-optical/index.html[22m [2m(+36ms)[22m 
[2m10:02:38[22m   [34m鈹溾攢[39m [2m/vi/product/yeto501-acetate-optical/index.html[22m [2m(+37ms)[22m 
[2m10:02:38[22m   [34m鈹溾攢[39m [2m/ms/product/yeto501-acetate-optical/index.html[22m [2m(+37ms)[22m 
[2m10:02:38[22m   [34m鈹溾攢[39m [2m/zh/product/yeto501-acetate-optical/index.html[22m [2m(+55ms)[22m 
[2m10:02:38[22m   [34m鈹溾攢[39m [2m/tr/product/yeto501-acetate-optical/index.html[22m [2m(+58ms)[22m 
[2m10:02:38[22m   [34m鈹溾攢[39m [2m/ar/product/yeto502-acetate-optical/index.html[22m [2m(+45ms)[22m 
[2m10:02:38[22m   [34m鈹溾攢[39m [2m/de/product/yeto502-acetate-optical/index.html[22m [2m(+53ms)[22m 
[2m10:02:38[22m   [34m鈹溾攢[39m [2m/es/product/yeto502-acetate-optical/index.html[22m [2m(+52ms)[22m 
[2m10:02:38[22m   [34m鈹溾攢[39m [2m/fr/product/yeto502-acetate-optical/index.html[22m [2m(+45ms)[22m 
[2m10:02:38[22m   [34m鈹溾攢[39m [2m/hi/product/yeto502-acetate-optical/index.html[22m [2m(+37ms)[22m 
[2m10:02:38[22m   [34m鈹溾攢[39m [2m/it/product/yeto502-acetate-optical/index.html[22m [2m(+47ms)[22m 
[2m10:02:38[22m   [34m鈹溾攢[39m [2m/ja/product/yeto502-acetate-optical/index.html[22m [2m(+54ms)[22m 
[2m10:02:38[22m   [34m鈹溾攢[39m [2m/jv/product/yeto502-acetate-optical/index.html[22m [2m(+45ms)[22m 
[2m10:02:38[22m   [34m鈹溾攢[39m [2m/ko/product/yeto502-acetate-optical/index.html[22m [2m(+41ms)[22m 
[2m10:02:38[22m   [34m鈹溾攢[39m [2m/ru/product/yeto502-acetate-optical/index.html[22m [2m(+39ms)[22m 
[2m10:02:38[22m   [34m鈹溾攢[39m [2m/ms/product/yeto502-acetate-optical/index.html[22m [2m(+46ms)[22m 
[2m10:02:38[22m   [34m鈹溾攢[39m [2m/tg/product/yeto502-acetate-optical/index.html[22m [2m(+54ms)[22m 
[2m10:02:39[22m   [34m鈹溾攢[39m [2m/pt/product/yeto502-acetate-optical/index.html[22m [2m(+60ms)[22m 
[2m10:02:39[22m   [34m鈹溾攢[39m [2m/tr/product/yeto502-acetate-optical/index.html[22m [2m(+49ms)[22m 
[2m10:02:39[22m   [34m鈹溾攢[39m [2m/vi/product/yeto502-acetate-optical/index.html[22m [2m(+38ms)[22m 
[2m10:02:39[22m   [34m鈹溾攢[39m [2m/zh/product/yeto502-acetate-optical/index.html[22m [2m(+37ms)[22m 
[2m10:02:39[22m   [34m鈹溾攢[39m [2m/ru/product/yeto315-acetate-optical/index.html[22m [2m(+39ms)[22m 
[2m10:02:39[22m   [34m鈹溾攢[39m [2m/jv/product/yeto317-acetate-optical/index.html[22m [2m(+38ms)[22m 
[2m10:02:39[22m   [34m鈹溾攢[39m [2m/ar/product/yet101-acetate-sunglasses/index.html[22m [2m(+39ms)[22m 
[2m10:02:39[22m   [34m鈹溾攢[39m [2m/de/product/yet101-acetate-sunglasses/index.html[22m [2m(+42ms)[22m 
[2m10:02:39[22m   [34m鈹溾攢[39m [2m/es/product/yet101-acetate-sunglasses/index.html[22m [2m(+55ms)[22m 
[2m10:02:39[22m   [34m鈹溾攢[39m [2m/fr/product/yet101-acetate-sunglasses/index.html[22m [2m(+47ms)[22m 
[2m10:02:39[22m   [34m鈹溾攢[39m [2m/hi/product/yet101-acetate-sunglasses/index.html[22m [2m(+39ms)[22m 
[2m10:02:39[22m   [34m鈹溾攢[39m [2m/it/product/yet101-acetate-sunglasses/index.html[22m [2m(+41ms)[22m 
[2m10:02:39[22m   [34m鈹溾攢[39m [2m/ja/product/yet101-acetate-sunglasses/index.html[22m [2m(+43ms)[22m 
[2m10:02:39[22m   [34m鈹溾攢[39m [2m/ko/product/yet101-acetate-sunglasses/index.html[22m [2m(+37ms)[22m 
[2m10:02:39[22m   [34m鈹溾攢[39m [2m/ms/product/yet101-acetate-sunglasses/index.html[22m [2m(+38ms)[22m 
[2m10:02:39[22m   [34m鈹溾攢[39m [2m/tg/product/yet101-acetate-sunglasses/index.html[22m [2m(+52ms)[22m 
[2m10:02:39[22m   [34m鈹溾攢[39m [2m/pt/product/yet101-acetate-sunglasses/index.html[22m [2m(+50ms)[22m 
[2m10:02:39[22m   [34m鈹溾攢[39m [2m/ru/product/yet101-acetate-sunglasses/index.html[22m [2m(+42ms)[22m 
[2m10:02:39[22m   [34m鈹溾攢[39m [2m/zh/product/yet101-acetate-sunglasses/index.html[22m [2m(+40ms)[22m 
[2m10:02:39[22m   [34m鈹溾攢[39m [2m/tr/product/yet101-acetate-sunglasses/index.html[22m [2m(+69ms)[22m 
[2m10:02:39[22m   [34m鈹溾攢[39m [2m/vi/product/yet101-acetate-sunglasses/index.html[22m [2m(+47ms)[22m 
[2m10:02:39[22m   [34m鈹溾攢[39m [2m/jv/product/yet101-acetate-sunglasses/index.html[22m [2m(+49ms)[22m 
[2m10:02:40[22m   [34m鈹溾攢[39m [2m/de/product/yet102-acetate-sunglasses/index.html[22m [2m(+55ms)[22m 
[2m10:02:40[22m   [34m鈹溾攢[39m [2m/ar/product/yet102-acetate-sunglasses/index.html[22m [2m(+54ms)[22m 
[2m10:02:40[22m   [34m鈹溾攢[39m [2m/es/product/yet102-acetate-sunglasses/index.html[22m [2m(+52ms)[22m 
[2m10:02:40[22m   [34m鈹溾攢[39m [2m/hi/product/yet102-acetate-sunglasses/index.html[22m [2m(+87ms)[22m 
[2m10:02:40[22m   [34m鈹溾攢[39m [2m/it/product/yet102-acetate-sunglasses/index.html[22m [2m(+103ms)[22m 
[2m10:02:40[22m   [34m鈹溾攢[39m [2m/ja/product/yet102-acetate-sunglasses/index.html[22m [2m(+76ms)[22m 
[2m10:02:40[22m   [34m鈹溾攢[39m [2m/jv/product/yet102-acetate-sunglasses/index.html[22m [2m(+61ms)[22m 
[2m10:02:40[22m   [34m鈹溾攢[39m [2m/ko/product/yet102-acetate-sunglasses/index.html[22m [2m(+66ms)[22m 
[2m10:02:40[22m   [34m鈹溾攢[39m [2m/ms/product/yet102-acetate-sunglasses/index.html[22m [2m(+52ms)[22m 
[2m10:02:40[22m   [34m鈹溾攢[39m [2m/pt/product/yet102-acetate-sunglasses/index.html[22m [2m(+42ms)[22m 
[2m10:02:40[22m   [34m鈹溾攢[39m [2m/ru/product/yet102-acetate-sunglasses/index.html[22m [2m(+49ms)[22m 
[2m10:02:40[22m   [34m鈹溾攢[39m [2m/tg/product/yet102-acetate-sunglasses/index.html[22m [2m(+63ms)[22m 
[2m10:02:40[22m   [34m鈹溾攢[39m [2m/tr/product/yet102-acetate-sunglasses/index.html[22m [2m(+56ms)[22m 
[2m10:02:40[22m   [34m鈹溾攢[39m [2m/vi/product/yet102-acetate-sunglasses/index.html[22m [2m(+97ms)[22m 
[2m10:02:40[22m   [34m鈹溾攢[39m [2m/zh/product/yet102-acetate-sunglasses/index.html[22m [2m(+78ms)[22m 
[2m10:02:41[22m   [34m鈹溾攢[39m [2m/fr/product/yet102-acetate-sunglasses/index.html[22m [2m(+76ms)[22m 
[2m10:02:41[22m   [34m鈹溾攢[39m [2m/ar/product/yet103-acetate-sunglasses/index.html[22m [2m(+76ms)[22m 
[2m10:02:41[22m   [34m鈹溾攢[39m [2m/de/product/yet103-acetate-sunglasses/index.html[22m [2m(+94ms)[22m 
[2m10:02:41[22m   [34m鈹溾攢[39m [2m/fr/product/yet103-acetate-sunglasses/index.html[22m [2m(+79ms)[22m 
[2m10:02:41[22m   [34m鈹溾攢[39m [2m/es/product/yet103-acetate-sunglasses/index.html[22m [2m(+71ms)[22m 
[2m10:02:41[22m   [34m鈹溾攢[39m [2m/it/product/yet103-acetate-sunglasses/index.html[22m [2m(+81ms)[22m 
[2m10:02:41[22m   [34m鈹溾攢[39m [2m/hi/product/yet103-acetate-sunglasses/index.html[22m [2m(+98ms)[22m 
[2m10:02:41[22m   [34m鈹溾攢[39m [2m/ja/product/yet103-acetate-sunglasses/index.html[22m [2m(+80ms)[22m 
[2m10:02:41[22m   [34m鈹溾攢[39m [2m/jv/product/yet103-acetate-sunglasses/index.html[22m [2m(+129ms)[22m 
[2m10:02:41[22m   [34m鈹溾攢[39m [2m/ko/product/yet103-acetate-sunglasses/index.html[22m [2m(+104ms)[22m 
[2m10:02:41[22m   [34m鈹溾攢[39m [2m/ms/product/yet103-acetate-sunglasses/index.html[22m [2m(+82ms)[22m 
[2m10:02:41[22m   [34m鈹溾攢[39m [2m/tg/product/yet103-acetate-sunglasses/index.html[22m [2m(+130ms)[22m 
[2m10:02:42[22m   [34m鈹溾攢[39m [2m/ru/product/yet103-acetate-sunglasses/index.html[22m [2m(+144ms)[22m 
[2m10:02:42[22m   [34m鈹溾攢[39m [2m/pt/product/yet103-acetate-sunglasses/index.html[22m [2m(+93ms)[22m 
[2m10:02:42[22m   [34m鈹溾攢[39m [2m/tr/product/yet103-acetate-sunglasses/index.html[22m [2m(+90ms)[22m 
[2m10:02:42[22m   [34m鈹溾攢[39m [2m/vi/product/yet103-acetate-sunglasses/index.html[22m [2m(+102ms)[22m 
[2m10:02:42[22m   [34m鈹溾攢[39m [2m/zh/product/yet103-acetate-sunglasses/index.html[22m [2m(+83ms)[22m 
[2m10:02:42[22m   [34m鈹溾攢[39m [2m/ar/product/yet104-acetate-sunglasses/index.html[22m [2m(+86ms)[22m 
[2m10:02:42[22m   [34m鈹溾攢[39m [2m/de/product/yet104-acetate-sunglasses/index.html[22m [2m(+101ms)[22m 
[2m10:02:42[22m   [34m鈹溾攢[39m [2m/es/product/yet104-acetate-sunglasses/index.html[22m [2m(+105ms)[22m 
[2m10:02:42[22m   [34m鈹溾攢[39m [2m/fr/product/yet104-acetate-sunglasses/index.html[22m [2m(+107ms)[22m 
[2m10:02:43[22m   [34m鈹溾攢[39m [2m/hi/product/yet104-acetate-sunglasses/index.html[22m [2m(+111ms)[22m 
[2m10:02:43[22m   [34m鈹溾攢[39m [2m/it/product/yet104-acetate-sunglasses/index.html[22m [2m(+112ms)[22m 
[2m10:02:43[22m   [34m鈹溾攢[39m [2m/ja/product/yet104-acetate-sunglasses/index.html[22m [2m(+100ms)[22m 
[2m10:02:43[22m   [34m鈹溾攢[39m [2m/jv/product/yet104-acetate-sunglasses/index.html[22m [2m(+119ms)[22m 
[2m10:02:43[22m   [34m鈹溾攢[39m [2m/ko/product/yet104-acetate-sunglasses/index.html[22m [2m(+89ms)[22m 
[2m10:02:43[22m   [34m鈹溾攢[39m [2m/ru/product/yet104-acetate-sunglasses/index.html[22m [2m(+82ms)[22m 
[2m10:02:43[22m   [34m鈹溾攢[39m [2m/pt/product/yet104-acetate-sunglasses/index.html[22m [2m(+92ms)[22m 
[2m10:02:43[22m   [34m鈹溾攢[39m [2m/tg/product/yet104-acetate-sunglasses/index.html[22m [2m(+121ms)[22m 
[2m10:02:43[22m   [34m鈹溾攢[39m [2m/vi/product/yet104-acetate-sunglasses/index.html[22m [2m(+175ms)[22m 
[2m10:02:44[22m   [34m鈹溾攢[39m [2m/tr/product/yet104-acetate-sunglasses/index.html[22m [2m(+104ms)[22m 
[2m10:02:44[22m   [34m鈹溾攢[39m [2m/ms/product/yet104-acetate-sunglasses/index.html[22m [2m(+92ms)[22m 
[2m10:02:44[22m   [34m鈹溾攢[39m [2m/zh/product/yet104-acetate-sunglasses/index.html[22m [2m(+79ms)[22m 
[2m10:02:44[22m   [34m鈹溾攢[39m [2m/ar/product/yet105-acetate-sunglasses/index.html[22m [2m(+98ms)[22m 
[2m10:02:44[22m   [34m鈹溾攢[39m [2m/de/product/yet105-acetate-sunglasses/index.html[22m [2m(+117ms)[22m 
[2m10:02:44[22m   [34m鈹溾攢[39m [2m/es/product/yet105-acetate-sunglasses/index.html[22m [2m(+162ms)[22m 
[2m10:02:44[22m   [34m鈹溾攢[39m [2m/hi/product/yet105-acetate-sunglasses/index.html[22m [2m(+118ms)[22m 
[2m10:02:44[22m   [34m鈹溾攢[39m [2m/fr/product/yet105-acetate-sunglasses/index.html[22m [2m(+83ms)[22m 
[2m10:02:44[22m   [34m鈹溾攢[39m [2m/ja/product/yet105-acetate-sunglasses/index.html[22m [2m(+88ms)[22m 
[2m10:02:44[22m   [34m鈹溾攢[39m [2m/it/product/yet105-acetate-sunglasses/index.html[22m [2m(+92ms)[22m 
[2m10:02:45[22m   [34m鈹溾攢[39m [2m/jv/product/yet105-acetate-sunglasses/index.html[22m [2m(+95ms)[22m 
[2m10:02:45[22m   [34m鈹溾攢[39m [2m/ko/product/yet105-acetate-sunglasses/index.html[22m [2m(+98ms)[22m 
[2m10:02:45[22m   [34m鈹溾攢[39m [2m/ms/product/yet105-acetate-sunglasses/index.html[22m [2m(+84ms)[22m 
[2m10:02:45[22m   [34m鈹溾攢[39m [2m/pt/product/yet105-acetate-sunglasses/index.html[22m [2m(+155ms)[22m 
[2m10:02:45[22m   [34m鈹溾攢[39m [2m/ru/product/yet105-acetate-sunglasses/index.html[22m [2m(+97ms)[22m 
[2m10:02:45[22m   [34m鈹溾攢[39m [2m/tg/product/yet105-acetate-sunglasses/index.html[22m [2m(+98ms)[22m 
[2m10:02:45[22m   [34m鈹溾攢[39m [2m/tr/product/yet105-acetate-sunglasses/index.html[22m [2m(+102ms)[22m 
[2m10:02:45[22m   [34m鈹溾攢[39m [2m/vi/product/yet105-acetate-sunglasses/index.html[22m [2m(+97ms)[22m 
[2m10:02:45[22m   [34m鈹溾攢[39m [2m/zh/product/yet105-acetate-sunglasses/index.html[22m [2m(+85ms)[22m 
[2m10:02:45[22m   [34m鈹溾攢[39m [2m/de/product/yet106-acetate-sunglasses/index.html[22m [2m(+98ms)[22m 
[2m10:02:46[22m   [34m鈹溾攢[39m [2m/ar/product/yet106-acetate-sunglasses/index.html[22m [2m(+98ms)[22m 
[2m10:02:46[22m   [34m鈹溾攢[39m [2m/es/product/yet106-acetate-sunglasses/index.html[22m [2m(+125ms)[22m 
[2m10:02:46[22m   [34m鈹溾攢[39m [2m/fr/product/yet106-acetate-sunglasses/index.html[22m [2m(+113ms)[22m 
[2m10:02:46[22m   [34m鈹溾攢[39m [2m/hi/product/yet106-acetate-sunglasses/index.html[22m [2m(+90ms)[22m 
[2m10:02:46[22m   [34m鈹溾攢[39m [2m/ja/product/yet106-acetate-sunglasses/index.html[22m [2m(+86ms)[22m 
[2m10:02:46[22m   [34m鈹溾攢[39m [2m/jv/product/yet106-acetate-sunglasses/index.html[22m [2m(+80ms)[22m 
[2m10:02:46[22m   [34m鈹溾攢[39m [2m/it/product/yet106-acetate-sunglasses/index.html[22m [2m(+117ms)[22m 
[2m10:02:46[22m   [34m鈹溾攢[39m [2m/ko/product/yet106-acetate-sunglasses/index.html[22m [2m(+85ms)[22m 
[2m10:02:46[22m   [34m鈹溾攢[39m [2m/ms/product/yet106-acetate-sunglasses/index.html[22m [2m(+93ms)[22m 
[2m10:02:46[22m   [34m鈹溾攢[39m [2m/ru/product/yet106-acetate-sunglasses/index.html[22m [2m(+122ms)[22m 
[2m10:02:47[22m   [34m鈹溾攢[39m [2m/tg/product/yet106-acetate-sunglasses/index.html[22m [2m(+89ms)[22m 
[2m10:02:47[22m   [34m鈹溾攢[39m [2m/pt/product/yet106-acetate-sunglasses/index.html[22m [2m(+99ms)[22m 
[2m10:02:47[22m   [34m鈹溾攢[39m [2m/tr/product/yet106-acetate-sunglasses/index.html[22m [2m(+125ms)[22m 
[2m10:02:47[22m   [34m鈹溾攢[39m [2m/vi/product/yet106-acetate-sunglasses/index.html[22m [2m(+152ms)[22m 
[2m10:02:47[22m   [34m鈹溾攢[39m [2m/zh/product/yet106-acetate-sunglasses/index.html[22m [2m(+199ms)[22m 
[2m10:02:47[22m   [34m鈹溾攢[39m [2m/ar/product/yet107-acetate-sunglasses/index.html[22m [2m(+146ms)[22m 
[2m10:02:47[22m   [34m鈹溾攢[39m [2m/de/product/yet107-acetate-sunglasses/index.html[22m [2m(+203ms)[22m 
[2m10:02:48[22m   [34m鈹溾攢[39m [2m/es/product/yet107-acetate-sunglasses/index.html[22m [2m(+101ms)[22m 
[2m10:02:48[22m   [34m鈹溾攢[39m [2m/fr/product/yet107-acetate-sunglasses/index.html[22m [2m(+130ms)[22m 
[2m10:02:48[22m   [34m鈹溾攢[39m [2m/hi/product/yet107-acetate-sunglasses/index.html[22m [2m(+111ms)[22m 
[2m10:02:48[22m   [34m鈹溾攢[39m [2m/it/product/yet107-acetate-sunglasses/index.html[22m [2m(+125ms)[22m 
[2m10:02:48[22m   [34m鈹溾攢[39m [2m/jv/product/yet107-acetate-sunglasses/index.html[22m [2m(+161ms)[22m 
[2m10:02:48[22m   [34m鈹溾攢[39m [2m/ja/product/yet107-acetate-sunglasses/index.html[22m [2m(+103ms)[22m 
[2m10:02:48[22m   [34m鈹溾攢[39m [2m/ko/product/yet107-acetate-sunglasses/index.html[22m [2m(+86ms)[22m 
[2m10:02:48[22m   [34m鈹溾攢[39m [2m/ms/product/yet107-acetate-sunglasses/index.html[22m [2m(+106ms)[22m 
[2m10:02:49[22m   [34m鈹溾攢[39m [2m/ru/product/yet107-acetate-sunglasses/index.html[22m [2m(+106ms)[22m 
[2m10:02:49[22m   [34m鈹溾攢[39m [2m/pt/product/yet107-acetate-sunglasses/index.html[22m [2m(+82ms)[22m 
[2m10:02:49[22m   [34m鈹溾攢[39m [2m/tr/product/yet107-acetate-sunglasses/index.html[22m [2m(+101ms)[22m 
[2m10:02:49[22m   [34m鈹溾攢[39m [2m/zh/product/yet107-acetate-sunglasses/index.html[22m [2m(+80ms)[22m 
[2m10:02:49[22m   [34m鈹溾攢[39m [2m/tg/product/yet107-acetate-sunglasses/index.html[22m [2m(+82ms)[22m 
[2m10:02:49[22m   [34m鈹溾攢[39m [2m/vi/product/yet107-acetate-sunglasses/index.html[22m [2m(+91ms)[22m 
[2m10:02:49[22m   [34m鈹溾攢[39m [2m/ar/product/yet108-acetate-sunglasses/index.html[22m [2m(+80ms)[22m 
[2m10:02:49[22m   [34m鈹溾攢[39m [2m/de/product/yet108-acetate-sunglasses/index.html[22m [2m(+72ms)[22m 
[2m10:02:49[22m   [34m鈹溾攢[39m [2m/es/product/yet108-acetate-sunglasses/index.html[22m [2m(+76ms)[22m 
[2m10:02:49[22m   [34m鈹溾攢[39m [2m/fr/product/yet108-acetate-sunglasses/index.html[22m [2m(+76ms)[22m 
[2m10:02:49[22m   [34m鈹溾攢[39m [2m/it/product/yet108-acetate-sunglasses/index.html[22m [2m(+84ms)[22m 
[2m10:02:49[22m   [34m鈹溾攢[39m [2m/hi/product/yet108-acetate-sunglasses/index.html[22m [2m(+78ms)[22m 
[2m10:02:50[22m   [34m鈹溾攢[39m [2m/ja/product/yet108-acetate-sunglasses/index.html[22m [2m(+93ms)[22m 
[2m10:02:50[22m   [34m鈹溾攢[39m [2m/jv/product/yet108-acetate-sunglasses/index.html[22m [2m(+105ms)[22m 
[2m10:02:50[22m   [34m鈹溾攢[39m [2m/ko/product/yet108-acetate-sunglasses/index.html[22m [2m(+97ms)[22m 
[2m10:02:50[22m   [34m鈹溾攢[39m [2m/pt/product/yet108-acetate-sunglasses/index.html[22m [2m(+96ms)[22m 
[2m10:02:50[22m   [34m鈹溾攢[39m [2m/tg/product/yet108-acetate-sunglasses/index.html[22m [2m(+104ms)[22m 
[2m10:02:50[22m   [34m鈹溾攢[39m [2m/ms/product/yet108-acetate-sunglasses/index.html[22m [2m(+111ms)[22m 
[2m10:02:50[22m   [34m鈹溾攢[39m [2m/ru/product/yet108-acetate-sunglasses/index.html[22m [2m(+75ms)[22m 
[2m10:02:50[22m   [34m鈹溾攢[39m [2m/tr/product/yet108-acetate-sunglasses/index.html[22m [2m(+93ms)[22m 
[2m10:02:50[22m   [34m鈹溾攢[39m [2m/vi/product/yet108-acetate-sunglasses/index.html[22m [2m(+86ms)[22m 
[2m10:02:50[22m   [34m鈹溾攢[39m [2m/zh/product/yet108-acetate-sunglasses/index.html[22m [2m(+120ms)[22m 
[2m10:02:51[22m   [34m鈹溾攢[39m [2m/ar/product/yet109-acetate-sunglasses/index.html[22m [2m(+133ms)[22m 
[2m10:02:51[22m   [34m鈹溾攢[39m [2m/de/product/yet109-acetate-sunglasses/index.html[22m [2m(+138ms)[22m 
[2m10:02:51[22m   [34m鈹溾攢[39m [2m/es/product/yet109-acetate-sunglasses/index.html[22m [2m(+109ms)[22m 
[2m10:02:51[22m   [34m鈹溾攢[39m [2m/fr/product/yet109-acetate-sunglasses/index.html[22m [2m(+90ms)[22m 
[2m10:02:51[22m   [34m鈹溾攢[39m [2m/hi/product/yet109-acetate-sunglasses/index.html[22m [2m(+89ms)[22m 
[2m10:02:51[22m   [34m鈹溾攢[39m [2m/it/product/yet109-acetate-sunglasses/index.html[22m [2m(+110ms)[22m 
[2m10:02:51[22m   [34m鈹溾攢[39m [2m/ja/product/yet109-acetate-sunglasses/index.html[22m [2m(+128ms)[22m 
[2m10:02:51[22m   [34m鈹溾攢[39m [2m/jv/product/yet109-acetate-sunglasses/index.html[22m [2m(+118ms)[22m 
[2m10:02:51[22m   [34m鈹溾攢[39m [2m/ms/product/yet109-acetate-sunglasses/index.html[22m [2m(+95ms)[22m 
[2m10:02:52[22m   [34m鈹溾攢[39m [2m/ru/product/yet109-acetate-sunglasses/index.html[22m [2m(+87ms)[22m 
[2m10:02:52[22m   [34m鈹溾攢[39m [2m/pt/product/yet109-acetate-sunglasses/index.html[22m [2m(+87ms)[22m 
[2m10:02:52[22m   [34m鈹溾攢[39m [2m/ko/product/yet109-acetate-sunglasses/index.html[22m [2m(+82ms)[22m 
[2m10:02:52[22m   [34m鈹溾攢[39m [2m/tg/product/yet109-acetate-sunglasses/index.html[22m [2m(+84ms)[22m 
[2m10:02:52[22m   [34m鈹溾攢[39m [2m/tr/product/yet109-acetate-sunglasses/index.html[22m [2m(+69ms)[22m 
[2m10:02:52[22m   [34m鈹溾攢[39m [2m/vi/product/yet109-acetate-sunglasses/index.html[22m [2m(+76ms)[22m 
[2m10:02:52[22m   [34m鈹溾攢[39m [2m/zh/product/yet109-acetate-sunglasses/index.html[22m [2m(+82ms)[22m 
[2m10:02:52[22m   [34m鈹溾攢[39m [2m/ar/product/yet110-acetate-sunglasses/index.html[22m [2m(+91ms)[22m 
[2m10:02:52[22m   [34m鈹溾攢[39m [2m/de/product/yet110-acetate-sunglasses/index.html[22m [2m(+89ms)[22m 
[2m10:02:52[22m   [34m鈹溾攢[39m [2m/es/product/yet110-acetate-sunglasses/index.html[22m [2m(+84ms)[22m 
[2m10:02:52[22m   [34m鈹溾攢[39m [2m/fr/product/yet110-acetate-sunglasses/index.html[22m [2m(+94ms)[22m 
[2m10:02:52[22m   [34m鈹溾攢[39m [2m/hi/product/yet110-acetate-sunglasses/index.html[22m [2m(+98ms)[22m 
[2m10:02:53[22m   [34m鈹溾攢[39m [2m/ja/product/yet110-acetate-sunglasses/index.html[22m [2m(+92ms)[22m 
[2m10:02:53[22m   [34m鈹溾攢[39m [2m/it/product/yet110-acetate-sunglasses/index.html[22m [2m(+83ms)[22m 
[2m10:02:53[22m   [34m鈹溾攢[39m [2m/jv/product/yet110-acetate-sunglasses/index.html[22m [2m(+98ms)[22m 
[2m10:02:53[22m   [34m鈹溾攢[39m [2m/ko/product/yet110-acetate-sunglasses/index.html[22m [2m(+94ms)[22m 
[2m10:02:53[22m   [34m鈹溾攢[39m [2m/ms/product/yet110-acetate-sunglasses/index.html[22m [2m(+78ms)[22m 
[2m10:02:53[22m   [34m鈹溾攢[39m [2m/ru/product/yet110-acetate-sunglasses/index.html[22m [2m(+90ms)[22m 
[2m10:02:53[22m   [34m鈹溾攢[39m [2m/pt/product/yet110-acetate-sunglasses/index.html[22m [2m(+80ms)[22m 
[2m10:02:53[22m   [34m鈹溾攢[39m [2m/vi/product/yet110-acetate-sunglasses/index.html[22m [2m(+72ms)[22m 
[2m10:02:53[22m   [34m鈹溾攢[39m [2m/tg/product/yet110-acetate-sunglasses/index.html[22m [2m(+77ms)[22m 
[2m10:02:53[22m   [34m鈹溾攢[39m [2m/zh/product/yet110-acetate-sunglasses/index.html[22m [2m(+76ms)[22m 
[2m10:02:53[22m   [34m鈹溾攢[39m [2m/tr/product/yet110-acetate-sunglasses/index.html[22m [2m(+68ms)[22m 
[2m10:02:53[22m   [34m鈹溾攢[39m [2m/ar/product/yet111-acetate-sunglasses/index.html[22m [2m(+68ms)[22m 
[2m10:02:54[22m   [34m鈹溾攢[39m [2m/de/product/yet111-acetate-sunglasses/index.html[22m [2m(+80ms)[22m 
[2m10:02:54[22m   [34m鈹溾攢[39m [2m/es/product/yet111-acetate-sunglasses/index.html[22m [2m(+110ms)[22m 
[2m10:02:54[22m   [34m鈹溾攢[39m [2m/fr/product/yet111-acetate-sunglasses/index.html[22m [2m(+102ms)[22m 
[2m10:02:54[22m   [34m鈹溾攢[39m [2m/hi/product/yet111-acetate-sunglasses/index.html[22m [2m(+87ms)[22m 
[2m10:02:54[22m   [34m鈹溾攢[39m [2m/it/product/yet111-acetate-sunglasses/index.html[22m [2m(+118ms)[22m 
[2m10:02:54[22m   [34m鈹溾攢[39m [2m/ko/product/yet111-acetate-sunglasses/index.html[22m [2m(+101ms)[22m 
[2m10:02:54[22m   [34m鈹溾攢[39m [2m/ja/product/yet111-acetate-sunglasses/index.html[22m [2m(+101ms)[22m 
[2m10:02:54[22m   [34m鈹溾攢[39m [2m/jv/product/yet111-acetate-sunglasses/index.html[22m [2m(+103ms)[22m 
[2m10:02:54[22m   [34m鈹溾攢[39m [2m/ms/product/yet111-acetate-sunglasses/index.html[22m [2m(+73ms)[22m 
[2m10:02:54[22m   [34m鈹溾攢[39m [2m/pt/product/yet111-acetate-sunglasses/index.html[22m [2m(+98ms)[22m 
[2m10:02:55[22m   [34m鈹溾攢[39m [2m/ru/product/yet111-acetate-sunglasses/index.html[22m [2m(+110ms)[22m 
[2m10:02:55[22m   [34m鈹溾攢[39m [2m/tg/product/yet111-acetate-sunglasses/index.html[22m [2m(+114ms)[22m 
[2m10:02:55[22m   [34m鈹溾攢[39m [2m/tr/product/yet111-acetate-sunglasses/index.html[22m [2m(+117ms)[22m 
[2m10:02:55[22m   [34m鈹溾攢[39m [2m/vi/product/yet111-acetate-sunglasses/index.html[22m [2m(+90ms)[22m 
[2m10:02:55[22m   [34m鈹溾攢[39m [2m/zh/product/yet111-acetate-sunglasses/index.html[22m [2m(+77ms)[22m 
[2m10:02:55[22m   [34m鈹溾攢[39m [2m/ar/product/yet112-acetate-sunglasses/index.html[22m [2m(+79ms)[22m 
[2m10:02:55[22m   [34m鈹溾攢[39m [2m/de/product/yet112-acetate-sunglasses/index.html[22m [2m(+156ms)[22m 
[2m10:02:55[22m   [34m鈹溾攢[39m [2m/es/product/yet112-acetate-sunglasses/index.html[22m [2m(+75ms)[22m 
[2m10:02:55[22m   [34m鈹溾攢[39m [2m/fr/product/yet112-acetate-sunglasses/index.html[22m [2m(+72ms)[22m 
[2m10:02:55[22m   [34m鈹溾攢[39m [2m/hi/product/yet112-acetate-sunglasses/index.html[22m [2m(+91ms)[22m 
[2m10:02:55[22m   [34m鈹溾攢[39m [2m/jv/product/yet112-acetate-sunglasses/index.html[22m [2m(+83ms)[22m 
[2m10:02:56[22m   [34m鈹溾攢[39m [2m/it/product/yet112-acetate-sunglasses/index.html[22m [2m(+84ms)[22m 
[2m10:02:56[22m   [34m鈹溾攢[39m [2m/ja/product/yet112-acetate-sunglasses/index.html[22m [2m(+77ms)[22m 
[2m10:02:56[22m   [34m鈹溾攢[39m [2m/ko/product/yet112-acetate-sunglasses/index.html[22m [2m(+92ms)[22m 
[2m10:02:56[22m   [34m鈹溾攢[39m [2m/ms/product/yet112-acetate-sunglasses/index.html[22m [2m(+94ms)[22m 
[2m10:02:56[22m   [34m鈹溾攢[39m [2m/tg/product/yet112-acetate-sunglasses/index.html[22m [2m(+83ms)[22m 
[2m10:02:56[22m   [34m鈹溾攢[39m [2m/pt/product/yet112-acetate-sunglasses/index.html[22m [2m(+81ms)[22m 
[2m10:02:56[22m   [34m鈹溾攢[39m [2m/tr/product/yet112-acetate-sunglasses/index.html[22m [2m(+87ms)[22m 
[2m10:02:56[22m   [34m鈹溾攢[39m [2m/ru/product/yet112-acetate-sunglasses/index.html[22m [2m(+103ms)[22m 
[2m10:02:56[22m   [34m鈹溾攢[39m [2m/zh/product/yet112-acetate-sunglasses/index.html[22m [2m(+113ms)[22m 
[2m10:02:56[22m   [34m鈹溾攢[39m [2m/vi/product/yet112-acetate-sunglasses/index.html[22m [2m(+129ms)[22m 
[2m10:02:57[22m   [34m鈹溾攢[39m [2m/ar/product/yet113-acetate-sunglasses/index.html[22m [2m(+87ms)[22m 
[2m10:02:57[22m   [34m鈹溾攢[39m [2m/de/product/yet113-acetate-sunglasses/index.html[22m [2m(+153ms)[22m 
[2m10:02:57[22m   [34m鈹溾攢[39m [2m/es/product/yet113-acetate-sunglasses/index.html[22m [2m(+109ms)[22m 
[2m10:02:57[22m   [34m鈹溾攢[39m [2m/fr/product/yet113-acetate-sunglasses/index.html[22m [2m(+75ms)[22m 
[2m10:02:57[22m   [34m鈹溾攢[39m [2m/hi/product/yet113-acetate-sunglasses/index.html[22m [2m(+75ms)[22m 
[2m10:02:57[22m   [34m鈹溾攢[39m [2m/it/product/yet113-acetate-sunglasses/index.html[22m [2m(+96ms)[22m 
[2m10:02:57[22m   [34m鈹溾攢[39m [2m/ja/product/yet113-acetate-sunglasses/index.html[22m [2m(+118ms)[22m 
[2m10:02:57[22m   [34m鈹溾攢[39m [2m/ko/product/yet113-acetate-sunglasses/index.html[22m [2m(+116ms)[22m 
[2m10:02:57[22m   [34m鈹溾攢[39m [2m/jv/product/yet113-acetate-sunglasses/index.html[22m [2m(+87ms)[22m 
[2m10:02:57[22m   [34m鈹溾攢[39m [2m/pt/product/yet113-acetate-sunglasses/index.html[22m [2m(+179ms)[22m 
[2m10:02:58[22m   [34m鈹溾攢[39m [2m/ms/product/yet113-acetate-sunglasses/index.html[22m [2m(+129ms)[22m 
[2m10:02:58[22m   [34m鈹溾攢[39m [2m/ru/product/yet113-acetate-sunglasses/index.html[22m [2m(+156ms)[22m 
[2m10:02:58[22m   [34m鈹溾攢[39m [2m/tr/product/yet113-acetate-sunglasses/index.html[22m [2m(+139ms)[22m 
[2m10:02:58[22m   [34m鈹溾攢[39m [2m/tg/product/yet113-acetate-sunglasses/index.html[22m [2m(+95ms)[22m 
[2m10:02:58[22m   [34m鈹溾攢[39m [2m/vi/product/yet113-acetate-sunglasses/index.html[22m [2m(+82ms)[22m 
[2m10:02:58[22m   [34m鈹溾攢[39m [2m/zh/product/yet113-acetate-sunglasses/index.html[22m [2m(+99ms)[22m 
[2m10:02:58[22m   [34m鈹溾攢[39m [2m/ar/product/yet114-acetate-sunglasses/index.html[22m [2m(+109ms)[22m 
[2m10:02:58[22m   [34m鈹溾攢[39m [2m/de/product/yet114-acetate-sunglasses/index.html[22m [2m(+111ms)[22m 
[2m10:02:59[22m   [34m鈹溾攢[39m [2m/es/product/yet114-acetate-sunglasses/index.html[22m [2m(+97ms)[22m 
[2m10:02:59[22m   [34m鈹溾攢[39m [2m/fr/product/yet114-acetate-sunglasses/index.html[22m [2m(+77ms)[22m 
[2m10:02:59[22m   [34m鈹溾攢[39m [2m/hi/product/yet114-acetate-sunglasses/index.html[22m [2m(+96ms)[22m 
[2m10:02:59[22m   [34m鈹溾攢[39m [2m/it/product/yet114-acetate-sunglasses/index.html[22m [2m(+96ms)[22m 
[2m10:02:59[22m   [34m鈹溾攢[39m [2m/jv/product/yet114-acetate-sunglasses/index.html[22m [2m(+87ms)[22m 
[2m10:02:59[22m   [34m鈹溾攢[39m [2m/ja/product/yet114-acetate-sunglasses/index.html[22m [2m(+85ms)[22m 
[2m10:02:59[22m   [34m鈹溾攢[39m [2m/ru/product/yet114-acetate-sunglasses/index.html[22m [2m(+85ms)[22m 
[2m10:02:59[22m   [34m鈹溾攢[39m [2m/pt/product/yet114-acetate-sunglasses/index.html[22m [2m(+98ms)[22m 
[2m10:02:59[22m   [34m鈹溾攢[39m [2m/ko/product/yet114-acetate-sunglasses/index.html[22m [2m(+83ms)[22m 
[2m10:02:59[22m   [34m鈹溾攢[39m [2m/ms/product/yet114-acetate-sunglasses/index.html[22m [2m(+88ms)[22m 
[2m10:02:59[22m   [34m鈹溾攢[39m [2m/tg/product/yet114-acetate-sunglasses/index.html[22m [2m(+120ms)[22m 
[2m10:03:00[22m   [34m鈹溾攢[39m [2m/vi/product/yet114-acetate-sunglasses/index.html[22m [2m(+110ms)[22m 
[2m10:03:00[22m   [34m鈹溾攢[39m [2m/tr/product/yet114-acetate-sunglasses/index.html[22m [2m(+95ms)[22m 
[2m10:03:00[22m   [34m鈹溾攢[39m [2m/zh/product/yet114-acetate-sunglasses/index.html[22m [2m(+88ms)[22m 
[2m10:03:00[22m   [34m鈹溾攢[39m [2m/ar/product/yet115-acetate-sunglasses/index.html[22m [2m(+89ms)[22m 
[2m10:03:00[22m   [34m鈹溾攢[39m [2m/de/product/yet115-acetate-sunglasses/index.html[22m [2m(+86ms)[22m 
[2m10:03:00[22m   [34m鈹溾攢[39m [2m/es/product/yet115-acetate-sunglasses/index.html[22m [2m(+94ms)[22m 
[2m10:03:00[22m   [34m鈹溾攢[39m [2m/fr/product/yet115-acetate-sunglasses/index.html[22m [2m(+81ms)[22m 
[2m10:03:00[22m   [34m鈹溾攢[39m [2m/hi/product/yet115-acetate-sunglasses/index.html[22m [2m(+82ms)[22m 
[2m10:03:00[22m   [34m鈹溾攢[39m [2m/it/product/yet115-acetate-sunglasses/index.html[22m [2m(+76ms)[22m 
[2m10:03:00[22m   [34m鈹溾攢[39m [2m/ko/product/yet115-acetate-sunglasses/index.html[22m [2m(+87ms)[22m 
[2m10:03:00[22m   [34m鈹溾攢[39m [2m/ja/product/yet115-acetate-sunglasses/index.html[22m [2m(+75ms)[22m 
[2m10:03:01[22m   [34m鈹溾攢[39m [2m/jv/product/yet115-acetate-sunglasses/index.html[22m [2m(+78ms)[22m 
[2m10:03:01[22m   [34m鈹溾攢[39m [2m/ru/product/yet115-acetate-sunglasses/index.html[22m [2m(+77ms)[22m 
[2m10:03:01[22m   [34m鈹溾攢[39m [2m/pt/product/yet115-acetate-sunglasses/index.html[22m [2m(+125ms)[22m 
[2m10:03:01[22m   [34m鈹溾攢[39m [2m/ms/product/yet115-acetate-sunglasses/index.html[22m [2m(+110ms)[22m 
[2m10:03:01[22m   [34m鈹溾攢[39m [2m/tg/product/yet115-acetate-sunglasses/index.html[22m [2m(+87ms)[22m 
[2m10:03:01[22m   [34m鈹溾攢[39m [2m/vi/product/yet115-acetate-sunglasses/index.html[22m [2m(+92ms)[22m 
[2m10:03:01[22m   [34m鈹溾攢[39m [2m/tr/product/yet115-acetate-sunglasses/index.html[22m [2m(+120ms)[22m 
[2m10:03:01[22m   [34m鈹溾攢[39m [2m/zh/product/yet115-acetate-sunglasses/index.html[22m [2m(+101ms)[22m 
[2m10:03:01[22m   [34m鈹溾攢[39m [2m/ar/product/yet116-acetate-sunglasses/index.html[22m [2m(+80ms)[22m 
[2m10:03:01[22m   [34m鈹溾攢[39m [2m/de/product/yet116-acetate-sunglasses/index.html[22m [2m(+98ms)[22m 
[2m10:03:01[22m   [34m鈹溾攢[39m [2m/es/product/yet116-acetate-sunglasses/index.html[22m [2m(+107ms)[22m 
[2m10:03:02[22m   [34m鈹溾攢[39m [2m/fr/product/yet116-acetate-sunglasses/index.html[22m [2m(+82ms)[22m 
[2m10:03:02[22m   [34m鈹溾攢[39m [2m/hi/product/yet116-acetate-sunglasses/index.html[22m [2m(+96ms)[22m 
[2m10:03:02[22m   [34m鈹溾攢[39m [2m/it/product/yet116-acetate-sunglasses/index.html[22m [2m(+119ms)[22m 
[2m10:03:02[22m   [34m鈹溾攢[39m [2m/ja/product/yet116-acetate-sunglasses/index.html[22m [2m(+112ms)[22m 
[2m10:03:02[22m   [34m鈹溾攢[39m [2m/jv/product/yet116-acetate-sunglasses/index.html[22m [2m(+75ms)[22m 
[2m10:03:02[22m   [34m鈹溾攢[39m [2m/ko/product/yet116-acetate-sunglasses/index.html[22m [2m(+88ms)[22m 
[2m10:03:02[22m   [34m鈹溾攢[39m [2m/ms/product/yet116-acetate-sunglasses/index.html[22m [2m(+79ms)[22m 
[2m10:03:02[22m   [34m鈹溾攢[39m [2m/tg/product/yet116-acetate-sunglasses/index.html[22m [2m(+79ms)[22m 
[2m10:03:02[22m   [34m鈹溾攢[39m [2m/ru/product/yet116-acetate-sunglasses/index.html[22m [2m(+85ms)[22m 
[2m10:03:02[22m   [34m鈹溾攢[39m [2m/vi/product/yet116-acetate-sunglasses/index.html[22m [2m(+77ms)[22m 
[2m10:03:02[22m   [34m鈹溾攢[39m [2m/pt/product/yet116-acetate-sunglasses/index.html[22m [2m(+82ms)[22m 
[2m10:03:03[22m   [34m鈹溾攢[39m [2m/tr/product/yet116-acetate-sunglasses/index.html[22m [2m(+98ms)[22m 
[2m10:03:03[22m   [34m鈹溾攢[39m [2m/zh/product/yet116-acetate-sunglasses/index.html[22m [2m(+85ms)[22m 
[2m10:03:03[22m   [34m鈹溾攢[39m [2m/ar/product/yet119-acetate-sunglasses/index.html[22m [2m(+105ms)[22m 
[2m10:03:03[22m   [34m鈹溾攢[39m [2m/de/product/yet119-acetate-sunglasses/index.html[22m [2m(+82ms)[22m 
[2m10:03:03[22m   [34m鈹溾攢[39m [2m/es/product/yet119-acetate-sunglasses/index.html[22m [2m(+71ms)[22m 
[2m10:03:03[22m   [34m鈹溾攢[39m [2m/fr/product/yet119-acetate-sunglasses/index.html[22m [2m(+65ms)[22m 
[2m10:03:03[22m   [34m鈹溾攢[39m [2m/it/product/yet119-acetate-sunglasses/index.html[22m [2m(+79ms)[22m 
[2m10:03:03[22m   [34m鈹溾攢[39m [2m/hi/product/yet119-acetate-sunglasses/index.html[22m [2m(+78ms)[22m 
[2m10:03:03[22m   [34m鈹溾攢[39m [2m/ja/product/yet119-acetate-sunglasses/index.html[22m [2m(+64ms)[22m 
[2m10:03:03[22m   [34m鈹溾攢[39m [2m/jv/product/yet119-acetate-sunglasses/index.html[22m [2m(+63ms)[22m 
[2m10:03:03[22m   [34m鈹溾攢[39m [2m/ko/product/yet119-acetate-sunglasses/index.html[22m [2m(+62ms)[22m 
[2m10:03:03[22m   [34m鈹溾攢[39m [2m/pt/product/yet119-acetate-sunglasses/index.html[22m [2m(+67ms)[22m 
[2m10:03:03[22m   [34m鈹溾攢[39m [2m/ru/product/yet119-acetate-sunglasses/index.html[22m [2m(+73ms)[22m 
[2m10:03:04[22m   [34m鈹溾攢[39m [2m/ms/product/yet119-acetate-sunglasses/index.html[22m [2m(+89ms)[22m 
[2m10:03:04[22m   [34m鈹溾攢[39m [2m/tg/product/yet119-acetate-sunglasses/index.html[22m [2m(+100ms)[22m 
[2m10:03:04[22m   [34m鈹溾攢[39m [2m/zh/product/yet119-acetate-sunglasses/index.html[22m [2m(+90ms)[22m 
[2m10:03:04[22m   [34m鈹溾攢[39m [2m/vi/product/yet119-acetate-sunglasses/index.html[22m [2m(+78ms)[22m 
[2m10:03:04[22m   [34m鈹溾攢[39m [2m/tr/product/yet119-acetate-sunglasses/index.html[22m [2m(+81ms)[22m 
[2m10:03:04[22m   [34m鈹溾攢[39m [2m/ar/product/yet121-acetate-sunglasses/index.html[22m [2m(+60ms)[22m 
[2m10:03:04[22m   [34m鈹溾攢[39m [2m/de/product/yet121-acetate-sunglasses/index.html[22m [2m(+80ms)[22m 
[2m10:03:04[22m   [34m鈹溾攢[39m [2m/es/product/yet121-acetate-sunglasses/index.html[22m [2m(+70ms)[22m 
[2m10:03:04[22m   [34m鈹溾攢[39m [2m/fr/product/yet121-acetate-sunglasses/index.html[22m [2m(+88ms)[22m 
[2m10:03:04[22m   [34m鈹溾攢[39m [2m/hi/product/yet121-acetate-sunglasses/index.html[22m [2m(+102ms)[22m 
[2m10:03:04[22m   [34m鈹溾攢[39m [2m/it/product/yet121-acetate-sunglasses/index.html[22m [2m(+90ms)[22m 
[2m10:03:04[22m   [34m鈹溾攢[39m [2m/ja/product/yet121-acetate-sunglasses/index.html[22m [2m(+70ms)[22m 
[2m10:03:05[22m   [34m鈹溾攢[39m [2m/jv/product/yet121-acetate-sunglasses/index.html[22m [2m(+100ms)[22m 
[2m10:03:05[22m   [34m鈹溾攢[39m [2m/ko/product/yet121-acetate-sunglasses/index.html[22m [2m(+119ms)[22m 
[2m10:03:05[22m   [34m鈹溾攢[39m [2m/ru/product/yet121-acetate-sunglasses/index.html[22m [2m(+104ms)[22m 
[2m10:03:05[22m   [34m鈹溾攢[39m [2m/tg/product/yet121-acetate-sunglasses/index.html[22m [2m(+74ms)[22m 
[2m10:03:05[22m   [34m鈹溾攢[39m [2m/tr/product/yet121-acetate-sunglasses/index.html[22m [2m(+93ms)[22m 
[2m10:03:05[22m   [34m鈹溾攢[39m [2m/pt/product/yet121-acetate-sunglasses/index.html[22m [2m(+76ms)[22m 
[2m10:03:05[22m   [34m鈹溾攢[39m [2m/ms/product/yet121-acetate-sunglasses/index.html[22m [2m(+63ms)[22m 
[2m10:03:05[22m   [34m鈹溾攢[39m [2m/vi/product/yet121-acetate-sunglasses/index.html[22m [2m(+75ms)[22m 
[2m10:03:05[22m   [34m鈹溾攢[39m [2m/zh/product/yet121-acetate-sunglasses/index.html[22m [2m(+111ms)[22m 
[2m10:03:05[22m   [34m鈹溾攢[39m [2m/ar/product/yet122-acetate-sunglasses/index.html[22m [2m(+98ms)[22m 
[2m10:03:05[22m   [34m鈹溾攢[39m [2m/de/product/yet122-acetate-sunglasses/index.html[22m [2m(+107ms)[22m 
[2m10:03:06[22m   [34m鈹溾攢[39m [2m/es/product/yet122-acetate-sunglasses/index.html[22m [2m(+124ms)[22m 
[2m10:03:06[22m   [34m鈹溾攢[39m [2m/fr/product/yet122-acetate-sunglasses/index.html[22m [2m(+117ms)[22m 
[2m10:03:06[22m   [34m鈹溾攢[39m [2m/hi/product/yet122-acetate-sunglasses/index.html[22m [2m(+85ms)[22m 
[2m10:03:06[22m   [34m鈹溾攢[39m [2m/jv/product/yet122-acetate-sunglasses/index.html[22m [2m(+81ms)[22m 
[2m10:03:06[22m   [34m鈹溾攢[39m [2m/it/product/yet122-acetate-sunglasses/index.html[22m [2m(+79ms)[22m 
[2m10:03:06[22m   [34m鈹溾攢[39m [2m/ja/product/yet122-acetate-sunglasses/index.html[22m [2m(+65ms)[22m 
[2m10:03:06[22m   [34m鈹溾攢[39m [2m/ko/product/yet122-acetate-sunglasses/index.html[22m [2m(+77ms)[22m 
[2m10:03:06[22m   [34m鈹溾攢[39m [2m/pt/product/yet122-acetate-sunglasses/index.html[22m [2m(+90ms)[22m 
[2m10:03:06[22m   [34m鈹溾攢[39m [2m/ms/product/yet122-acetate-sunglasses/index.html[22m [2m(+69ms)[22m 
[2m10:03:06[22m   [34m鈹溾攢[39m [2m/tg/product/yet122-acetate-sunglasses/index.html[22m [2m(+76ms)[22m 
[2m10:03:06[22m   [34m鈹溾攢[39m [2m/ru/product/yet122-acetate-sunglasses/index.html[22m [2m(+80ms)[22m 
[2m10:03:07[22m   [34m鈹溾攢[39m [2m/tr/product/yet122-acetate-sunglasses/index.html[22m [2m(+82ms)[22m 
[2m10:03:07[22m   [34m鈹溾攢[39m [2m/zh/product/yet122-acetate-sunglasses/index.html[22m [2m(+76ms)[22m 
[2m10:03:07[22m   [34m鈹溾攢[39m [2m/vi/product/yet122-acetate-sunglasses/index.html[22m [2m(+66ms)[22m 
[2m10:03:07[22m   [34m鈹溾攢[39m [2m/ar/product/yet123-acetate-sunglasses/index.html[22m [2m(+68ms)[22m 
[2m10:03:07[22m   [34m鈹溾攢[39m [2m/de/product/yet123-acetate-sunglasses/index.html[22m [2m(+82ms)[22m 
[2m10:03:07[22m   [34m鈹溾攢[39m [2m/es/product/yet123-acetate-sunglasses/index.html[22m [2m(+68ms)[22m 
[2m10:03:07[22m   [34m鈹溾攢[39m [2m/fr/product/yet123-acetate-sunglasses/index.html[22m [2m(+68ms)[22m 
[2m10:03:07[22m   [34m鈹溾攢[39m [2m/hi/product/yet123-acetate-sunglasses/index.html[22m [2m(+93ms)[22m 
[2m10:03:07[22m   [34m鈹溾攢[39m [2m/ja/product/yet123-acetate-sunglasses/index.html[22m [2m(+95ms)[22m 
[2m10:03:07[22m   [34m鈹溾攢[39m [2m/jv/product/yet123-acetate-sunglasses/index.html[22m [2m(+82ms)[22m 
[2m10:03:07[22m   [34m鈹溾攢[39m [2m/it/product/yet123-acetate-sunglasses/index.html[22m [2m(+69ms)[22m 
[2m10:03:07[22m   [34m鈹溾攢[39m [2m/ko/product/yet123-acetate-sunglasses/index.html[22m [2m(+89ms)[22m 
[2m10:03:07[22m   [34m鈹溾攢[39m [2m/ms/product/yet123-acetate-sunglasses/index.html[22m [2m(+88ms)[22m 
[2m10:03:08[22m   [34m鈹溾攢[39m [2m/pt/product/yet123-acetate-sunglasses/index.html[22m [2m(+75ms)[22m 
[2m10:03:08[22m   [34m鈹溾攢[39m [2m/tg/product/yet123-acetate-sunglasses/index.html[22m [2m(+72ms)[22m 
[2m10:03:08[22m   [34m鈹溾攢[39m [2m/ru/product/yet123-acetate-sunglasses/index.html[22m [2m(+79ms)[22m 
[2m10:03:08[22m   [34m鈹溾攢[39m [2m/vi/product/yet123-acetate-sunglasses/index.html[22m [2m(+117ms)[22m 
[2m10:03:08[22m   [34m鈹溾攢[39m [2m/tr/product/yet123-acetate-sunglasses/index.html[22m [2m(+75ms)[22m 
[2m10:03:08[22m   [34m鈹溾攢[39m [2m/zh/product/yet123-acetate-sunglasses/index.html[22m [2m(+71ms)[22m 
[2m10:03:08[22m   [34m鈹溾攢[39m [2m/de/product/yet124-acetate-sunglasses/index.html[22m [2m(+79ms)[22m 
[2m10:03:08[22m   [34m鈹溾攢[39m [2m/ar/product/yet124-acetate-sunglasses/index.html[22m [2m(+135ms)[22m 
[2m10:03:08[22m   [34m鈹溾攢[39m [2m/es/product/yet124-acetate-sunglasses/index.html[22m [2m(+115ms)[22m 
[2m10:03:08[22m   [34m鈹溾攢[39m [2m/fr/product/yet124-acetate-sunglasses/index.html[22m [2m(+108ms)[22m 
[2m10:03:08[22m   [34m鈹溾攢[39m [2m/hi/product/yet124-acetate-sunglasses/index.html[22m [2m(+96ms)[22m 
[2m10:03:09[22m   [34m鈹溾攢[39m [2m/it/product/yet124-acetate-sunglasses/index.html[22m [2m(+74ms)[22m 
[2m10:03:09[22m   [34m鈹溾攢[39m [2m/ja/product/yet124-acetate-sunglasses/index.html[22m [2m(+88ms)[22m 
[2m10:03:09[22m   [34m鈹溾攢[39m [2m/jv/product/yet124-acetate-sunglasses/index.html[22m [2m(+88ms)[22m 
[2m10:03:09[22m   [34m鈹溾攢[39m [2m/ko/product/yet124-acetate-sunglasses/index.html[22m [2m(+239ms)[22m 
[2m10:03:09[22m   [34m鈹溾攢[39m [2m/pt/product/yet124-acetate-sunglasses/index.html[22m [2m(+101ms)[22m 
[2m10:03:09[22m   [34m鈹溾攢[39m [2m/ms/product/yet124-acetate-sunglasses/index.html[22m [2m(+82ms)[22m 
[2m10:03:09[22m   [34m鈹溾攢[39m [2m/tg/product/yet124-acetate-sunglasses/index.html[22m [2m(+82ms)[22m 
[2m10:03:09[22m   [34m鈹溾攢[39m [2m/ru/product/yet124-acetate-sunglasses/index.html[22m [2m(+68ms)[22m 
[2m10:03:09[22m   [34m鈹溾攢[39m [2m/tr/product/yet124-acetate-sunglasses/index.html[22m [2m(+84ms)[22m 
[2m10:03:09[22m   [34m鈹溾攢[39m [2m/vi/product/yet124-acetate-sunglasses/index.html[22m [2m(+79ms)[22m 
[2m10:03:10[22m   [34m鈹溾攢[39m [2m/zh/product/yet124-acetate-sunglasses/index.html[22m [2m(+82ms)[22m 
[2m10:03:10[22m   [34m鈹溾攢[39m [2m/ar/product/yet125-acetate-sunglasses/index.html[22m [2m(+72ms)[22m 
[2m10:03:10[22m   [34m鈹溾攢[39m [2m/de/product/yet125-acetate-sunglasses/index.html[22m [2m(+104ms)[22m 
[2m10:03:10[22m   [34m鈹溾攢[39m [2m/es/product/yet125-acetate-sunglasses/index.html[22m [2m(+81ms)[22m 
[2m10:03:10[22m   [34m鈹溾攢[39m [2m/fr/product/yet125-acetate-sunglasses/index.html[22m [2m(+93ms)[22m 
[2m10:03:10[22m   [34m鈹溾攢[39m [2m/hi/product/yet125-acetate-sunglasses/index.html[22m [2m(+92ms)[22m 
[2m10:03:10[22m   [34m鈹溾攢[39m [2m/ja/product/yet125-acetate-sunglasses/index.html[22m [2m(+82ms)[22m 
[2m10:03:10[22m   [34m鈹溾攢[39m [2m/it/product/yet125-acetate-sunglasses/index.html[22m [2m(+107ms)[22m 
[2m10:03:10[22m   [34m鈹溾攢[39m [2m/jv/product/yet125-acetate-sunglasses/index.html[22m [2m(+100ms)[22m 
[2m10:03:10[22m   [34m鈹溾攢[39m [2m/ko/product/yet125-acetate-sunglasses/index.html[22m [2m(+100ms)[22m 
[2m10:03:10[22m   [34m鈹溾攢[39m [2m/pt/product/yet125-acetate-sunglasses/index.html[22m [2m(+88ms)[22m 
[2m10:03:11[22m   [34m鈹溾攢[39m [2m/tr/product/yet125-acetate-sunglasses/index.html[22m [2m(+90ms)[22m 
[2m10:03:11[22m   [34m鈹溾攢[39m [2m/ru/product/yet125-acetate-sunglasses/index.html[22m [2m(+80ms)[22m 
[2m10:03:11[22m   [34m鈹溾攢[39m [2m/ms/product/yet125-acetate-sunglasses/index.html[22m [2m(+67ms)[22m 
[2m10:03:11[22m   [34m鈹溾攢[39m [2m/tg/product/yet125-acetate-sunglasses/index.html[22m [2m(+74ms)[22m 
[2m10:03:11[22m   [34m鈹溾攢[39m [2m/vi/product/yet125-acetate-sunglasses/index.html[22m [2m(+67ms)[22m 
[2m10:03:11[22m   [34m鈹溾攢[39m [2m/zh/product/yet125-acetate-sunglasses/index.html[22m [2m(+73ms)[22m 
[2m10:03:11[22m   [34m鈹溾攢[39m [2m/ar/product/yet126-acetate-sunglasses/index.html[22m [2m(+61ms)[22m 
[2m10:03:11[22m   [34m鈹溾攢[39m [2m/de/product/yet126-acetate-sunglasses/index.html[22m [2m(+62ms)[22m 
[2m10:03:11[22m   [34m鈹溾攢[39m [2m/es/product/yet126-acetate-sunglasses/index.html[22m [2m(+83ms)[22m 
[2m10:03:11[22m   [34m鈹溾攢[39m [2m/fr/product/yet126-acetate-sunglasses/index.html[22m [2m(+65ms)[22m 
[2m10:03:11[22m   [34m鈹溾攢[39m [2m/hi/product/yet126-acetate-sunglasses/index.html[22m [2m(+69ms)[22m 
[2m10:03:11[22m   [34m鈹溾攢[39m [2m/it/product/yet126-acetate-sunglasses/index.html[22m [2m(+94ms)[22m 
[2m10:03:11[22m   [34m鈹溾攢[39m [2m/ja/product/yet126-acetate-sunglasses/index.html[22m [2m(+70ms)[22m 
[2m10:03:12[22m   [34m鈹溾攢[39m [2m/jv/product/yet126-acetate-sunglasses/index.html[22m [2m(+74ms)[22m 
[2m10:03:12[22m   [34m鈹溾攢[39m [2m/ko/product/yet126-acetate-sunglasses/index.html[22m [2m(+63ms)[22m 
[2m10:03:12[22m   [34m鈹溾攢[39m [2m/ms/product/yet126-acetate-sunglasses/index.html[22m [2m(+83ms)[22m 
[2m10:03:12[22m   [34m鈹溾攢[39m [2m/ru/product/yet126-acetate-sunglasses/index.html[22m [2m(+118ms)[22m 
[2m10:03:12[22m   [34m鈹溾攢[39m [2m/pt/product/yet126-acetate-sunglasses/index.html[22m [2m(+111ms)[22m 
[2m10:03:12[22m   [34m鈹溾攢[39m [2m/tg/product/yet126-acetate-sunglasses/index.html[22m [2m(+83ms)[22m 
[2m10:03:12[22m   [34m鈹溾攢[39m [2m/vi/product/yet126-acetate-sunglasses/index.html[22m [2m(+86ms)[22m 
[2m10:03:12[22m   [34m鈹溾攢[39m [2m/zh/product/yet126-acetate-sunglasses/index.html[22m [2m(+71ms)[22m 
[2m10:03:12[22m   [34m鈹溾攢[39m [2m/tr/product/yet126-acetate-sunglasses/index.html[22m [2m(+67ms)[22m 
[2m10:03:12[22m   [34m鈹溾攢[39m [2m/ar/product/yet128-acetate-sunglasses/index.html[22m [2m(+68ms)[22m 
[2m10:03:12[22m   [34m鈹溾攢[39m [2m/de/product/yet128-acetate-sunglasses/index.html[22m [2m(+71ms)[22m 
[2m10:03:12[22m   [34m鈹溾攢[39m [2m/es/product/yet128-acetate-sunglasses/index.html[22m [2m(+82ms)[22m 
[2m10:03:12[22m   [34m鈹溾攢[39m [2m/fr/product/yet128-acetate-sunglasses/index.html[22m [2m(+99ms)[22m 
[2m10:03:13[22m   [34m鈹溾攢[39m [2m/hi/product/yet128-acetate-sunglasses/index.html[22m [2m(+79ms)[22m 
[2m10:03:13[22m   [34m鈹溾攢[39m [2m/it/product/yet128-acetate-sunglasses/index.html[22m [2m(+78ms)[22m 
[2m10:03:13[22m   [34m鈹溾攢[39m [2m/jv/product/yet128-acetate-sunglasses/index.html[22m [2m(+86ms)[22m 
[2m10:03:13[22m   [34m鈹溾攢[39m [2m/ja/product/yet128-acetate-sunglasses/index.html[22m [2m(+69ms)[22m 
[2m10:03:13[22m   [34m鈹溾攢[39m [2m/ko/product/yet128-acetate-sunglasses/index.html[22m [2m(+74ms)[22m 
[2m10:03:13[22m   [34m鈹溾攢[39m [2m/ms/product/yet128-acetate-sunglasses/index.html[22m [2m(+60ms)[22m 
[2m10:03:13[22m   [34m鈹溾攢[39m [2m/pt/product/yet128-acetate-sunglasses/index.html[22m [2m(+61ms)[22m 
[2m10:03:13[22m   [34m鈹溾攢[39m [2m/tr/product/yet128-acetate-sunglasses/index.html[22m [2m(+56ms)[22m 
[2m10:03:13[22m   [34m鈹溾攢[39m [2m/tg/product/yet128-acetate-sunglasses/index.html[22m [2m(+48ms)[22m 
[2m10:03:13[22m   [34m鈹溾攢[39m [2m/ru/product/yet128-acetate-sunglasses/index.html[22m [2m(+51ms)[22m 
[2m10:03:13[22m   [34m鈹溾攢[39m [2m/vi/product/yet128-acetate-sunglasses/index.html[22m [2m(+80ms)[22m 
[2m10:03:13[22m   [34m鈹溾攢[39m [2m/zh/product/yet128-acetate-sunglasses/index.html[22m [2m(+69ms)[22m 
[2m10:03:13[22m   [34m鈹溾攢[39m [2m/ar/product/yet129-acetate-sunglasses/index.html[22m [2m(+92ms)[22m 
[2m10:03:13[22m   [34m鈹溾攢[39m [2m/de/product/yet129-acetate-sunglasses/index.html[22m [2m(+70ms)[22m 
[2m10:03:14[22m   [34m鈹溾攢[39m [2m/es/product/yet129-acetate-sunglasses/index.html[22m [2m(+81ms)[22m 
[2m10:03:14[22m   [34m鈹溾攢[39m [2m/fr/product/yet129-acetate-sunglasses/index.html[22m [2m(+61ms)[22m 
[2m10:03:14[22m   [34m鈹溾攢[39m [2m/hi/product/yet129-acetate-sunglasses/index.html[22m [2m(+64ms)[22m 
[2m10:03:14[22m   [34m鈹溾攢[39m [2m/jv/product/yet129-acetate-sunglasses/index.html[22m [2m(+59ms)[22m 
[2m10:03:14[22m   [34m鈹溾攢[39m [2m/it/product/yet129-acetate-sunglasses/index.html[22m [2m(+61ms)[22m 
[2m10:03:14[22m   [34m鈹溾攢[39m [2m/ja/product/yet129-acetate-sunglasses/index.html[22m [2m(+74ms)[22m 
[2m10:03:14[22m   [34m鈹溾攢[39m [2m/ko/product/yet129-acetate-sunglasses/index.html[22m [2m(+58ms)[22m 
[2m10:03:14[22m   [34m鈹溾攢[39m [2m/pt/product/yet129-acetate-sunglasses/index.html[22m [2m(+42ms)[22m 
[2m10:03:14[22m   [34m鈹溾攢[39m [2m/ms/product/yet129-acetate-sunglasses/index.html[22m [2m(+48ms)[22m 
[2m10:03:14[22m   [34m鈹溾攢[39m [2m/tg/product/yet129-acetate-sunglasses/index.html[22m [2m(+44ms)[22m 
[2m10:03:14[22m   [34m鈹溾攢[39m [2m/ru/product/yet129-acetate-sunglasses/index.html[22m [2m(+50ms)[22m 
[2m10:03:14[22m   [34m鈹溾攢[39m [2m/tr/product/yet129-acetate-sunglasses/index.html[22m [2m(+56ms)[22m 
[2m10:03:14[22m   [34m鈹溾攢[39m [2m/zh/product/yet129-acetate-sunglasses/index.html[22m [2m(+48ms)[22m 
[2m10:03:14[22m   [34m鈹溾攢[39m [2m/vi/product/yet129-acetate-sunglasses/index.html[22m [2m(+47ms)[22m 
[2m10:03:14[22m   [34m鈹溾攢[39m [2m/ar/product/yet130-acetate-sunglasses/index.html[22m [2m(+48ms)[22m 
[2m10:03:14[22m   [34m鈹溾攢[39m [2m/de/product/yet130-acetate-sunglasses/index.html[22m [2m(+43ms)[22m 
[2m10:03:14[22m   [34m鈹溾攢[39m [2m/es/product/yet130-acetate-sunglasses/index.html[22m [2m(+41ms)[22m 
[2m10:03:14[22m   [34m鈹溾攢[39m [2m/fr/product/yet130-acetate-sunglasses/index.html[22m [2m(+56ms)[22m 
[2m10:03:15[22m   [34m鈹溾攢[39m [2m/hi/product/yet130-acetate-sunglasses/index.html[22m [2m(+46ms)[22m 
[2m10:03:15[22m   [34m鈹溾攢[39m [2m/it/product/yet130-acetate-sunglasses/index.html[22m [2m(+43ms)[22m 
[2m10:03:15[22m   [34m鈹溾攢[39m [2m/ja/product/yet130-acetate-sunglasses/index.html[22m [2m(+43ms)[22m 
[2m10:03:15[22m   [34m鈹溾攢[39m [2m/jv/product/yet130-acetate-sunglasses/index.html[22m [2m(+48ms)[22m 
[2m10:03:15[22m   [34m鈹溾攢[39m [2m/ko/product/yet130-acetate-sunglasses/index.html[22m [2m(+44ms)[22m 
[2m10:03:15[22m   [34m鈹溾攢[39m [2m/ms/product/yet130-acetate-sunglasses/index.html[22m [2m(+63ms)[22m 
[2m10:03:15[22m   [34m鈹溾攢[39m [2m/pt/product/yet130-acetate-sunglasses/index.html[22m [2m(+78ms)[22m 
[2m10:03:15[22m   [34m鈹溾攢[39m [2m/ru/product/yet130-acetate-sunglasses/index.html[22m [2m(+78ms)[22m 
[2m10:03:15[22m   [34m鈹溾攢[39m [2m/tg/product/yet130-acetate-sunglasses/index.html[22m [2m(+63ms)[22m 
[2m10:03:15[22m   [34m鈹溾攢[39m [2m/tr/product/yet130-acetate-sunglasses/index.html[22m [2m(+64ms)[22m 
[2m10:03:15[22m   [34m鈹溾攢[39m [2m/vi/product/yet130-acetate-sunglasses/index.html[22m [2m(+84ms)[22m 
[2m10:03:15[22m   [34m鈹溾攢[39m [2m/zh/product/yet130-acetate-sunglasses/index.html[22m [2m(+90ms)[22m 
[2m10:03:15[22m   [34m鈹溾攢[39m [2m/ar/product/yet131-acetate-sunglasses/index.html[22m [2m(+119ms)[22m 
[2m10:03:15[22m   [34m鈹溾攢[39m [2m/de/product/yet131-acetate-sunglasses/index.html[22m [2m(+78ms)[22m 
[2m10:03:15[22m   [34m鈹溾攢[39m [2m/es/product/yet131-acetate-sunglasses/index.html[22m [2m(+56ms)[22m 
[2m10:03:16[22m   [34m鈹溾攢[39m [2m/fr/product/yet131-acetate-sunglasses/index.html[22m [2m(+69ms)[22m 
[2m10:03:16[22m   [34m鈹溾攢[39m [2m/hi/product/yet131-acetate-sunglasses/index.html[22m [2m(+47ms)[22m 
[2m10:03:16[22m   [34m鈹溾攢[39m [2m/it/product/yet131-acetate-sunglasses/index.html[22m [2m(+45ms)[22m 
[2m10:03:16[22m   [34m鈹溾攢[39m [2m/ja/product/yet131-acetate-sunglasses/index.html[22m [2m(+55ms)[22m 
[2m10:03:16[22m   [34m鈹溾攢[39m [2m/jv/product/yet131-acetate-sunglasses/index.html[22m [2m(+60ms)[22m 
[2m10:03:16[22m   [34m鈹溾攢[39m [2m/ko/product/yet131-acetate-sunglasses/index.html[22m [2m(+53ms)[22m 
[2m10:03:16[22m   [34m鈹溾攢[39m [2m/ms/product/yet131-acetate-sunglasses/index.html[22m [2m(+78ms)[22m 
[2m10:03:16[22m   [34m鈹溾攢[39m [2m/tr/product/yet131-acetate-sunglasses/index.html[22m [2m(+82ms)[22m 
[2m10:03:16[22m   [34m鈹溾攢[39m [2m/tg/product/yet131-acetate-sunglasses/index.html[22m [2m(+79ms)[22m 
[2m10:03:16[22m   [34m鈹溾攢[39m [2m/pt/product/yet131-acetate-sunglasses/index.html[22m [2m(+66ms)[22m 
[2m10:03:16[22m   [34m鈹溾攢[39m [2m/ru/product/yet131-acetate-sunglasses/index.html[22m [2m(+60ms)[22m 
[2m10:03:16[22m   [34m鈹溾攢[39m [2m/vi/product/yet131-acetate-sunglasses/index.html[22m [2m(+51ms)[22m 
[2m10:03:16[22m   [34m鈹溾攢[39m [2m/zh/product/yet131-acetate-sunglasses/index.html[22m [2m(+40ms)[22m 
[2m10:03:16[22m   [34m鈹溾攢[39m [2m/ar/product/yet132-acetate-sunglasses/index.html[22m [2m(+49ms)[22m 
[2m10:03:16[22m   [34m鈹溾攢[39m [2m/de/product/yet132-acetate-sunglasses/index.html[22m [2m(+43ms)[22m 
[2m10:03:16[22m   [34m鈹溾攢[39m [2m/fr/product/yet132-acetate-sunglasses/index.html[22m [2m(+41ms)[22m 
[2m10:03:16[22m   [34m鈹溾攢[39m [2m/es/product/yet132-acetate-sunglasses/index.html[22m [2m(+48ms)[22m 
[2m10:03:17[22m   [34m鈹溾攢[39m [2m/hi/product/yet132-acetate-sunglasses/index.html[22m [2m(+44ms)[22m 
[2m10:03:17[22m   [34m鈹溾攢[39m [2m/jv/product/yet132-acetate-sunglasses/index.html[22m [2m(+42ms)[22m 
[2m10:03:17[22m   [34m鈹溾攢[39m [2m/it/product/yet132-acetate-sunglasses/index.html[22m [2m(+46ms)[22m 
[2m10:03:17[22m   [34m鈹溾攢[39m [2m/ja/product/yet132-acetate-sunglasses/index.html[22m [2m(+50ms)[22m 
[2m10:03:17[22m   [34m鈹溾攢[39m [2m/ko/product/yet132-acetate-sunglasses/index.html[22m [2m(+48ms)[22m 
[2m10:03:17[22m   [34m鈹溾攢[39m [2m/ms/product/yet132-acetate-sunglasses/index.html[22m [2m(+44ms)[22m 
[2m10:03:17[22m   [34m鈹溾攢[39m [2m/pt/product/yet132-acetate-sunglasses/index.html[22m [2m(+54ms)[22m 
[2m10:03:17[22m   [34m鈹溾攢[39m [2m/ru/product/yet132-acetate-sunglasses/index.html[22m [2m(+57ms)[22m 
[2m10:03:17[22m   [34m鈹溾攢[39m [2m/tg/product/yet132-acetate-sunglasses/index.html[22m [2m(+66ms)[22m 
[2m10:03:17[22m   [34m鈹溾攢[39m [2m/tr/product/yet132-acetate-sunglasses/index.html[22m [2m(+72ms)[22m 
[2m10:03:17[22m   [34m鈹溾攢[39m [2m/zh/product/yet132-acetate-sunglasses/index.html[22m [2m(+96ms)[22m 
[2m10:03:17[22m   [34m鈹溾攢[39m [2m/vi/product/yet132-acetate-sunglasses/index.html[22m [2m(+112ms)[22m 
[2m10:03:17[22m   [34m鈹溾攢[39m [2m/ar/product/yet133-acetate-sunglasses/index.html[22m [2m(+89ms)[22m 
[2m10:03:17[22m   [34m鈹溾攢[39m [2m/de/product/yet133-acetate-sunglasses/index.html[22m [2m(+87ms)[22m 
[2m10:03:17[22m   [34m鈹溾攢[39m [2m/es/product/yet133-acetate-sunglasses/index.html[22m [2m(+74ms)[22m 
[2m10:03:18[22m   [34m鈹溾攢[39m [2m/fr/product/yet133-acetate-sunglasses/index.html[22m [2m(+67ms)[22m 
[2m10:03:18[22m   [34m鈹溾攢[39m [2m/hi/product/yet133-acetate-sunglasses/index.html[22m [2m(+89ms)[22m 
[2m10:03:18[22m   [34m鈹溾攢[39m [2m/it/product/yet133-acetate-sunglasses/index.html[22m [2m(+74ms)[22m 
[2m10:03:18[22m   [34m鈹溾攢[39m [2m/ja/product/yet133-acetate-sunglasses/index.html[22m [2m(+87ms)[22m 
[2m10:03:18[22m   [34m鈹溾攢[39m [2m/jv/product/yet133-acetate-sunglasses/index.html[22m [2m(+85ms)[22m 
[2m10:03:18[22m   [34m鈹溾攢[39m [2m/ko/product/yet133-acetate-sunglasses/index.html[22m [2m(+112ms)[22m 
[2m10:03:18[22m   [34m鈹溾攢[39m [2m/pt/product/yet133-acetate-sunglasses/index.html[22m [2m(+113ms)[22m 
[2m10:03:18[22m   [34m鈹溾攢[39m [2m/ru/product/yet133-acetate-sunglasses/index.html[22m [2m(+95ms)[22m 
[2m10:03:18[22m   [34m鈹溾攢[39m [2m/tg/product/yet133-acetate-sunglasses/index.html[22m [2m(+75ms)[22m 
[2m10:03:18[22m   [34m鈹溾攢[39m [2m/ms/product/yet133-acetate-sunglasses/index.html[22m [2m(+47ms)[22m 
[2m10:03:18[22m   [34m鈹溾攢[39m [2m/vi/product/yet133-acetate-sunglasses/index.html[22m [2m(+42ms)[22m 
[2m10:03:18[22m   [34m鈹溾攢[39m [2m/tr/product/yet133-acetate-sunglasses/index.html[22m [2m(+46ms)[22m 
[2m10:03:18[22m   [34m鈹溾攢[39m [2m/zh/product/yet133-acetate-sunglasses/index.html[22m [2m(+55ms)[22m 
[2m10:03:18[22m   [34m鈹溾攢[39m [2m/ar/product/yet138-acetate-sunglasses/index.html[22m [2m(+41ms)[22m 
[2m10:03:19[22m   [34m鈹溾攢[39m [2m/de/product/yet138-acetate-sunglasses/index.html[22m [2m(+44ms)[22m 
[2m10:03:19[22m   [34m鈹溾攢[39m [2m/es/product/yet138-acetate-sunglasses/index.html[22m [2m(+41ms)[22m 
[2m10:03:19[22m   [34m鈹溾攢[39m [2m/fr/product/yet138-acetate-sunglasses/index.html[22m [2m(+48ms)[22m 
[2m10:03:19[22m   [34m鈹溾攢[39m [2m/hi/product/yet138-acetate-sunglasses/index.html[22m [2m(+52ms)[22m 
[2m10:03:19[22m   [34m鈹溾攢[39m [2m/it/product/yet138-acetate-sunglasses/index.html[22m [2m(+93ms)[22m 
[2m10:03:19[22m   [34m鈹溾攢[39m [2m/ja/product/yet138-acetate-sunglasses/index.html[22m [2m(+100ms)[22m 
[2m10:03:19[22m   [34m鈹溾攢[39m [2m/ko/product/yet138-acetate-sunglasses/index.html[22m [2m(+86ms)[22m 
[2m10:03:19[22m   [34m鈹溾攢[39m [2m/jv/product/yet138-acetate-sunglasses/index.html[22m [2m(+85ms)[22m 
[2m10:03:19[22m   [34m鈹溾攢[39m [2m/pt/product/yet138-acetate-sunglasses/index.html[22m [2m(+97ms)[22m 
[2m10:03:19[22m   [34m鈹溾攢[39m [2m/ms/product/yet138-acetate-sunglasses/index.html[22m [2m(+71ms)[22m 
[2m10:03:19[22m   [34m鈹溾攢[39m [2m/vi/product/yet138-acetate-sunglasses/index.html[22m [2m(+60ms)[22m 
[2m10:03:19[22m   [34m鈹溾攢[39m [2m/tg/product/yet138-acetate-sunglasses/index.html[22m [2m(+89ms)[22m 
[2m10:03:19[22m   [34m鈹溾攢[39m [2m/tr/product/yet138-acetate-sunglasses/index.html[22m [2m(+170ms)[22m 
[2m10:03:20[22m   [34m鈹溾攢[39m [2m/zh/product/yet138-acetate-sunglasses/index.html[22m [2m(+105ms)[22m 
[2m10:03:20[22m   [34m鈹溾攢[39m [2m/ar/product/yet142-acetate-sunglasses/index.html[22m [2m(+44ms)[22m 
[2m10:03:20[22m   [34m鈹溾攢[39m [2m/ru/product/yet138-acetate-sunglasses/index.html[22m [2m(+50ms)[22m 
[2m10:03:20[22m   [34m鈹溾攢[39m [2m/de/product/yet142-acetate-sunglasses/index.html[22m [2m(+49ms)[22m 
[2m10:03:20[22m   [34m鈹溾攢[39m [2m/es/product/yet142-acetate-sunglasses/index.html[22m [2m(+58ms)[22m 
[2m10:03:20[22m   [34m鈹溾攢[39m [2m/fr/product/yet142-acetate-sunglasses/index.html[22m [2m(+74ms)[22m 
[2m10:03:20[22m   [34m鈹溾攢[39m [2m/hi/product/yet142-acetate-sunglasses/index.html[22m [2m(+63ms)[22m 
[2m10:03:20[22m   [34m鈹溾攢[39m [2m/ja/product/yet142-acetate-sunglasses/index.html[22m [2m(+57ms)[22m 
[2m10:03:20[22m   [34m鈹溾攢[39m [2m/it/product/yet142-acetate-sunglasses/index.html[22m [2m(+73ms)[22m 
[2m10:03:20[22m   [34m鈹溾攢[39m [2m/ko/product/yet142-acetate-sunglasses/index.html[22m [2m(+56ms)[22m 
[2m10:03:20[22m   [34m鈹溾攢[39m [2m/jv/product/yet142-acetate-sunglasses/index.html[22m [2m(+44ms)[22m 
[2m10:03:20[22m   [34m鈹溾攢[39m [2m/ms/product/yet142-acetate-sunglasses/index.html[22m [2m(+40ms)[22m 
[2m10:03:20[22m   [34m鈹溾攢[39m [2m/pt/product/yet142-acetate-sunglasses/index.html[22m [2m(+66ms)[22m 
[2m10:03:20[22m   [34m鈹溾攢[39m [2m/ru/product/yet142-acetate-sunglasses/index.html[22m [2m(+92ms)[22m 
[2m10:03:20[22m   [34m鈹溾攢[39m [2m/zh/product/yet142-acetate-sunglasses/index.html[22m [2m(+59ms)[22m 
[2m10:03:20[22m   [34m鈹溾攢[39m [2m/tr/product/yet142-acetate-sunglasses/index.html[22m [2m(+59ms)[22m 
[2m10:03:21[22m   [34m鈹溾攢[39m [2m/tg/product/yet142-acetate-sunglasses/index.html[22m [2m(+85ms)[22m 
[2m10:03:21[22m   [34m鈹溾攢[39m [2m/vi/product/yet142-acetate-sunglasses/index.html[22m [2m(+60ms)[22m 
[2m10:03:21[22m   [34m鈹溾攢[39m [2m/ar/product/yet143-acetate-sunglasses/index.html[22m [2m(+43ms)[22m 
[2m10:03:21[22m   [34m鈹溾攢[39m [2m/de/product/yet143-acetate-sunglasses/index.html[22m [2m(+46ms)[22m 
[2m10:03:21[22m   [34m鈹溾攢[39m [2m/es/product/yet143-acetate-sunglasses/index.html[22m [2m(+51ms)[22m 
[2m10:03:21[22m   [34m鈹溾攢[39m [2m/hi/product/yet143-acetate-sunglasses/index.html[22m [2m(+56ms)[22m 
[2m10:03:21[22m   [34m鈹溾攢[39m [2m/fr/product/yet143-acetate-sunglasses/index.html[22m [2m(+56ms)[22m 
[2m10:03:21[22m   [34m鈹溾攢[39m [2m/ja/product/yet143-acetate-sunglasses/index.html[22m [2m(+55ms)[22m 
[2m10:03:21[22m   [34m鈹溾攢[39m [2m/it/product/yet143-acetate-sunglasses/index.html[22m [2m(+43ms)[22m 
[2m10:03:21[22m   [34m鈹溾攢[39m [2m/jv/product/yet143-acetate-sunglasses/index.html[22m [2m(+62ms)[22m 
[2m10:03:21[22m   [34m鈹溾攢[39m [2m/ko/product/yet143-acetate-sunglasses/index.html[22m [2m(+60ms)[22m 
[2m10:03:21[22m   [34m鈹溾攢[39m [2m/ms/product/yet143-acetate-sunglasses/index.html[22m [2m(+52ms)[22m 
[2m10:03:21[22m   [34m鈹溾攢[39m [2m/pt/product/yet143-acetate-sunglasses/index.html[22m [2m(+47ms)[22m 
[2m10:03:21[22m   [34m鈹溾攢[39m [2m/ru/product/yet143-acetate-sunglasses/index.html[22m [2m(+68ms)[22m 
[2m10:03:21[22m   [34m鈹溾攢[39m [2m/tg/product/yet143-acetate-sunglasses/index.html[22m [2m(+61ms)[22m 
[2m10:03:21[22m   [34m鈹溾攢[39m [2m/tr/product/yet143-acetate-sunglasses/index.html[22m [2m(+41ms)[22m 
[2m10:03:21[22m   [34m鈹溾攢[39m [2m/zh/product/yet143-acetate-sunglasses/index.html[22m [2m(+43ms)[22m 
[2m10:03:21[22m   [34m鈹溾攢[39m [2m/vi/product/yet143-acetate-sunglasses/index.html[22m [2m(+58ms)[22m 
[2m10:03:22[22m   [34m鈹溾攢[39m [2m/ar/product/yet501-acetate-sunglasses/index.html[22m [2m(+89ms)[22m 
[2m10:03:22[22m   [34m鈹溾攢[39m [2m/de/product/yet501-acetate-sunglasses/index.html[22m [2m(+69ms)[22m 
[2m10:03:22[22m   [34m鈹溾攢[39m [2m/es/product/yet501-acetate-sunglasses/index.html[22m [2m(+71ms)[22m 
[2m10:03:22[22m   [34m鈹溾攢[39m [2m/fr/product/yet501-acetate-sunglasses/index.html[22m [2m(+80ms)[22m 
[2m10:03:22[22m   [34m鈹溾攢[39m [2m/it/product/yet501-acetate-sunglasses/index.html[22m [2m(+80ms)[22m 
[2m10:03:22[22m   [34m鈹溾攢[39m [2m/hi/product/yet501-acetate-sunglasses/index.html[22m [2m(+75ms)[22m 
[2m10:03:22[22m   [34m鈹溾攢[39m [2m/ja/product/yet501-acetate-sunglasses/index.html[22m [2m(+74ms)[22m 
[2m10:03:22[22m   [34m鈹溾攢[39m [2m/jv/product/yet501-acetate-sunglasses/index.html[22m [2m(+69ms)[22m 
[2m10:03:22[22m   [34m鈹溾攢[39m [2m/ko/product/yet501-acetate-sunglasses/index.html[22m [2m(+59ms)[22m 
[2m10:03:22[22m   [34m鈹溾攢[39m [2m/ms/product/yet501-acetate-sunglasses/index.html[22m [2m(+69ms)[22m 
[2m10:03:22[22m   [34m鈹溾攢[39m [2m/pt/product/yet501-acetate-sunglasses/index.html[22m [2m(+117ms)[22m 
[2m10:03:22[22m   [34m鈹溾攢[39m [2m/tg/product/yet501-acetate-sunglasses/index.html[22m [2m(+80ms)[22m 
[2m10:03:22[22m   [34m鈹溾攢[39m [2m/ru/product/yet501-acetate-sunglasses/index.html[22m [2m(+88ms)[22m 
[2m10:03:23[22m   [34m鈹溾攢[39m [2m/tr/product/yet501-acetate-sunglasses/index.html[22m [2m(+76ms)[22m 
[2m10:03:23[22m   [34m鈹溾攢[39m [2m/vi/product/yet501-acetate-sunglasses/index.html[22m [2m(+52ms)[22m 
[2m10:03:23[22m   [34m鈹溾攢[39m [2m/zh/product/yet501-acetate-sunglasses/index.html[22m [2m(+47ms)[22m 
[2m10:03:23[22m   [34m鈹溾攢[39m [2m/ar/product/yet502-acetate-sunglasses/index.html[22m [2m(+43ms)[22m 
[2m10:03:23[22m   [34m鈹溾攢[39m [2m/de/product/yet502-acetate-sunglasses/index.html[22m [2m(+54ms)[22m 
[2m10:03:23[22m   [34m鈹溾攢[39m [2m/es/product/yet502-acetate-sunglasses/index.html[22m [2m(+63ms)[22m 
[2m10:03:23[22m   [34m鈹溾攢[39m [2m/fr/product/yet502-acetate-sunglasses/index.html[22m [2m(+70ms)[22m 
[2m10:03:23[22m   [34m鈹溾攢[39m [2m/hi/product/yet502-acetate-sunglasses/index.html[22m [2m(+89ms)[22m 
[2m10:03:23[22m   [34m鈹溾攢[39m [2m/it/product/yet502-acetate-sunglasses/index.html[22m [2m(+111ms)[22m 
[2m10:03:23[22m   [34m鈹溾攢[39m [2m/ja/product/yet502-acetate-sunglasses/index.html[22m [2m(+59ms)[22m 
[2m10:03:23[22m   [34m鈹溾攢[39m [2m/jv/product/yet502-acetate-sunglasses/index.html[22m [2m(+58ms)[22m 
[2m10:03:23[22m   [34m鈹溾攢[39m [2m/ko/product/yet502-acetate-sunglasses/index.html[22m [2m(+60ms)[22m 
[2m10:03:23[22m   [34m鈹溾攢[39m [2m/ms/product/yet502-acetate-sunglasses/index.html[22m [2m(+69ms)[22m 
[2m10:03:23[22m   [34m鈹溾攢[39m [2m/pt/product/yet502-acetate-sunglasses/index.html[22m [2m(+73ms)[22m 
[2m10:03:23[22m   [34m鈹溾攢[39m [2m/tg/product/yet502-acetate-sunglasses/index.html[22m [2m(+101ms)[22m 
[2m10:03:24[22m   [34m鈹溾攢[39m [2m/ru/product/yet502-acetate-sunglasses/index.html[22m [2m(+118ms)[22m 
[2m10:03:24[22m   [34m鈹溾攢[39m [2m/tr/product/yet502-acetate-sunglasses/index.html[22m [2m(+65ms)[22m 
[2m10:03:24[22m   [34m鈹溾攢[39m [2m/vi/product/yet502-acetate-sunglasses/index.html[22m [2m(+67ms)[22m 
[2m10:03:24[22m   [34m鈹溾攢[39m [2m/zh/product/yet502-acetate-sunglasses/index.html[22m [2m(+55ms)[22m 
[2m10:03:24[22m   [34m鈹溾攢[39m [2m/ar/product/yeto-007s-metal-sunglasses/index.html[22m [2m(+93ms)[22m 
[2m10:03:24[22m   [34m鈹溾攢[39m [2m/de/product/yeto-007s-metal-sunglasses/index.html[22m [2m(+124ms)[22m 
[2m10:03:24[22m   [34m鈹溾攢[39m [2m/es/product/yeto-007s-metal-sunglasses/index.html[22m [2m(+99ms)[22m 
[2m10:03:24[22m   [34m鈹溾攢[39m [2m/fr/product/yeto-007s-metal-sunglasses/index.html[22m [2m(+66ms)[22m 
[2m10:03:24[22m   [34m鈹溾攢[39m [2m/hi/product/yeto-007s-metal-sunglasses/index.html[22m [2m(+59ms)[22m 
[2m10:03:24[22m   [34m鈹溾攢[39m [2m/it/product/yeto-007s-metal-sunglasses/index.html[22m [2m(+60ms)[22m 
[2m10:03:24[22m   [34m鈹溾攢[39m [2m/ja/product/yeto-007s-metal-sunglasses/index.html[22m [2m(+54ms)[22m 
[2m10:03:24[22m   [34m鈹溾攢[39m [2m/jv/product/yeto-007s-metal-sunglasses/index.html[22m [2m(+47ms)[22m 
[2m10:03:24[22m   [34m鈹溾攢[39m [2m/ko/product/yeto-007s-metal-sunglasses/index.html[22m [2m(+51ms)[22m 
[2m10:03:25[22m   [34m鈹溾攢[39m [2m/ms/product/yeto-007s-metal-sunglasses/index.html[22m [2m(+40ms)[22m 
[2m10:03:25[22m   [34m鈹溾攢[39m [2m/pt/product/yeto-007s-metal-sunglasses/index.html[22m [2m(+41ms)[22m 
[2m10:03:25[22m   [34m鈹溾攢[39m [2m/tg/product/yeto-007s-metal-sunglasses/index.html[22m [2m(+49ms)[22m 
[2m10:03:25[22m   [34m鈹溾攢[39m [2m/ru/product/yeto-007s-metal-sunglasses/index.html[22m [2m(+51ms)[22m 
[2m10:03:25[22m   [34m鈹溾攢[39m [2m/tr/product/yeto-007s-metal-sunglasses/index.html[22m [2m(+76ms)[22m 
[2m10:03:25[22m   [34m鈹溾攢[39m [2m/vi/product/yeto-007s-metal-sunglasses/index.html[22m [2m(+111ms)[22m 
[2m10:03:25[22m   [34m鈹溾攢[39m [2m/zh/product/yeto-007s-metal-sunglasses/index.html[22m [2m(+84ms)[22m 
[2m10:03:25[22m   [34m鈹溾攢[39m [2m/de/product/yet117-metal-sunglasses/index.html[22m [2m(+58ms)[22m 
[2m10:03:25[22m   [34m鈹溾攢[39m [2m/ar/product/yet117-metal-sunglasses/index.html[22m [2m(+67ms)[22m 
[2m10:03:25[22m   [34m鈹溾攢[39m [2m/es/product/yet117-metal-sunglasses/index.html[22m [2m(+71ms)[22m 
[2m10:03:25[22m   [34m鈹溾攢[39m [2m/fr/product/yet117-metal-sunglasses/index.html[22m [2m(+77ms)[22m 
[2m10:03:25[22m   [34m鈹溾攢[39m [2m/hi/product/yet117-metal-sunglasses/index.html[22m [2m(+61ms)[22m 
[2m10:03:25[22m   [34m鈹溾攢[39m [2m/it/product/yet117-metal-sunglasses/index.html[22m [2m(+60ms)[22m 
[2m10:03:25[22m   [34m鈹溾攢[39m [2m/ja/product/yet117-metal-sunglasses/index.html[22m [2m(+56ms)[22m 
[2m10:03:25[22m   [34m鈹溾攢[39m [2m/jv/product/yet117-metal-sunglasses/index.html[22m [2m(+60ms)[22m 
[2m10:03:26[22m   [34m鈹溾攢[39m [2m/ko/product/yet117-metal-sunglasses/index.html[22m [2m(+46ms)[22m 
[2m10:03:26[22m   [34m鈹溾攢[39m [2m/tg/product/yet117-metal-sunglasses/index.html[22m [2m(+50ms)[22m 
[2m10:03:26[22m   [34m鈹溾攢[39m [2m/ms/product/yet117-metal-sunglasses/index.html[22m [2m(+44ms)[22m 
[2m10:03:26[22m   [34m鈹溾攢[39m [2m/pt/product/yet117-metal-sunglasses/index.html[22m [2m(+41ms)[22m 
[2m10:03:26[22m   [34m鈹溾攢[39m [2m/ru/product/yet117-metal-sunglasses/index.html[22m [2m(+43ms)[22m 
[2m10:03:26[22m   [34m鈹溾攢[39m [2m/tr/product/yet117-metal-sunglasses/index.html[22m [2m(+42ms)[22m 
[2m10:03:26[22m   [34m鈹溾攢[39m [2m/vi/product/yet117-metal-sunglasses/index.html[22m [2m(+64ms)[22m 
[2m10:03:26[22m   [34m鈹溾攢[39m [2m/zh/product/yet117-metal-sunglasses/index.html[22m [2m(+86ms)[22m 
[2m10:03:26[22m   [34m鈹溾攢[39m [2m/ar/product/yet118-metal-sunglasses/index.html[22m [2m(+75ms)[22m 
[2m10:03:26[22m   [34m鈹溾攢[39m [2m/de/product/yet118-metal-sunglasses/index.html[22m [2m(+63ms)[22m 
[2m10:03:26[22m   [34m鈹溾攢[39m [2m/es/product/yet118-metal-sunglasses/index.html[22m [2m(+86ms)[22m 
[2m10:03:26[22m   [34m鈹溾攢[39m [2m/fr/product/yet118-metal-sunglasses/index.html[22m [2m(+76ms)[22m 
[2m10:03:26[22m   [34m鈹溾攢[39m [2m/hi/product/yet118-metal-sunglasses/index.html[22m [2m(+55ms)[22m 
[2m10:03:26[22m   [34m鈹溾攢[39m [2m/it/product/yet118-metal-sunglasses/index.html[22m [2m(+50ms)[22m 
[2m10:03:26[22m   [34m鈹溾攢[39m [2m/ja/product/yet118-metal-sunglasses/index.html[22m [2m(+43ms)[22m 
[2m10:03:26[22m   [34m鈹溾攢[39m [2m/jv/product/yet118-metal-sunglasses/index.html[22m [2m(+44ms)[22m 
[2m10:03:26[22m   [34m鈹溾攢[39m [2m/ko/product/yet118-metal-sunglasses/index.html[22m [2m(+69ms)[22m 
[2m10:03:26[22m   [34m鈹溾攢[39m [2m/ru/product/yet118-metal-sunglasses/index.html[22m [2m(+75ms)[22m 
[2m10:03:27[22m   [34m鈹溾攢[39m [2m/pt/product/yet118-metal-sunglasses/index.html[22m [2m(+59ms)[22m 
[2m10:03:27[22m   [34m鈹溾攢[39m [2m/ms/product/yet118-metal-sunglasses/index.html[22m [2m(+71ms)[22m 
[2m10:03:27[22m   [34m鈹溾攢[39m [2m/tr/product/yet118-metal-sunglasses/index.html[22m [2m(+79ms)[22m 
[2m10:03:27[22m   [34m鈹溾攢[39m [2m/tg/product/yet118-metal-sunglasses/index.html[22m [2m(+56ms)[22m 
[2m10:03:27[22m   [34m鈹溾攢[39m [2m/vi/product/yet118-metal-sunglasses/index.html[22m [2m(+60ms)[22m 
[2m10:03:27[22m   [34m鈹溾攢[39m [2m/zh/product/yet118-metal-sunglasses/index.html[22m [2m(+66ms)[22m 
[2m10:03:27[22m   [34m鈹溾攢[39m [2m/ar/product/yet120-metal-sunglasses/index.html[22m [2m(+64ms)[22m 
[2m10:03:27[22m   [34m鈹溾攢[39m [2m/de/product/yet120-metal-sunglasses/index.html[22m [2m(+72ms)[22m 
[2m10:03:27[22m   [34m鈹溾攢[39m [2m/es/product/yet120-metal-sunglasses/index.html[22m [2m(+72ms)[22m 
[2m10:03:27[22m   [34m鈹溾攢[39m [2m/fr/product/yet120-metal-sunglasses/index.html[22m [2m(+70ms)[22m 
[2m10:03:27[22m   [34m鈹溾攢[39m [2m/hi/product/yet120-metal-sunglasses/index.html[22m [2m(+44ms)[22m 
[2m10:03:27[22m   [34m鈹溾攢[39m [2m/it/product/yet120-metal-sunglasses/index.html[22m [2m(+46ms)[22m 
[2m10:03:27[22m   [34m鈹溾攢[39m [2m/ja/product/yet120-metal-sunglasses/index.html[22m [2m(+55ms)[22m 
[2m10:03:27[22m   [34m鈹溾攢[39m [2m/ko/product/yet120-metal-sunglasses/index.html[22m [2m(+55ms)[22m 
[2m10:03:27[22m   [34m鈹溾攢[39m [2m/jv/product/yet120-metal-sunglasses/index.html[22m [2m(+40ms)[22m 
[2m10:03:27[22m   [34m鈹溾攢[39m [2m/pt/product/yet120-metal-sunglasses/index.html[22m [2m(+46ms)[22m 
[2m10:03:28[22m   [34m鈹溾攢[39m [2m/ru/product/yet120-metal-sunglasses/index.html[22m [2m(+49ms)[22m 
[2m10:03:28[22m   [34m鈹溾攢[39m [2m/ms/product/yet120-metal-sunglasses/index.html[22m [2m(+65ms)[22m 
[2m10:03:28[22m   [34m鈹溾攢[39m [2m/tg/product/yet120-metal-sunglasses/index.html[22m [2m(+62ms)[22m 
[2m10:03:28[22m   [34m鈹溾攢[39m [2m/tr/product/yet120-metal-sunglasses/index.html[22m [2m(+78ms)[22m 
[2m10:03:28[22m   [34m鈹溾攢[39m [2m/vi/product/yet120-metal-sunglasses/index.html[22m [2m(+63ms)[22m 
[2m10:03:28[22m   [34m鈹斺攢[39m [2m/zh/product/yet120-metal-sunglasses/index.html[22m [2m(+56ms)[22m 
[2m10:03:28[22m [32m鈻?[39m src/pages/[lang]/product/[category]/[...page].astro
[2m10:03:28[22m   [34m鈹溾攢[39m [2m/ar/product/luxury-customized/index.html[22m [2m(+55ms)[22m 
[2m10:03:28[22m   [34m鈹溾攢[39m [2m/ar/product/luxury-customized/2/index.html[22m [2m(+56ms)[22m 
[2m10:03:28[22m   [34m鈹溾攢[39m [2m/ar/product/luxury-customized/3/index.html[22m [2m(+48ms)[22m 
[2m10:03:28[22m   [34m鈹溾攢[39m [2m/ar/product/luxury-glasses/index.html[22m [2m(+43ms)[22m 
[2m10:03:28[22m   [34m鈹溾攢[39m [2m/ar/product/luxury-sunglasses/index.html[22m [2m(+66ms)[22m 
[2m10:03:28[22m   [34m鈹溾攢[39m [2m/ar/product/luxury-sunglasses/2/index.html[22m [2m(+64ms)[22m 
[2m10:03:28[22m   [34m鈹溾攢[39m [2m/ar/product/high-couture-series/index.html[22m [2m(+63ms)[22m 
[2m10:03:28[22m   [34m鈹溾攢[39m [2m/ar/product/high-couture-sunglasses/index.html[22m [2m(+57ms)[22m 
[2m10:03:29[22m   [34m鈹溾攢[39m [2m/ar/product/classics-series/index.html[22m [2m(+46ms)[22m 
[2m10:03:29[22m   [34m鈹溾攢[39m [2m/ar/product/classics-series/2/index.html[22m [2m(+48ms)[22m 
[2m10:03:29[22m   [34m鈹溾攢[39m [2m/ar/product/classics-series/3/index.html[22m [2m(+53ms)[22m 
[2m10:03:29[22m   [34m鈹溾攢[39m [2m/ar/product/classics-series/4/index.html[22m [2m(+48ms)[22m 
[2m10:03:29[22m   [34m鈹溾攢[39m [2m/ar/product/classics-sunglasses/index.html[22m [2m(+48ms)[22m 
[2m10:03:29[22m   [34m鈹溾攢[39m [2m/ar/product/classics-sunglasses/2/index.html[22m [2m(+45ms)[22m 
[2m10:03:29[22m   [34m鈹溾攢[39m [2m/ar/product/classics-sunglasses/3/index.html[22m [2m(+43ms)[22m 
[2m10:03:29[22m   [34m鈹溾攢[39m [2m/ar/product/classics-glasses/index.html[22m [2m(+63ms)[22m 
[2m10:03:29[22m   [34m鈹溾攢[39m [2m/ar/product/classics-glasses/2/index.html[22m [2m(+75ms)[22m 
[2m10:03:29[22m   [34m鈹溾攢[39m [2m/ar/product/fashion-series/index.html[22m [2m(+92ms)[22m 
[2m10:03:29[22m   [34m鈹溾攢[39m [2m/ar/product/fashion-series/2/index.html[22m [2m(+66ms)[22m 
[2m10:03:29[22m   [34m鈹溾攢[39m [2m/ar/product/fashion-series/3/index.html[22m [2m(+49ms)[22m 
[2m10:03:29[22m   [34m鈹溾攢[39m [2m/ar/product/acetate-sunglasses/index.html[22m [2m(+54ms)[22m 
[2m10:03:29[22m   [34m鈹溾攢[39m [2m/ar/product/acetate-sunglasses/2/index.html[22m [2m(+45ms)[22m 
[2m10:03:29[22m   [34m鈹溾攢[39m [2m/ar/product/acetate-sunglasses/3/index.html[22m [2m(+53ms)[22m 
[2m10:03:29[22m   [34m鈹溾攢[39m [2m/ar/product/metal-sunglasses/index.html[22m [2m(+59ms)[22m 
[2m10:03:29[22m   [34m鈹溾攢[39m [2m/ar/product/sunglasses/index.html[22m [2m(+76ms)[22m 
[2m10:03:30[22m   [34m鈹溾攢[39m [2m/ar/product/sunglasses/2/index.html[22m [2m(+93ms)[22m 
[2m10:03:30[22m   [34m鈹溾攢[39m [2m/ar/product/sunglasses/3/index.html[22m [2m(+70ms)[22m 
[2m10:03:30[22m   [34m鈹溾攢[39m [2m/ar/product/sunglasses/4/index.html[22m [2m(+73ms)[22m 
[2m10:03:30[22m   [34m鈹溾攢[39m [2m/ar/product/sunglasses/5/index.html[22m [2m(+59ms)[22m 
[2m10:03:30[22m   [34m鈹溾攢[39m [2m/ar/product/sunglasses/6/index.html[22m [2m(+61ms)[22m 
[2m10:03:30[22m   [34m鈹溾攢[39m [2m/ar/product/sunglasses/7/index.html[22m [2m(+64ms)[22m 
[2m10:03:30[22m   [34m鈹溾攢[39m [2m/ar/product/sunglasses/8/index.html[22m [2m(+68ms)[22m 
[2m10:03:30[22m   [34m鈹溾攢[39m [2m/ar/product/metal/index.html[22m [2m(+56ms)[22m 
[2m10:03:30[22m   [34m鈹溾攢[39m [2m/ar/product/acetate/index.html[22m [2m(+65ms)[22m 
[2m10:03:30[22m   [34m鈹溾攢[39m [2m/ar/product/acetate/2/index.html[22m [2m(+88ms)[22m 
[2m10:03:30[22m   [34m鈹溾攢[39m [2m/ar/product/acetate/3/index.html[22m [2m(+68ms)[22m 
[2m10:03:30[22m   [34m鈹溾攢[39m [2m/ar/product/luxury/index.html[22m [2m(+57ms)[22m 
[2m10:03:30[22m   [34m鈹溾攢[39m [2m/ar/product/luxury/2/index.html[22m [2m(+43ms)[22m 
[2m10:03:30[22m   [34m鈹溾攢[39m [2m/ar/product/luxury/3/index.html[22m [2m(+44ms)[22m 
[2m10:03:30[22m   [34m鈹溾攢[39m [2m/ar/product/fashion/index.html[22m [2m(+55ms)[22m 
[2m10:03:30[22m   [34m鈹溾攢[39m [2m/ar/product/fashion/2/index.html[22m [2m(+60ms)[22m 
[2m10:03:31[22m   [34m鈹溾攢[39m [2m/ar/product/fashion/3/index.html[22m [2m(+71ms)[22m 
[2m10:03:31[22m   [34m鈹溾攢[39m [2m/it/product/luxury-customized/index.html[22m [2m(+66ms)[22m 
[2m10:03:31[22m   [34m鈹溾攢[39m [2m/it/product/luxury-customized/2/index.html[22m [2m(+53ms)[22m 
[2m10:03:31[22m   [34m鈹溾攢[39m [2m/it/product/luxury-customized/3/index.html[22m [2m(+41ms)[22m 
[2m10:03:31[22m   [34m鈹溾攢[39m [2m/it/product/luxury-glasses/index.html[22m [2m(+54ms)[22m 
[2m10:03:31[22m   [34m鈹溾攢[39m [2m/it/product/luxury-sunglasses/index.html[22m [2m(+72ms)[22m 
[2m10:03:31[22m   [34m鈹溾攢[39m [2m/it/product/luxury-sunglasses/2/index.html[22m [2m(+71ms)[22m 
[2m10:03:31[22m   [34m鈹溾攢[39m [2m/it/product/high-couture-series/index.html[22m [2m(+66ms)[22m 
[2m10:03:31[22m   [34m鈹溾攢[39m [2m/it/product/high-couture-sunglasses/index.html[22m [2m(+66ms)[22m 
[2m10:03:31[22m   [34m鈹溾攢[39m [2m/it/product/classics-series/index.html[22m [2m(+64ms)[22m 
[2m10:03:31[22m   [34m鈹溾攢[39m [2m/it/product/classics-series/2/index.html[22m [2m(+78ms)[22m 
[2m10:03:31[22m   [34m鈹溾攢[39m [2m/it/product/classics-series/3/index.html[22m [2m(+94ms)[22m 
[2m10:03:31[22m   [34m鈹溾攢[39m [2m/it/product/classics-series/4/index.html[22m [2m(+47ms)[22m 
[2m10:03:31[22m   [34m鈹溾攢[39m [2m/it/product/classics-sunglasses/index.html[22m [2m(+51ms)[22m 
[2m10:03:31[22m   [34m鈹溾攢[39m [2m/it/product/classics-sunglasses/2/index.html[22m [2m(+49ms)[22m 
[2m10:03:31[22m   [34m鈹溾攢[39m [2m/it/product/classics-sunglasses/3/index.html[22m [2m(+46ms)[22m 
[2m10:03:32[22m   [34m鈹溾攢[39m [2m/it/product/classics-glasses/index.html[22m [2m(+43ms)[22m 
[2m10:03:32[22m   [34m鈹溾攢[39m [2m/it/product/classics-glasses/2/index.html[22m [2m(+42ms)[22m 
[2m10:03:32[22m   [34m鈹溾攢[39m [2m/it/product/fashion-series/index.html[22m [2m(+47ms)[22m 
[2m10:03:32[22m   [34m鈹溾攢[39m [2m/it/product/fashion-series/2/index.html[22m [2m(+48ms)[22m 
[2m10:03:32[22m   [34m鈹溾攢[39m [2m/it/product/fashion-series/3/index.html[22m [2m(+47ms)[22m 
[2m10:03:32[22m   [34m鈹溾攢[39m [2m/it/product/acetate-sunglasses/index.html[22m [2m(+44ms)[22m 
[2m10:03:32[22m   [34m鈹溾攢[39m [2m/it/product/acetate-sunglasses/2/index.html[22m [2m(+43ms)[22m 
[2m10:03:32[22m   [34m鈹溾攢[39m [2m/it/product/acetate-sunglasses/3/index.html[22m [2m(+51ms)[22m 
[2m10:03:32[22m   [34m鈹溾攢[39m [2m/it/product/metal-sunglasses/index.html[22m [2m(+63ms)[22m 
[2m10:03:32[22m   [34m鈹溾攢[39m [2m/it/product/sunglasses/index.html[22m [2m(+56ms)[22m 
[2m10:03:32[22m   [34m鈹溾攢[39m [2m/it/product/sunglasses/2/index.html[22m [2m(+51ms)[22m 
[2m10:03:32[22m   [34m鈹溾攢[39m [2m/it/product/sunglasses/3/index.html[22m [2m(+42ms)[22m 
[2m10:03:32[22m   [34m鈹溾攢[39m [2m/it/product/sunglasses/4/index.html[22m [2m(+49ms)[22m 
[2m10:03:32[22m   [34m鈹溾攢[39m [2m/it/product/sunglasses/5/index.html[22m [2m(+43ms)[22m 
[2m10:03:32[22m   [34m鈹溾攢[39m [2m/it/product/sunglasses/6/index.html[22m [2m(+45ms)[22m 
[2m10:03:32[22m   [34m鈹溾攢[39m [2m/it/product/sunglasses/7/index.html[22m [2m(+45ms)[22m 
[2m10:03:32[22m   [34m鈹溾攢[39m [2m/it/product/sunglasses/8/index.html[22m [2m(+67ms)[22m 
[2m10:03:32[22m   [34m鈹溾攢[39m [2m/it/product/metal/index.html[22m [2m(+66ms)[22m 
[2m10:03:32[22m   [34m鈹溾攢[39m [2m/it/product/acetate/index.html[22m [2m(+62ms)[22m 
[2m10:03:32[22m   [34m鈹溾攢[39m [2m/it/product/acetate/2/index.html[22m [2m(+63ms)[22m 
[2m10:03:33[22m   [34m鈹溾攢[39m [2m/it/product/acetate/3/index.html[22m [2m(+71ms)[22m 
[2m10:03:33[22m   [34m鈹溾攢[39m [2m/it/product/luxury/index.html[22m [2m(+70ms)[22m 
[2m10:03:33[22m   [34m鈹溾攢[39m [2m/it/product/luxury/2/index.html[22m [2m(+45ms)[22m 
[2m10:03:33[22m   [34m鈹溾攢[39m [2m/it/product/luxury/3/index.html[22m [2m(+37ms)[22m 
[2m10:03:33[22m   [34m鈹溾攢[39m [2m/it/product/fashion/index.html[22m [2m(+42ms)[22m 
[2m10:03:33[22m   [34m鈹溾攢[39m [2m/it/product/fashion/2/index.html[22m [2m(+44ms)[22m 
[2m10:03:33[22m   [34m鈹溾攢[39m [2m/it/product/fashion/3/index.html[22m [2m(+51ms)[22m 
[2m10:03:33[22m   [34m鈹溾攢[39m [2m/es/product/luxury-customized/index.html[22m [2m(+79ms)[22m 
[2m10:03:33[22m   [34m鈹溾攢[39m [2m/es/product/luxury-customized/2/index.html[22m [2m(+68ms)[22m 
[2m10:03:33[22m   [34m鈹溾攢[39m [2m/es/product/luxury-customized/3/index.html[22m [2m(+50ms)[22m 
[2m10:03:33[22m   [34m鈹溾攢[39m [2m/es/product/luxury-glasses/index.html[22m [2m(+53ms)[22m 
[2m10:03:33[22m   [34m鈹溾攢[39m [2m/es/product/luxury-sunglasses/index.html[22m [2m(+57ms)[22m 
[2m10:03:33[22m   [34m鈹溾攢[39m [2m/es/product/luxury-sunglasses/2/index.html[22m [2m(+63ms)[22m 
[2m10:03:33[22m   [34m鈹溾攢[39m [2m/es/product/high-couture-series/index.html[22m [2m(+64ms)[22m 
[2m10:03:33[22m   [34m鈹溾攢[39m [2m/es/product/high-couture-sunglasses/index.html[22m [2m(+53ms)[22m 
[2m10:03:33[22m   [34m鈹溾攢[39m [2m/es/product/classics-series/index.html[22m [2m(+59ms)[22m 
[2m10:03:33[22m   [34m鈹溾攢[39m [2m/es/product/classics-series/2/index.html[22m [2m(+49ms)[22m 
[2m10:03:33[22m   [34m鈹溾攢[39m [2m/es/product/classics-series/3/index.html[22m [2m(+39ms)[22m 
[2m10:03:34[22m   [34m鈹溾攢[39m [2m/es/product/classics-series/4/index.html[22m [2m(+55ms)[22m 
[2m10:03:34[22m   [34m鈹溾攢[39m [2m/es/product/classics-sunglasses/index.html[22m [2m(+72ms)[22m 
[2m10:03:34[22m   [34m鈹溾攢[39m [2m/es/product/classics-sunglasses/2/index.html[22m [2m(+55ms)[22m 
[2m10:03:34[22m   [34m鈹溾攢[39m [2m/es/product/classics-sunglasses/3/index.html[22m [2m(+41ms)[22m 
[2m10:03:34[22m   [34m鈹溾攢[39m [2m/es/product/classics-glasses/index.html[22m [2m(+40ms)[22m 
[2m10:03:34[22m   [34m鈹溾攢[39m [2m/es/product/classics-glasses/2/index.html[22m [2m(+39ms)[22m 
[2m10:03:34[22m   [34m鈹溾攢[39m [2m/es/product/fashion-series/index.html[22m [2m(+58ms)[22m 
[2m10:03:34[22m   [34m鈹溾攢[39m [2m/es/product/fashion-series/2/index.html[22m [2m(+57ms)[22m 
[2m10:03:34[22m   [34m鈹溾攢[39m [2m/es/product/fashion-series/3/index.html[22m [2m(+62ms)[22m 
[2m10:03:34[22m   [34m鈹溾攢[39m [2m/es/product/acetate-sunglasses/index.html[22m [2m(+63ms)[22m 
[2m10:03:34[22m   [34m鈹溾攢[39m [2m/es/product/acetate-sunglasses/2/index.html[22m [2m(+61ms)[22m 
[2m10:03:34[22m   [34m鈹溾攢[39m [2m/es/product/acetate-sunglasses/3/index.html[22m [2m(+72ms)[22m 
[2m10:03:34[22m   [34m鈹溾攢[39m [2m/es/product/metal-sunglasses/index.html[22m [2m(+70ms)[22m 
[2m10:03:34[22m   [34m鈹溾攢[39m [2m/es/product/sunglasses/index.html[22m [2m(+64ms)[22m 
[2m10:03:34[22m   [34m鈹溾攢[39m [2m/es/product/sunglasses/2/index.html[22m [2m(+50ms)[22m 
[2m10:03:34[22m   [34m鈹溾攢[39m [2m/es/product/sunglasses/3/index.html[22m [2m(+40ms)[22m 
[2m10:03:34[22m   [34m鈹溾攢[39m [2m/es/product/sunglasses/4/index.html[22m [2m(+44ms)[22m 
[2m10:03:34[22m   [34m鈹溾攢[39m [2m/es/product/sunglasses/5/index.html[22m [2m(+40ms)[22m 
[2m10:03:35[22m   [34m鈹溾攢[39m [2m/es/product/sunglasses/6/index.html[22m [2m(+39ms)[22m 
[2m10:03:35[22m   [34m鈹溾攢[39m [2m/es/product/sunglasses/7/index.html[22m [2m(+41ms)[22m 
[2m10:03:35[22m   [34m鈹溾攢[39m [2m/es/product/sunglasses/8/index.html[22m [2m(+40ms)[22m 
[2m10:03:35[22m   [34m鈹溾攢[39m [2m/es/product/metal/index.html[22m [2m(+42ms)[22m 
[2m10:03:35[22m   [34m鈹溾攢[39m [2m/es/product/acetate/index.html[22m [2m(+45ms)[22m 
[2m10:03:35[22m   [34m鈹溾攢[39m [2m/es/product/acetate/2/index.html[22m [2m(+44ms)[22m 
[2m10:03:35[22m   [34m鈹溾攢[39m [2m/es/product/acetate/3/index.html[22m [2m(+43ms)[22m 
[2m10:03:35[22m   [34m鈹溾攢[39m [2m/es/product/luxury/index.html[22m [2m(+38ms)[22m 
[2m10:03:35[22m   [34m鈹溾攢[39m [2m/es/product/luxury/2/index.html[22m [2m(+46ms)[22m 
[2m10:03:35[22m   [34m鈹溾攢[39m [2m/es/product/luxury/3/index.html[22m [2m(+58ms)[22m 
[2m10:03:35[22m   [34m鈹溾攢[39m [2m/es/product/fashion/index.html[22m [2m(+46ms)[22m 
[2m10:03:35[22m   [34m鈹溾攢[39m [2m/es/product/fashion/2/index.html[22m [2m(+38ms)[22m 
[2m10:03:35[22m   [34m鈹溾攢[39m [2m/es/product/fashion/3/index.html[22m [2m(+45ms)[22m 
[2m10:03:35[22m   [34m鈹溾攢[39m [2m/fr/product/luxury-customized/index.html[22m [2m(+45ms)[22m 
[2m10:03:35[22m   [34m鈹溾攢[39m [2m/fr/product/luxury-customized/2/index.html[22m [2m(+122ms)[22m 
[2m10:03:35[22m   [34m鈹溾攢[39m [2m/fr/product/luxury-customized/3/index.html[22m [2m(+62ms)[22m 
[2m10:03:35[22m   [34m鈹溾攢[39m [2m/fr/product/luxury-glasses/index.html[22m [2m(+45ms)[22m 
[2m10:03:35[22m   [34m鈹溾攢[39m [2m/fr/product/luxury-sunglasses/index.html[22m [2m(+44ms)[22m 
[2m10:03:35[22m   [34m鈹溾攢[39m [2m/fr/product/luxury-sunglasses/2/index.html[22m [2m(+41ms)[22m 
[2m10:03:35[22m   [34m鈹溾攢[39m [2m/fr/product/high-couture-series/index.html[22m [2m(+41ms)[22m 
[2m10:03:35[22m   [34m鈹溾攢[39m [2m/fr/product/high-couture-sunglasses/index.html[22m [2m(+48ms)[22m 
[2m10:03:36[22m   [34m鈹溾攢[39m [2m/fr/product/classics-series/index.html[22m [2m(+56ms)[22m 
[2m10:03:36[22m   [34m鈹溾攢[39m [2m/fr/product/classics-series/2/index.html[22m [2m(+54ms)[22m 
[2m10:03:36[22m   [34m鈹溾攢[39m [2m/fr/product/classics-series/3/index.html[22m [2m(+54ms)[22m 
[2m10:03:36[22m   [34m鈹溾攢[39m [2m/fr/product/classics-series/4/index.html[22m [2m(+47ms)[22m 
[2m10:03:36[22m   [34m鈹溾攢[39m [2m/fr/product/classics-sunglasses/index.html[22m [2m(+49ms)[22m 
[2m10:03:36[22m   [34m鈹溾攢[39m [2m/fr/product/classics-sunglasses/2/index.html[22m [2m(+49ms)[22m 
[2m10:03:36[22m   [34m鈹溾攢[39m [2m/fr/product/classics-sunglasses/3/index.html[22m [2m(+48ms)[22m 
[2m10:03:36[22m   [34m鈹溾攢[39m [2m/fr/product/classics-glasses/index.html[22m [2m(+66ms)[22m 
[2m10:03:36[22m   [34m鈹溾攢[39m [2m/fr/product/classics-glasses/2/index.html[22m [2m(+65ms)[22m 
[2m10:03:36[22m   [34m鈹溾攢[39m [2m/fr/product/fashion-series/index.html[22m [2m(+56ms)[22m 
[2m10:03:36[22m   [34m鈹溾攢[39m [2m/fr/product/fashion-series/2/index.html[22m [2m(+52ms)[22m 
[2m10:03:36[22m   [34m鈹溾攢[39m [2m/fr/product/fashion-series/3/index.html[22m [2m(+57ms)[22m 
[2m10:03:36[22m   [34m鈹溾攢[39m [2m/fr/product/acetate-sunglasses/index.html[22m [2m(+58ms)[22m 
[2m10:03:36[22m   [34m鈹溾攢[39m [2m/fr/product/acetate-sunglasses/2/index.html[22m [2m(+47ms)[22m 
[2m10:03:36[22m   [34m鈹溾攢[39m [2m/fr/product/acetate-sunglasses/3/index.html[22m [2m(+56ms)[22m 
[2m10:03:36[22m   [34m鈹溾攢[39m [2m/fr/product/metal-sunglasses/index.html[22m [2m(+49ms)[22m 
[2m10:03:36[22m   [34m鈹溾攢[39m [2m/fr/product/sunglasses/index.html[22m [2m(+53ms)[22m 
[2m10:03:36[22m   [34m鈹溾攢[39m [2m/fr/product/sunglasses/2/index.html[22m [2m(+74ms)[22m 
[2m10:03:37[22m   [34m鈹溾攢[39m [2m/fr/product/sunglasses/3/index.html[22m [2m(+72ms)[22m 
[2m10:03:37[22m   [34m鈹溾攢[39m [2m/fr/product/sunglasses/4/index.html[22m [2m(+51ms)[22m 
[2m10:03:37[22m   [34m鈹溾攢[39m [2m/fr/product/sunglasses/5/index.html[22m [2m(+64ms)[22m 
[2m10:03:37[22m   [34m鈹溾攢[39m [2m/fr/product/sunglasses/6/index.html[22m [2m(+64ms)[22m 
[2m10:03:37[22m   [34m鈹溾攢[39m [2m/fr/product/sunglasses/7/index.html[22m [2m(+83ms)[22m 
[2m10:03:37[22m   [34m鈹溾攢[39m [2m/fr/product/sunglasses/8/index.html[22m [2m(+76ms)[22m 
[2m10:03:37[22m   [34m鈹溾攢[39m [2m/fr/product/metal/index.html[22m [2m(+62ms)[22m 
[2m10:03:37[22m   [34m鈹溾攢[39m [2m/fr/product/acetate/index.html[22m [2m(+44ms)[22m 
[2m10:03:37[22m   [34m鈹溾攢[39m [2m/fr/product/acetate/2/index.html[22m [2m(+44ms)[22m 
[2m10:03:37[22m   [34m鈹溾攢[39m [2m/fr/product/acetate/3/index.html[22m [2m(+61ms)[22m 
[2m10:03:37[22m   [34m鈹溾攢[39m [2m/fr/product/luxury/index.html[22m [2m(+76ms)[22m 
[2m10:03:37[22m   [34m鈹溾攢[39m [2m/fr/product/luxury/2/index.html[22m [2m(+65ms)[22m 
[2m10:03:37[22m   [34m鈹溾攢[39m [2m/fr/product/luxury/3/index.html[22m [2m(+48ms)[22m 
[2m10:03:37[22m   [34m鈹溾攢[39m [2m/fr/product/fashion/index.html[22m [2m(+45ms)[22m 
[2m10:03:37[22m   [34m鈹溾攢[39m [2m/fr/product/fashion/2/index.html[22m [2m(+43ms)[22m 
[2m10:03:37[22m   [34m鈹溾攢[39m [2m/fr/product/fashion/3/index.html[22m [2m(+49ms)[22m 
[2m10:03:37[22m   [34m鈹溾攢[39m [2m/de/product/luxury-customized/index.html[22m [2m(+70ms)[22m 
[2m10:03:38[22m   [34m鈹溾攢[39m [2m/de/product/luxury-customized/2/index.html[22m [2m(+74ms)[22m 
[2m10:03:38[22m   [34m鈹溾攢[39m [2m/de/product/luxury-customized/3/index.html[22m [2m(+60ms)[22m 
[2m10:03:38[22m   [34m鈹溾攢[39m [2m/de/product/luxury-glasses/index.html[22m [2m(+53ms)[22m 
[2m10:03:38[22m   [34m鈹溾攢[39m [2m/de/product/luxury-sunglasses/index.html[22m [2m(+52ms)[22m 
[2m10:03:38[22m   [34m鈹溾攢[39m [2m/de/product/luxury-sunglasses/2/index.html[22m [2m(+58ms)[22m 
[2m10:03:38[22m   [34m鈹溾攢[39m [2m/de/product/high-couture-series/index.html[22m [2m(+61ms)[22m 
[2m10:03:38[22m   [34m鈹溾攢[39m [2m/de/product/high-couture-sunglasses/index.html[22m [2m(+77ms)[22m 
[2m10:03:38[22m   [34m鈹溾攢[39m [2m/de/product/classics-series/index.html[22m [2m(+75ms)[22m 
[2m10:03:38[22m   [34m鈹溾攢[39m [2m/de/product/classics-series/2/index.html[22m [2m(+53ms)[22m 
[2m10:03:38[22m   [34m鈹溾攢[39m [2m/de/product/classics-series/3/index.html[22m [2m(+49ms)[22m 
[2m10:03:38[22m   [34m鈹溾攢[39m [2m/de/product/classics-series/4/index.html[22m [2m(+43ms)[22m 
[2m10:03:38[22m   [34m鈹溾攢[39m [2m/de/product/classics-sunglasses/index.html[22m [2m(+51ms)[22m 
[2m10:03:38[22m   [34m鈹溾攢[39m [2m/de/product/classics-sunglasses/2/index.html[22m [2m(+64ms)[22m 
[2m10:03:38[22m   [34m鈹溾攢[39m [2m/de/product/classics-sunglasses/3/index.html[22m [2m(+67ms)[22m 
[2m10:03:38[22m   [34m鈹溾攢[39m [2m/de/product/classics-glasses/index.html[22m [2m(+60ms)[22m 
[2m10:03:38[22m   [34m鈹溾攢[39m [2m/de/product/classics-glasses/2/index.html[22m [2m(+45ms)[22m 
[2m10:03:38[22m   [34m鈹溾攢[39m [2m/de/product/fashion-series/index.html[22m [2m(+44ms)[22m 
[2m10:03:39[22m   [34m鈹溾攢[39m [2m/de/product/fashion-series/2/index.html[22m [2m(+42ms)[22m 
[2m10:03:39[22m   [34m鈹溾攢[39m [2m/de/product/fashion-series/3/index.html[22m [2m(+40ms)[22m 
[2m10:03:39[22m   [34m鈹溾攢[39m [2m/de/product/acetate-sunglasses/index.html[22m [2m(+44ms)[22m 
[2m10:03:39[22m   [34m鈹溾攢[39m [2m/de/product/acetate-sunglasses/2/index.html[22m [2m(+41ms)[22m 
[2m10:03:39[22m   [34m鈹溾攢[39m [2m/de/product/acetate-sunglasses/3/index.html[22m [2m(+47ms)[22m 
[2m10:03:39[22m   [34m鈹溾攢[39m [2m/de/product/metal-sunglasses/index.html[22m [2m(+43ms)[22m 
[2m10:03:39[22m   [34m鈹溾攢[39m [2m/de/product/sunglasses/index.html[22m [2m(+57ms)[22m 
[2m10:03:39[22m   [34m鈹溾攢[39m [2m/de/product/sunglasses/2/index.html[22m [2m(+52ms)[22m 
[2m10:03:39[22m   [34m鈹溾攢[39m [2m/de/product/sunglasses/3/index.html[22m [2m(+45ms)[22m 
[2m10:03:39[22m   [34m鈹溾攢[39m [2m/de/product/sunglasses/4/index.html[22m [2m(+55ms)[22m 
[2m10:03:39[22m   [34m鈹溾攢[39m [2m/de/product/sunglasses/5/index.html[22m [2m(+63ms)[22m 
[2m10:03:39[22m   [34m鈹溾攢[39m [2m/de/product/sunglasses/6/index.html[22m [2m(+41ms)[22m 
[2m10:03:39[22m   [34m鈹溾攢[39m [2m/de/product/sunglasses/7/index.html[22m [2m(+43ms)[22m 
[2m10:03:39[22m   [34m鈹溾攢[39m [2m/de/product/sunglasses/8/index.html[22m [2m(+40ms)[22m 
[2m10:03:39[22m   [34m鈹溾攢[39m [2m/de/product/metal/index.html[22m [2m(+47ms)[22m 
[2m10:03:39[22m   [34m鈹溾攢[39m [2m/de/product/acetate/index.html[22m [2m(+45ms)[22m 
[2m10:03:39[22m   [34m鈹溾攢[39m [2m/de/product/acetate/2/index.html[22m [2m(+87ms)[22m 
[2m10:03:39[22m   [34m鈹溾攢[39m [2m/de/product/acetate/3/index.html[22m [2m(+57ms)[22m 
[2m10:03:39[22m   [34m鈹溾攢[39m [2m/de/product/luxury/index.html[22m [2m(+52ms)[22m 
[2m10:03:39[22m   [34m鈹溾攢[39m [2m/de/product/luxury/2/index.html[22m [2m(+43ms)[22m 
[2m10:03:40[22m   [34m鈹溾攢[39m [2m/de/product/luxury/3/index.html[22m [2m(+43ms)[22m 
[2m10:03:40[22m   [34m鈹溾攢[39m [2m/de/product/fashion/index.html[22m [2m(+41ms)[22m 
[2m10:03:40[22m   [34m鈹溾攢[39m [2m/de/product/fashion/2/index.html[22m [2m(+48ms)[22m 
[2m10:03:40[22m   [34m鈹溾攢[39m [2m/de/product/fashion/3/index.html[22m [2m(+58ms)[22m 
[2m10:03:40[22m   [34m鈹溾攢[39m [2m/pt/product/luxury-customized/index.html[22m [2m(+56ms)[22m 
[2m10:03:40[22m   [34m鈹溾攢[39m [2m/pt/product/luxury-customized/2/index.html[22m [2m(+65ms)[22m 
[2m10:03:40[22m   [34m鈹溾攢[39m [2m/pt/product/luxury-customized/3/index.html[22m [2m(+70ms)[22m 
[2m10:03:40[22m   [34m鈹溾攢[39m [2m/pt/product/luxury-glasses/index.html[22m [2m(+73ms)[22m 
[2m10:03:40[22m   [34m鈹溾攢[39m [2m/pt/product/luxury-sunglasses/index.html[22m [2m(+81ms)[22m 
[2m10:03:40[22m   [34m鈹溾攢[39m [2m/pt/product/luxury-sunglasses/2/index.html[22m [2m(+61ms)[22m 
[2m10:03:40[22m   [34m鈹溾攢[39m [2m/pt/product/high-couture-series/index.html[22m [2m(+48ms)[22m 
[2m10:03:40[22m   [34m鈹溾攢[39m [2m/pt/product/high-couture-sunglasses/index.html[22m [2m(+43ms)[22m 
[2m10:03:40[22m   [34m鈹溾攢[39m [2m/pt/product/classics-series/index.html[22m [2m(+47ms)[22m 
[2m10:03:40[22m   [34m鈹溾攢[39m [2m/pt/product/classics-series/2/index.html[22m [2m(+53ms)[22m 
[2m10:03:40[22m   [34m鈹溾攢[39m [2m/pt/product/classics-series/3/index.html[22m [2m(+49ms)[22m 
[2m10:03:40[22m   [34m鈹溾攢[39m [2m/pt/product/classics-series/4/index.html[22m [2m(+58ms)[22m 
[2m10:03:40[22m   [34m鈹溾攢[39m [2m/pt/product/classics-sunglasses/index.html[22m [2m(+46ms)[22m 
[2m10:03:40[22m   [34m鈹溾攢[39m [2m/pt/product/classics-sunglasses/2/index.html[22m [2m(+70ms)[22m 
[2m10:03:41[22m   [34m鈹溾攢[39m [2m/pt/product/classics-sunglasses/3/index.html[22m [2m(+59ms)[22m 
[2m10:03:41[22m   [34m鈹溾攢[39m [2m/pt/product/classics-glasses/index.html[22m [2m(+66ms)[22m 
[2m10:03:41[22m   [34m鈹溾攢[39m [2m/pt/product/classics-glasses/2/index.html[22m [2m(+59ms)[22m 
[2m10:03:41[22m   [34m鈹溾攢[39m [2m/pt/product/fashion-series/index.html[22m [2m(+56ms)[22m 
[2m10:03:41[22m   [34m鈹溾攢[39m [2m/pt/product/fashion-series/2/index.html[22m [2m(+45ms)[22m 
[2m10:03:41[22m   [34m鈹溾攢[39m [2m/pt/product/fashion-series/3/index.html[22m [2m(+41ms)[22m 
[2m10:03:41[22m   [34m鈹溾攢[39m [2m/pt/product/acetate-sunglasses/index.html[22m [2m(+53ms)[22m 
[2m10:03:41[22m   [34m鈹溾攢[39m [2m/pt/product/acetate-sunglasses/2/index.html[22m [2m(+57ms)[22m 
[2m10:03:41[22m   [34m鈹溾攢[39m [2m/pt/product/acetate-sunglasses/3/index.html[22m [2m(+63ms)[22m 
[2m10:03:41[22m   [34m鈹溾攢[39m [2m/pt/product/metal-sunglasses/index.html[22m [2m(+63ms)[22m 
[2m10:03:41[22m   [34m鈹溾攢[39m [2m/pt/product/sunglasses/index.html[22m [2m(+64ms)[22m 
[2m10:03:41[22m   [34m鈹溾攢[39m [2m/pt/product/sunglasses/2/index.html[22m [2m(+68ms)[22m 
[2m10:03:41[22m   [34m鈹溾攢[39m [2m/pt/product/sunglasses/3/index.html[22m [2m(+69ms)[22m 
[2m10:03:41[22m   [34m鈹溾攢[39m [2m/pt/product/sunglasses/4/index.html[22m [2m(+57ms)[22m 
[2m10:03:41[22m   [34m鈹溾攢[39m [2m/pt/product/sunglasses/5/index.html[22m [2m(+55ms)[22m 
[2m10:03:41[22m   [34m鈹溾攢[39m [2m/pt/product/sunglasses/6/index.html[22m [2m(+44ms)[22m 
[2m10:03:41[22m   [34m鈹溾攢[39m [2m/pt/product/sunglasses/7/index.html[22m [2m(+55ms)[22m 
[2m10:03:41[22m   [34m鈹溾攢[39m [2m/pt/product/sunglasses/8/index.html[22m [2m(+44ms)[22m 
[2m10:03:42[22m   [34m鈹溾攢[39m [2m/pt/product/metal/index.html[22m [2m(+42ms)[22m 
[2m10:03:42[22m   [34m鈹溾攢[39m [2m/pt/product/acetate/index.html[22m [2m(+41ms)[22m 
[2m10:03:42[22m   [34m鈹溾攢[39m [2m/pt/product/acetate/2/index.html[22m [2m(+45ms)[22m 
[2m10:03:42[22m   [34m鈹溾攢[39m [2m/pt/product/acetate/3/index.html[22m [2m(+47ms)[22m 
[2m10:03:42[22m   [34m鈹溾攢[39m [2m/pt/product/luxury/index.html[22m [2m(+42ms)[22m 
[2m10:03:42[22m   [34m鈹溾攢[39m [2m/pt/product/luxury/2/index.html[22m [2m(+57ms)[22m 
[2m10:03:42[22m   [34m鈹溾攢[39m [2m/pt/product/luxury/3/index.html[22m [2m(+69ms)[22m 
[2m10:03:42[22m   [34m鈹溾攢[39m [2m/pt/product/fashion/index.html[22m [2m(+66ms)[22m 
[2m10:03:42[22m   [34m鈹溾攢[39m [2m/pt/product/fashion/2/index.html[22m [2m(+66ms)[22m 
[2m10:03:42[22m   [34m鈹溾攢[39m [2m/pt/product/fashion/3/index.html[22m [2m(+42ms)[22m 
[2m10:03:42[22m   [34m鈹溾攢[39m [2m/ru/product/luxury-customized/index.html[22m [2m(+50ms)[22m 
[2m10:03:42[22m   [34m鈹溾攢[39m [2m/ru/product/luxury-customized/2/index.html[22m [2m(+42ms)[22m 
[2m10:03:42[22m   [34m鈹溾攢[39m [2m/ru/product/luxury-customized/3/index.html[22m [2m(+51ms)[22m 
[2m10:03:42[22m   [34m鈹溾攢[39m [2m/ru/product/luxury-glasses/index.html[22m [2m(+45ms)[22m 
[2m10:03:42[22m   [34m鈹溾攢[39m [2m/ru/product/luxury-sunglasses/index.html[22m [2m(+82ms)[22m 
[2m10:03:42[22m   [34m鈹溾攢[39m [2m/ru/product/luxury-sunglasses/2/index.html[22m [2m(+66ms)[22m 
[2m10:03:42[22m   [34m鈹溾攢[39m [2m/ru/product/high-couture-series/index.html[22m [2m(+47ms)[22m 
[2m10:03:42[22m   [34m鈹溾攢[39m [2m/ru/product/high-couture-sunglasses/index.html[22m [2m(+56ms)[22m 
[2m10:03:42[22m   [34m鈹溾攢[39m [2m/ru/product/classics-series/index.html[22m [2m(+60ms)[22m 
[2m10:03:43[22m   [34m鈹溾攢[39m [2m/ru/product/classics-series/2/index.html[22m [2m(+64ms)[22m 
[2m10:03:43[22m   [34m鈹溾攢[39m [2m/ru/product/classics-series/3/index.html[22m [2m(+75ms)[22m 
[2m10:03:43[22m   [34m鈹溾攢[39m [2m/ru/product/classics-series/4/index.html[22m [2m(+66ms)[22m 
[2m10:03:43[22m   [34m鈹溾攢[39m [2m/ru/product/classics-sunglasses/index.html[22m [2m(+70ms)[22m 
[2m10:03:43[22m   [34m鈹溾攢[39m [2m/ru/product/classics-sunglasses/2/index.html[22m [2m(+57ms)[22m 
[2m10:03:43[22m   [34m鈹溾攢[39m [2m/ru/product/classics-sunglasses/3/index.html[22m [2m(+62ms)[22m 
[2m10:03:43[22m   [34m鈹溾攢[39m [2m/ru/product/classics-glasses/index.html[22m [2m(+58ms)[22m 
[2m10:03:43[22m   [34m鈹溾攢[39m [2m/ru/product/classics-glasses/2/index.html[22m [2m(+50ms)[22m 
[2m10:03:43[22m   [34m鈹溾攢[39m [2m/ru/product/fashion-series/index.html[22m [2m(+49ms)[22m 
[2m10:03:43[22m   [34m鈹溾攢[39m [2m/ru/product/fashion-series/2/index.html[22m [2m(+54ms)[22m 
[2m10:03:43[22m   [34m鈹溾攢[39m [2m/ru/product/fashion-series/3/index.html[22m [2m(+88ms)[22m 
[2m10:03:43[22m   [34m鈹溾攢[39m [2m/ru/product/acetate-sunglasses/index.html[22m [2m(+70ms)[22m 
[2m10:03:43[22m   [34m鈹溾攢[39m [2m/ru/product/acetate-sunglasses/2/index.html[22m [2m(+85ms)[22m 
[2m10:03:43[22m   [34m鈹溾攢[39m [2m/ru/product/acetate-sunglasses/3/index.html[22m [2m(+55ms)[22m 
[2m10:03:43[22m   [34m鈹溾攢[39m [2m/ru/product/metal-sunglasses/index.html[22m [2m(+53ms)[22m 
[2m10:03:44[22m   [34m鈹溾攢[39m [2m/ru/product/sunglasses/index.html[22m [2m(+59ms)[22m 
[2m10:03:44[22m   [34m鈹溾攢[39m [2m/ru/product/sunglasses/2/index.html[22m [2m(+70ms)[22m 
[2m10:03:44[22m   [34m鈹溾攢[39m [2m/ru/product/sunglasses/3/index.html[22m [2m(+64ms)[22m 
[2m10:03:44[22m   [34m鈹溾攢[39m [2m/ru/product/sunglasses/4/index.html[22m [2m(+63ms)[22m 
[2m10:03:44[22m   [34m鈹溾攢[39m [2m/ru/product/sunglasses/5/index.html[22m [2m(+59ms)[22m 
[2m10:03:44[22m   [34m鈹溾攢[39m [2m/ru/product/sunglasses/6/index.html[22m [2m(+89ms)[22m 
[2m10:03:44[22m   [34m鈹溾攢[39m [2m/ru/product/sunglasses/7/index.html[22m [2m(+69ms)[22m 
[2m10:03:44[22m   [34m鈹溾攢[39m [2m/ru/product/sunglasses/8/index.html[22m [2m(+62ms)[22m 
[2m10:03:44[22m   [34m鈹溾攢[39m [2m/ru/product/metal/index.html[22m [2m(+55ms)[22m 
[2m10:03:44[22m   [34m鈹溾攢[39m [2m/ru/product/acetate/index.html[22m [2m(+68ms)[22m 
[2m10:03:44[22m   [34m鈹溾攢[39m [2m/ru/product/acetate/2/index.html[22m [2m(+75ms)[22m 
[2m10:03:44[22m   [34m鈹溾攢[39m [2m/ru/product/acetate/3/index.html[22m [2m(+68ms)[22m 
[2m10:03:44[22m   [34m鈹溾攢[39m [2m/ru/product/luxury/index.html[22m [2m(+51ms)[22m 
[2m10:03:44[22m   [34m鈹溾攢[39m [2m/ru/product/luxury/2/index.html[22m [2m(+54ms)[22m 
[2m10:03:44[22m   [34m鈹溾攢[39m [2m/ru/product/luxury/3/index.html[22m [2m(+48ms)[22m 
[2m10:03:44[22m   [34m鈹溾攢[39m [2m/ru/product/fashion/index.html[22m [2m(+47ms)[22m 
[2m10:03:45[22m   [34m鈹溾攢[39m [2m/ru/product/fashion/2/index.html[22m [2m(+43ms)[22m 
[2m10:03:45[22m   [34m鈹溾攢[39m [2m/ru/product/fashion/3/index.html[22m [2m(+39ms)[22m 
[2m10:03:45[22m   [34m鈹溾攢[39m [2m/ja/product/luxury-customized/index.html[22m [2m(+45ms)[22m 
[2m10:03:45[22m   [34m鈹溾攢[39m [2m/ja/product/luxury-customized/2/index.html[22m [2m(+43ms)[22m 
[2m10:03:45[22m   [34m鈹溾攢[39m [2m/ja/product/luxury-customized/3/index.html[22m [2m(+43ms)[22m 
[2m10:03:45[22m   [34m鈹溾攢[39m [2m/ja/product/luxury-glasses/index.html[22m [2m(+51ms)[22m 
[2m10:03:45[22m   [34m鈹溾攢[39m [2m/ja/product/luxury-sunglasses/index.html[22m [2m(+56ms)[22m 
[2m10:03:45[22m   [34m鈹溾攢[39m [2m/ja/product/luxury-sunglasses/2/index.html[22m [2m(+54ms)[22m 
[2m10:03:45[22m   [34m鈹溾攢[39m [2m/ja/product/high-couture-series/index.html[22m [2m(+65ms)[22m 
[2m10:03:45[22m   [34m鈹溾攢[39m [2m/ja/product/high-couture-sunglasses/index.html[22m [2m(+83ms)[22m 
[2m10:03:45[22m   [34m鈹溾攢[39m [2m/ja/product/classics-series/index.html[22m [2m(+82ms)[22m 
[2m10:03:45[22m   [34m鈹溾攢[39m [2m/ja/product/classics-series/2/index.html[22m [2m(+58ms)[22m 
[2m10:03:45[22m   [34m鈹溾攢[39m [2m/ja/product/classics-series/3/index.html[22m [2m(+45ms)[22m 
[2m10:03:45[22m   [34m鈹溾攢[39m [2m/ja/product/classics-series/4/index.html[22m [2m(+42ms)[22m 
[2m10:03:45[22m   [34m鈹溾攢[39m [2m/ja/product/classics-sunglasses/index.html[22m [2m(+47ms)[22m 
[2m10:03:45[22m   [34m鈹溾攢[39m [2m/ja/product/classics-sunglasses/2/index.html[22m [2m(+46ms)[22m 
[2m10:03:45[22m   [34m鈹溾攢[39m [2m/ja/product/classics-sunglasses/3/index.html[22m [2m(+53ms)[22m 
[2m10:03:45[22m   [34m鈹溾攢[39m [2m/ja/product/classics-glasses/index.html[22m [2m(+51ms)[22m 
[2m10:03:45[22m   [34m鈹溾攢[39m [2m/ja/product/classics-glasses/2/index.html[22m [2m(+42ms)[22m 
[2m10:03:46[22m   [34m鈹溾攢[39m [2m/ja/product/fashion-series/index.html[22m [2m(+47ms)[22m 
[2m10:03:46[22m   [34m鈹溾攢[39m [2m/ja/product/fashion-series/2/index.html[22m [2m(+43ms)[22m 
[2m10:03:46[22m   [34m鈹溾攢[39m [2m/ja/product/fashion-series/3/index.html[22m [2m(+41ms)[22m 
[2m10:03:46[22m   [34m鈹溾攢[39m [2m/ja/product/acetate-sunglasses/index.html[22m [2m(+43ms)[22m 
[2m10:03:46[22m   [34m鈹溾攢[39m [2m/ja/product/acetate-sunglasses/2/index.html[22m [2m(+38ms)[22m 
[2m10:03:46[22m   [34m鈹溾攢[39m [2m/ja/product/acetate-sunglasses/3/index.html[22m [2m(+52ms)[22m 
[2m10:03:46[22m   [34m鈹溾攢[39m [2m/ja/product/metal-sunglasses/index.html[22m [2m(+44ms)[22m 
[2m10:03:46[22m   [34m鈹溾攢[39m [2m/ja/product/sunglasses/index.html[22m [2m(+61ms)[22m 
[2m10:03:46[22m   [34m鈹溾攢[39m [2m/ja/product/sunglasses/2/index.html[22m [2m(+60ms)[22m 
[2m10:03:46[22m   [34m鈹溾攢[39m [2m/ja/product/sunglasses/3/index.html[22m [2m(+77ms)[22m 
[2m10:03:46[22m   [34m鈹溾攢[39m [2m/ja/product/sunglasses/4/index.html[22m [2m(+78ms)[22m 
[2m10:03:46[22m   [34m鈹溾攢[39m [2m/ja/product/sunglasses/5/index.html[22m [2m(+67ms)[22m 
[2m10:03:46[22m   [34m鈹溾攢[39m [2m/ja/product/sunglasses/6/index.html[22m [2m(+63ms)[22m 
[2m10:03:46[22m   [34m鈹溾攢[39m [2m/ja/product/sunglasses/7/index.html[22m [2m(+56ms)[22m 
[2m10:03:46[22m   [34m鈹溾攢[39m [2m/ja/product/sunglasses/8/index.html[22m [2m(+50ms)[22m 
[2m10:03:46[22m   [34m鈹溾攢[39m [2m/ja/product/metal/index.html[22m [2m(+78ms)[22m 
[2m10:03:46[22m   [34m鈹溾攢[39m [2m/ja/product/acetate/index.html[22m [2m(+79ms)[22m 
[2m10:03:46[22m   [34m鈹溾攢[39m [2m/ja/product/acetate/2/index.html[22m [2m(+63ms)[22m 
[2m10:03:47[22m   [34m鈹溾攢[39m [2m/ja/product/acetate/3/index.html[22m [2m(+54ms)[22m 
[2m10:03:47[22m   [34m鈹溾攢[39m [2m/ja/product/luxury/index.html[22m [2m(+47ms)[22m 
[2m10:03:47[22m   [34m鈹溾攢[39m [2m/ja/product/luxury/2/index.html[22m [2m(+56ms)[22m 
[2m10:03:47[22m   [34m鈹溾攢[39m [2m/ja/product/luxury/3/index.html[22m [2m(+60ms)[22m 
[2m10:03:47[22m   [34m鈹溾攢[39m [2m/ja/product/fashion/index.html[22m [2m(+70ms)[22m 
[2m10:03:47[22m   [34m鈹溾攢[39m [2m/ja/product/fashion/2/index.html[22m [2m(+84ms)[22m 
[2m10:03:47[22m   [34m鈹溾攢[39m [2m/ja/product/fashion/3/index.html[22m [2m(+96ms)[22m 
[2m10:03:47[22m   [34m鈹溾攢[39m [2m/tr/product/luxury-customized/index.html[22m [2m(+111ms)[22m 
[2m10:03:47[22m   [34m鈹溾攢[39m [2m/tr/product/luxury-customized/2/index.html[22m [2m(+104ms)[22m 
[2m10:03:47[22m   [34m鈹溾攢[39m [2m/tr/product/luxury-customized/3/index.html[22m [2m(+68ms)[22m 
[2m10:03:47[22m   [34m鈹溾攢[39m [2m/tr/product/luxury-glasses/index.html[22m [2m(+52ms)[22m 
[2m10:03:47[22m   [34m鈹溾攢[39m [2m/tr/product/luxury-sunglasses/index.html[22m [2m(+86ms)[22m 
[2m10:03:47[22m   [34m鈹溾攢[39m [2m/tr/product/luxury-sunglasses/2/index.html[22m [2m(+76ms)[22m 
[2m10:03:48[22m   [34m鈹溾攢[39m [2m/tr/product/high-couture-series/index.html[22m [2m(+75ms)[22m 
[2m10:03:48[22m   [34m鈹溾攢[39m [2m/tr/product/high-couture-sunglasses/index.html[22m [2m(+101ms)[22m 
[2m10:03:48[22m   [34m鈹溾攢[39m [2m/tr/product/classics-series/index.html[22m [2m(+70ms)[22m 
[2m10:03:48[22m   [34m鈹溾攢[39m [2m/tr/product/classics-series/2/index.html[22m [2m(+97ms)[22m 
[2m10:03:48[22m   [34m鈹溾攢[39m [2m/tr/product/classics-series/3/index.html[22m [2m(+82ms)[22m 
[2m10:03:48[22m   [34m鈹溾攢[39m [2m/tr/product/classics-series/4/index.html[22m [2m(+62ms)[22m 
[2m10:03:48[22m   [34m鈹溾攢[39m [2m/tr/product/classics-sunglasses/index.html[22m [2m(+45ms)[22m 
[2m10:03:48[22m   [34m鈹溾攢[39m [2m/tr/product/classics-sunglasses/2/index.html[22m [2m(+40ms)[22m 
[2m10:03:48[22m   [34m鈹溾攢[39m [2m/tr/product/classics-sunglasses/3/index.html[22m [2m(+45ms)[22m 
[2m10:03:48[22m   [34m鈹溾攢[39m [2m/tr/product/classics-glasses/index.html[22m [2m(+45ms)[22m 
[2m10:03:48[22m   [34m鈹溾攢[39m [2m/tr/product/classics-glasses/2/index.html[22m [2m(+51ms)[22m 
[2m10:03:48[22m   [34m鈹溾攢[39m [2m/tr/product/fashion-series/index.html[22m [2m(+50ms)[22m 
[2m10:03:48[22m   [34m鈹溾攢[39m [2m/tr/product/fashion-series/2/index.html[22m [2m(+44ms)[22m 
[2m10:03:48[22m   [34m鈹溾攢[39m [2m/tr/product/fashion-series/3/index.html[22m [2m(+51ms)[22m 
[2m10:03:48[22m   [34m鈹溾攢[39m [2m/tr/product/acetate-sunglasses/index.html[22m [2m(+46ms)[22m 
[2m10:03:48[22m   [34m鈹溾攢[39m [2m/tr/product/acetate-sunglasses/2/index.html[22m [2m(+44ms)[22m 
[2m10:03:48[22m   [34m鈹溾攢[39m [2m/tr/product/acetate-sunglasses/3/index.html[22m [2m(+48ms)[22m 
[2m10:03:49[22m   [34m鈹溾攢[39m [2m/tr/product/metal-sunglasses/index.html[22m [2m(+55ms)[22m 
[2m10:03:49[22m   [34m鈹溾攢[39m [2m/tr/product/sunglasses/index.html[22m [2m(+54ms)[22m 
[2m10:03:49[22m   [34m鈹溾攢[39m [2m/tr/product/sunglasses/2/index.html[22m [2m(+51ms)[22m 
[2m10:03:49[22m   [34m鈹溾攢[39m [2m/tr/product/sunglasses/3/index.html[22m [2m(+46ms)[22m 
[2m10:03:49[22m   [34m鈹溾攢[39m [2m/tr/product/sunglasses/4/index.html[22m [2m(+52ms)[22m 
[2m10:03:49[22m   [34m鈹溾攢[39m [2m/tr/product/sunglasses/5/index.html[22m [2m(+53ms)[22m 
[2m10:03:49[22m   [34m鈹溾攢[39m [2m/tr/product/sunglasses/6/index.html[22m [2m(+51ms)[22m 
[2m10:03:49[22m   [34m鈹溾攢[39m [2m/tr/product/sunglasses/7/index.html[22m [2m(+58ms)[22m 
[2m10:03:49[22m   [34m鈹溾攢[39m [2m/tr/product/sunglasses/8/index.html[22m [2m(+65ms)[22m 
[2m10:03:49[22m   [34m鈹溾攢[39m [2m/tr/product/metal/index.html[22m [2m(+48ms)[22m 
[2m10:03:49[22m   [34m鈹溾攢[39m [2m/tr/product/acetate/index.html[22m [2m(+72ms)[22m 
[2m10:03:49[22m   [34m鈹溾攢[39m [2m/tr/product/acetate/2/index.html[22m [2m(+103ms)[22m 
[2m10:03:49[22m   [34m鈹溾攢[39m [2m/tr/product/acetate/3/index.html[22m [2m(+72ms)[22m 
[2m10:03:49[22m   [34m鈹溾攢[39m [2m/tr/product/luxury/index.html[22m [2m(+66ms)[22m 
[2m10:03:49[22m   [34m鈹溾攢[39m [2m/tr/product/luxury/2/index.html[22m [2m(+74ms)[22m 
[2m10:03:49[22m   [34m鈹溾攢[39m [2m/tr/product/luxury/3/index.html[22m [2m(+64ms)[22m 
[2m10:03:49[22m   [34m鈹溾攢[39m [2m/tr/product/fashion/index.html[22m [2m(+52ms)[22m 
[2m10:03:50[22m   [34m鈹溾攢[39m [2m/tr/product/fashion/2/index.html[22m [2m(+47ms)[22m 
[2m10:03:50[22m   [34m鈹溾攢[39m [2m/tr/product/fashion/3/index.html[22m [2m(+44ms)[22m 
[2m10:03:50[22m   [34m鈹溾攢[39m [2m/ko/product/luxury-customized/index.html[22m [2m(+44ms)[22m 
[2m10:03:50[22m   [34m鈹溾攢[39m [2m/ko/product/luxury-customized/2/index.html[22m [2m(+44ms)[22m 
[2m10:03:50[22m   [34m鈹溾攢[39m [2m/ko/product/luxury-customized/3/index.html[22m [2m(+48ms)[22m 
[2m10:03:50[22m   [34m鈹溾攢[39m [2m/ko/product/luxury-glasses/index.html[22m [2m(+49ms)[22m 
[2m10:03:50[22m   [34m鈹溾攢[39m [2m/ko/product/luxury-sunglasses/index.html[22m [2m(+48ms)[22m 
[2m10:03:50[22m   [34m鈹溾攢[39m [2m/ko/product/luxury-sunglasses/2/index.html[22m [2m(+67ms)[22m 
[2m10:03:50[22m   [34m鈹溾攢[39m [2m/ko/product/high-couture-series/index.html[22m [2m(+72ms)[22m 
[2m10:03:50[22m   [34m鈹溾攢[39m [2m/ko/product/high-couture-sunglasses/index.html[22m [2m(+49ms)[22m 
[2m10:03:50[22m   [34m鈹溾攢[39m [2m/ko/product/classics-series/index.html[22m [2m(+47ms)[22m 
[2m10:03:50[22m   [34m鈹溾攢[39m [2m/ko/product/classics-series/2/index.html[22m [2m(+58ms)[22m 
[2m10:03:50[22m   [34m鈹溾攢[39m [2m/ko/product/classics-series/3/index.html[22m [2m(+53ms)[22m 
[2m10:03:50[22m   [34m鈹溾攢[39m [2m/ko/product/classics-series/4/index.html[22m [2m(+66ms)[22m 
[2m10:03:50[22m   [34m鈹溾攢[39m [2m/ko/product/classics-sunglasses/index.html[22m [2m(+84ms)[22m 
[2m10:03:50[22m   [34m鈹溾攢[39m [2m/ko/product/classics-sunglasses/2/index.html[22m [2m(+52ms)[22m 
[2m10:03:50[22m   [34m鈹溾攢[39m [2m/ko/product/classics-sunglasses/3/index.html[22m [2m(+50ms)[22m 
[2m10:03:50[22m   [34m鈹溾攢[39m [2m/ko/product/classics-glasses/index.html[22m [2m(+44ms)[22m 
[2m10:03:51[22m   [34m鈹溾攢[39m [2m/ko/product/classics-glasses/2/index.html[22m [2m(+59ms)[22m 
[2m10:03:51[22m   [34m鈹溾攢[39m [2m/ko/product/fashion-series/index.html[22m [2m(+65ms)[22m 
[2m10:03:51[22m   [34m鈹溾攢[39m [2m/ko/product/fashion-series/2/index.html[22m [2m(+102ms)[22m 
[2m10:03:51[22m   [34m鈹溾攢[39m [2m/ko/product/fashion-series/3/index.html[22m [2m(+95ms)[22m 
[2m10:03:51[22m   [34m鈹溾攢[39m [2m/ko/product/acetate-sunglasses/index.html[22m [2m(+74ms)[22m 
[2m10:03:51[22m   [34m鈹溾攢[39m [2m/ko/product/acetate-sunglasses/2/index.html[22m [2m(+85ms)[22m 
[2m10:03:51[22m   [34m鈹溾攢[39m [2m/ko/product/acetate-sunglasses/3/index.html[22m [2m(+72ms)[22m 
[2m10:03:51[22m   [34m鈹溾攢[39m [2m/ko/product/metal-sunglasses/index.html[22m [2m(+68ms)[22m 
[2m10:03:51[22m   [34m鈹溾攢[39m [2m/ko/product/sunglasses/index.html[22m [2m(+58ms)[22m 
[2m10:03:51[22m   [34m鈹溾攢[39m [2m/ko/product/sunglasses/2/index.html[22m [2m(+63ms)[22m 
[2m10:03:51[22m   [34m鈹溾攢[39m [2m/ko/product/sunglasses/3/index.html[22m [2m(+88ms)[22m 
[2m10:03:51[22m   [34m鈹溾攢[39m [2m/ko/product/sunglasses/4/index.html[22m [2m(+76ms)[22m 
[2m10:03:51[22m   [34m鈹溾攢[39m [2m/ko/product/sunglasses/5/index.html[22m [2m(+56ms)[22m 
[2m10:03:51[22m   [34m鈹溾攢[39m [2m/ko/product/sunglasses/6/index.html[22m [2m(+42ms)[22m 
[2m10:03:52[22m   [34m鈹溾攢[39m [2m/ko/product/sunglasses/7/index.html[22m [2m(+43ms)[22m 
[2m10:03:52[22m   [34m鈹溾攢[39m [2m/ko/product/sunglasses/8/index.html[22m [2m(+58ms)[22m 
[2m10:03:52[22m   [34m鈹溾攢[39m [2m/ko/product/metal/index.html[22m [2m(+45ms)[22m 
[2m10:03:52[22m   [34m鈹溾攢[39m [2m/ko/product/acetate/index.html[22m [2m(+46ms)[22m 
[2m10:03:52[22m   [34m鈹溾攢[39m [2m/ko/product/acetate/2/index.html[22m [2m(+55ms)[22m 
[2m10:03:52[22m   [34m鈹溾攢[39m [2m/ko/product/acetate/3/index.html[22m [2m(+67ms)[22m 
[2m10:03:52[22m   [34m鈹溾攢[39m [2m/ko/product/luxury/index.html[22m [2m(+68ms)[22m 
[2m10:03:52[22m   [34m鈹溾攢[39m [2m/ko/product/luxury/2/index.html[22m [2m(+59ms)[22m 
[2m10:03:52[22m   [34m鈹溾攢[39m [2m/ko/product/luxury/3/index.html[22m [2m(+51ms)[22m 
[2m10:03:52[22m   [34m鈹溾攢[39m [2m/ko/product/fashion/index.html[22m [2m(+47ms)[22m 
[2m10:03:52[22m   [34m鈹溾攢[39m [2m/ko/product/fashion/2/index.html[22m [2m(+48ms)[22m 
[2m10:03:52[22m   [34m鈹溾攢[39m [2m/ko/product/fashion/3/index.html[22m [2m(+64ms)[22m 
[2m10:03:52[22m   [34m鈹溾攢[39m [2m/zh/product/luxury-customized/index.html[22m [2m(+63ms)[22m 
[2m10:03:52[22m   [34m鈹溾攢[39m [2m/zh/product/luxury-customized/2/index.html[22m [2m(+68ms)[22m 
[2m10:03:52[22m   [34m鈹溾攢[39m [2m/zh/product/luxury-customized/3/index.html[22m [2m(+61ms)[22m 
[2m10:03:52[22m   [34m鈹溾攢[39m [2m/zh/product/luxury-glasses/index.html[22m [2m(+51ms)[22m 
[2m10:03:52[22m   [34m鈹溾攢[39m [2m/zh/product/luxury-sunglasses/index.html[22m [2m(+56ms)[22m 
[2m10:03:52[22m   [34m鈹溾攢[39m [2m/zh/product/luxury-sunglasses/2/index.html[22m [2m(+55ms)[22m 
[2m10:03:53[22m   [34m鈹溾攢[39m [2m/zh/product/high-couture-series/index.html[22m [2m(+45ms)[22m 
[2m10:03:53[22m   [34m鈹溾攢[39m [2m/zh/product/high-couture-sunglasses/index.html[22m [2m(+49ms)[22m 
[2m10:03:53[22m   [34m鈹溾攢[39m [2m/zh/product/classics-series/index.html[22m [2m(+45ms)[22m 
[2m10:03:53[22m   [34m鈹溾攢[39m [2m/zh/product/classics-series/2/index.html[22m [2m(+44ms)[22m 
[2m10:03:53[22m   [34m鈹溾攢[39m [2m/zh/product/classics-series/3/index.html[22m [2m(+52ms)[22m 
[2m10:03:53[22m   [34m鈹溾攢[39m [2m/zh/product/classics-series/4/index.html[22m [2m(+101ms)[22m 
[2m10:03:53[22m   [34m鈹溾攢[39m [2m/zh/product/classics-sunglasses/index.html[22m [2m(+70ms)[22m 
[2m10:03:53[22m   [34m鈹溾攢[39m [2m/zh/product/classics-sunglasses/2/index.html[22m [2m(+64ms)[22m 
[2m10:03:53[22m   [34m鈹溾攢[39m [2m/zh/product/classics-sunglasses/3/index.html[22m [2m(+59ms)[22m 
[2m10:03:53[22m   [34m鈹溾攢[39m [2m/zh/product/classics-glasses/index.html[22m [2m(+72ms)[22m 
[2m10:03:53[22m   [34m鈹溾攢[39m [2m/zh/product/classics-glasses/2/index.html[22m [2m(+54ms)[22m 
[2m10:03:53[22m   [34m鈹溾攢[39m [2m/zh/product/fashion-series/index.html[22m [2m(+52ms)[22m 
[2m10:03:53[22m   [34m鈹溾攢[39m [2m/zh/product/fashion-series/2/index.html[22m [2m(+63ms)[22m 
[2m10:03:53[22m   [34m鈹溾攢[39m [2m/zh/product/fashion-series/3/index.html[22m [2m(+71ms)[22m 
[2m10:03:53[22m   [34m鈹溾攢[39m [2m/zh/product/acetate-sunglasses/index.html[22m [2m(+91ms)[22m 
[2m10:03:53[22m   [34m鈹溾攢[39m [2m/zh/product/acetate-sunglasses/2/index.html[22m [2m(+99ms)[22m 
[2m10:03:54[22m   [34m鈹溾攢[39m [2m/zh/product/acetate-sunglasses/3/index.html[22m [2m(+92ms)[22m 
[2m10:03:54[22m   [34m鈹溾攢[39m [2m/zh/product/metal-sunglasses/index.html[22m [2m(+105ms)[22m 
[2m10:03:54[22m   [34m鈹溾攢[39m [2m/zh/product/sunglasses/index.html[22m [2m(+110ms)[22m 
[2m10:03:54[22m   [34m鈹溾攢[39m [2m/zh/product/sunglasses/2/index.html[22m [2m(+75ms)[22m 
[2m10:03:54[22m   [34m鈹溾攢[39m [2m/zh/product/sunglasses/3/index.html[22m [2m(+72ms)[22m 
[2m10:03:54[22m   [34m鈹溾攢[39m [2m/zh/product/sunglasses/4/index.html[22m [2m(+69ms)[22m 
[2m10:03:54[22m   [34m鈹溾攢[39m [2m/zh/product/sunglasses/5/index.html[22m [2m(+70ms)[22m 
[2m10:03:54[22m   [34m鈹溾攢[39m [2m/zh/product/sunglasses/6/index.html[22m [2m(+98ms)[22m 
[2m10:03:54[22m   [34m鈹溾攢[39m [2m/zh/product/sunglasses/7/index.html[22m [2m(+101ms)[22m 
[2m10:03:54[22m   [34m鈹溾攢[39m [2m/zh/product/sunglasses/8/index.html[22m [2m(+100ms)[22m 
[2m10:03:54[22m   [34m鈹溾攢[39m [2m/zh/product/metal/index.html[22m [2m(+75ms)[22m 
[2m10:03:55[22m   [34m鈹溾攢[39m [2m/zh/product/acetate/index.html[22m [2m(+55ms)[22m 
[2m10:03:55[22m   [34m鈹溾攢[39m [2m/zh/product/acetate/2/index.html[22m [2m(+56ms)[22m 
[2m10:03:55[22m   [34m鈹溾攢[39m [2m/zh/product/acetate/3/index.html[22m [2m(+54ms)[22m 
[2m10:03:55[22m   [34m鈹溾攢[39m [2m/zh/product/luxury/index.html[22m [2m(+46ms)[22m 
[2m10:03:55[22m   [34m鈹溾攢[39m [2m/zh/product/luxury/2/index.html[22m [2m(+59ms)[22m 
[2m10:03:55[22m   [34m鈹溾攢[39m [2m/zh/product/luxury/3/index.html[22m [2m(+46ms)[22m 
[2m10:03:55[22m   [34m鈹溾攢[39m [2m/zh/product/fashion/index.html[22m [2m(+64ms)[22m 
[2m10:03:55[22m   [34m鈹溾攢[39m [2m/zh/product/fashion/2/index.html[22m [2m(+102ms)[22m 
[2m10:03:55[22m   [34m鈹溾攢[39m [2m/zh/product/fashion/3/index.html[22m [2m(+99ms)[22m 
[2m10:03:55[22m   [34m鈹溾攢[39m [2m/hi/product/luxury-customized/index.html[22m [2m(+91ms)[22m 
[2m10:03:55[22m   [34m鈹溾攢[39m [2m/hi/product/luxury-customized/2/index.html[22m [2m(+81ms)[22m 
[2m10:03:55[22m   [34m鈹溾攢[39m [2m/hi/product/luxury-customized/3/index.html[22m [2m(+46ms)[22m 
[2m10:03:55[22m   [34m鈹溾攢[39m [2m/hi/product/luxury-glasses/index.html[22m [2m(+51ms)[22m 
[2m10:03:55[22m   [34m鈹溾攢[39m [2m/hi/product/luxury-sunglasses/index.html[22m [2m(+53ms)[22m 
[2m10:03:55[22m   [34m鈹溾攢[39m [2m/hi/product/luxury-sunglasses/2/index.html[22m [2m(+53ms)[22m 
[2m10:03:55[22m   [34m鈹溾攢[39m [2m/hi/product/high-couture-series/index.html[22m [2m(+58ms)[22m 
[2m10:03:56[22m   [34m鈹溾攢[39m [2m/hi/product/high-couture-sunglasses/index.html[22m [2m(+49ms)[22m 
[2m10:03:56[22m   [34m鈹溾攢[39m [2m/hi/product/classics-series/index.html[22m [2m(+46ms)[22m 
[2m10:03:56[22m   [34m鈹溾攢[39m [2m/hi/product/classics-series/2/index.html[22m [2m(+46ms)[22m 
[2m10:03:56[22m   [34m鈹溾攢[39m [2m/hi/product/classics-series/3/index.html[22m [2m(+46ms)[22m 
[2m10:03:56[22m   [34m鈹溾攢[39m [2m/hi/product/classics-series/4/index.html[22m [2m(+64ms)[22m 
[2m10:03:56[22m   [34m鈹溾攢[39m [2m/hi/product/classics-sunglasses/index.html[22m [2m(+101ms)[22m 
[2m10:03:56[22m   [34m鈹溾攢[39m [2m/hi/product/classics-sunglasses/2/index.html[22m [2m(+61ms)[22m 
[2m10:03:56[22m   [34m鈹溾攢[39m [2m/hi/product/classics-sunglasses/3/index.html[22m [2m(+71ms)[22m 
[2m10:03:56[22m   [34m鈹溾攢[39m [2m/hi/product/classics-glasses/index.html[22m [2m(+73ms)[22m 
[2m10:03:56[22m   [34m鈹溾攢[39m [2m/hi/product/classics-glasses/2/index.html[22m [2m(+76ms)[22m 
[2m10:03:56[22m   [34m鈹溾攢[39m [2m/hi/product/fashion-series/index.html[22m [2m(+63ms)[22m 
[2m10:03:56[22m   [34m鈹溾攢[39m [2m/hi/product/fashion-series/2/index.html[22m [2m(+60ms)[22m 
[2m10:03:56[22m   [34m鈹溾攢[39m [2m/hi/product/fashion-series/3/index.html[22m [2m(+75ms)[22m 
[2m10:03:56[22m   [34m鈹溾攢[39m [2m/hi/product/acetate-sunglasses/index.html[22m [2m(+63ms)[22m 
[2m10:03:56[22m   [34m鈹溾攢[39m [2m/hi/product/acetate-sunglasses/2/index.html[22m [2m(+59ms)[22m 
[2m10:03:56[22m   [34m鈹溾攢[39m [2m/hi/product/acetate-sunglasses/3/index.html[22m [2m(+46ms)[22m 
[2m10:03:57[22m   [34m鈹溾攢[39m [2m/hi/product/metal-sunglasses/index.html[22m [2m(+51ms)[22m 
[2m10:03:57[22m   [34m鈹溾攢[39m [2m/hi/product/sunglasses/index.html[22m [2m(+46ms)[22m 
[2m10:03:57[22m   [34m鈹溾攢[39m [2m/hi/product/sunglasses/2/index.html[22m [2m(+51ms)[22m 
[2m10:03:57[22m   [34m鈹溾攢[39m [2m/hi/product/sunglasses/3/index.html[22m [2m(+54ms)[22m 
[2m10:03:57[22m   [34m鈹溾攢[39m [2m/hi/product/sunglasses/4/index.html[22m [2m(+56ms)[22m 
[2m10:03:57[22m   [34m鈹溾攢[39m [2m/hi/product/sunglasses/5/index.html[22m [2m(+57ms)[22m 
[2m10:03:57[22m   [34m鈹溾攢[39m [2m/hi/product/sunglasses/6/index.html[22m [2m(+64ms)[22m 
[2m10:03:57[22m   [34m鈹溾攢[39m [2m/hi/product/sunglasses/7/index.html[22m [2m(+72ms)[22m 
[2m10:03:57[22m   [34m鈹溾攢[39m [2m/hi/product/sunglasses/8/index.html[22m [2m(+54ms)[22m 
[2m10:03:57[22m   [34m鈹溾攢[39m [2m/hi/product/metal/index.html[22m [2m(+56ms)[22m 
[2m10:03:57[22m   [34m鈹溾攢[39m [2m/hi/product/acetate/index.html[22m [2m(+44ms)[22m 
[2m10:03:57[22m   [34m鈹溾攢[39m [2m/hi/product/acetate/2/index.html[22m [2m(+54ms)[22m 
[2m10:03:57[22m   [34m鈹溾攢[39m [2m/hi/product/acetate/3/index.html[22m [2m(+62ms)[22m 
[2m10:03:57[22m   [34m鈹溾攢[39m [2m/hi/product/luxury/index.html[22m [2m(+70ms)[22m 
[2m10:03:57[22m   [34m鈹溾攢[39m [2m/hi/product/luxury/2/index.html[22m [2m(+68ms)[22m 
[2m10:03:57[22m   [34m鈹溾攢[39m [2m/hi/product/luxury/3/index.html[22m [2m(+124ms)[22m 
[2m10:03:58[22m   [34m鈹溾攢[39m [2m/hi/product/fashion/index.html[22m [2m(+80ms)[22m 
[2m10:03:58[22m   [34m鈹溾攢[39m [2m/hi/product/fashion/2/index.html[22m [2m(+61ms)[22m 
[2m10:03:58[22m   [34m鈹溾攢[39m [2m/hi/product/fashion/3/index.html[22m [2m(+55ms)[22m 
[2m10:03:58[22m   [34m鈹溾攢[39m [2m/vi/product/luxury-customized/index.html[22m [2m(+49ms)[22m 
[2m10:03:58[22m   [34m鈹溾攢[39m [2m/vi/product/luxury-customized/2/index.html[22m [2m(+70ms)[22m 
[2m10:03:58[22m   [34m鈹溾攢[39m [2m/vi/product/luxury-customized/3/index.html[22m [2m(+100ms)[22m 
[2m10:03:58[22m   [34m鈹溾攢[39m [2m/vi/product/luxury-glasses/index.html[22m [2m(+102ms)[22m 
[2m10:03:58[22m   [34m鈹溾攢[39m [2m/vi/product/luxury-sunglasses/index.html[22m [2m(+57ms)[22m 
[2m10:03:58[22m   [34m鈹溾攢[39m [2m/vi/product/luxury-sunglasses/2/index.html[22m [2m(+63ms)[22m 
[2m10:03:58[22m   [34m鈹溾攢[39m [2m/vi/product/high-couture-series/index.html[22m [2m(+44ms)[22m 
[2m10:03:58[22m   [34m鈹溾攢[39m [2m/vi/product/high-couture-sunglasses/index.html[22m [2m(+48ms)[22m 
[2m10:03:58[22m   [34m鈹溾攢[39m [2m/vi/product/classics-series/index.html[22m [2m(+49ms)[22m 
[2m10:03:58[22m   [34m鈹溾攢[39m [2m/vi/product/classics-series/2/index.html[22m [2m(+60ms)[22m 
[2m10:03:58[22m   [34m鈹溾攢[39m [2m/vi/product/classics-series/3/index.html[22m [2m(+47ms)[22m 
[2m10:03:58[22m   [34m鈹溾攢[39m [2m/vi/product/classics-series/4/index.html[22m [2m(+64ms)[22m 
[2m10:03:58[22m   [34m鈹溾攢[39m [2m/vi/product/classics-sunglasses/index.html[22m [2m(+98ms)[22m 
[2m10:03:59[22m   [34m鈹溾攢[39m [2m/vi/product/classics-sunglasses/2/index.html[22m [2m(+110ms)[22m 
[2m10:03:59[22m   [34m鈹溾攢[39m [2m/vi/product/classics-sunglasses/3/index.html[22m [2m(+70ms)[22m 
[2m10:03:59[22m   [34m鈹溾攢[39m [2m/vi/product/classics-glasses/index.html[22m [2m(+59ms)[22m 
[2m10:03:59[22m   [34m鈹溾攢[39m [2m/vi/product/classics-glasses/2/index.html[22m [2m(+60ms)[22m 
[2m10:03:59[22m   [34m鈹溾攢[39m [2m/vi/product/fashion-series/index.html[22m [2m(+68ms)[22m 
[2m10:03:59[22m   [34m鈹溾攢[39m [2m/vi/product/fashion-series/2/index.html[22m [2m(+60ms)[22m 
[2m10:03:59[22m   [34m鈹溾攢[39m [2m/vi/product/fashion-series/3/index.html[22m [2m(+54ms)[22m 
[2m10:03:59[22m   [34m鈹溾攢[39m [2m/vi/product/acetate-sunglasses/index.html[22m [2m(+44ms)[22m 
[2m10:03:59[22m   [34m鈹溾攢[39m [2m/vi/product/acetate-sunglasses/2/index.html[22m [2m(+46ms)[22m 
[2m10:03:59[22m   [34m鈹溾攢[39m [2m/vi/product/acetate-sunglasses/3/index.html[22m [2m(+42ms)[22m 
[2m10:03:59[22m   [34m鈹溾攢[39m [2m/vi/product/metal-sunglasses/index.html[22m [2m(+58ms)[22m 
[2m10:03:59[22m   [34m鈹溾攢[39m [2m/vi/product/sunglasses/index.html[22m [2m(+56ms)[22m 
[2m10:03:59[22m   [34m鈹溾攢[39m [2m/vi/product/sunglasses/2/index.html[22m [2m(+69ms)[22m 
[2m10:03:59[22m   [34m鈹溾攢[39m [2m/vi/product/sunglasses/3/index.html[22m [2m(+55ms)[22m 
[2m10:03:59[22m   [34m鈹溾攢[39m [2m/vi/product/sunglasses/4/index.html[22m [2m(+65ms)[22m 
[2m10:03:59[22m   [34m鈹溾攢[39m [2m/vi/product/sunglasses/5/index.html[22m [2m(+75ms)[22m 
[2m10:04:00[22m   [34m鈹溾攢[39m [2m/vi/product/sunglasses/6/index.html[22m [2m(+52ms)[22m 
[2m10:04:00[22m   [34m鈹溾攢[39m [2m/vi/product/sunglasses/7/index.html[22m [2m(+49ms)[22m 
[2m10:04:00[22m   [34m鈹溾攢[39m [2m/vi/product/sunglasses/8/index.html[22m [2m(+51ms)[22m 
[2m10:04:00[22m   [34m鈹溾攢[39m [2m/vi/product/metal/index.html[22m [2m(+92ms)[22m 
[2m10:04:00[22m   [34m鈹溾攢[39m [2m/vi/product/acetate/index.html[22m [2m(+94ms)[22m 
[2m10:04:00[22m   [34m鈹溾攢[39m [2m/vi/product/acetate/2/index.html[22m [2m(+72ms)[22m 
[2m10:04:00[22m   [34m鈹溾攢[39m [2m/vi/product/acetate/3/index.html[22m [2m(+63ms)[22m 
[2m10:04:00[22m   [34m鈹溾攢[39m [2m/vi/product/luxury/index.html[22m [2m(+77ms)[22m 
[2m10:04:00[22m   [34m鈹溾攢[39m [2m/vi/product/luxury/2/index.html[22m [2m(+78ms)[22m 
[2m10:04:00[22m   [34m鈹溾攢[39m [2m/vi/product/luxury/3/index.html[22m [2m(+64ms)[22m 
[2m10:04:00[22m   [34m鈹溾攢[39m [2m/vi/product/fashion/index.html[22m [2m(+56ms)[22m 
[2m10:04:00[22m   [34m鈹溾攢[39m [2m/vi/product/fashion/2/index.html[22m [2m(+52ms)[22m 
[2m10:04:00[22m   [34m鈹溾攢[39m [2m/vi/product/fashion/3/index.html[22m [2m(+49ms)[22m 
[2m10:04:00[22m   [34m鈹溾攢[39m [2m/jv/product/luxury-customized/index.html[22m [2m(+58ms)[22m 
[2m10:04:00[22m   [34m鈹溾攢[39m [2m/jv/product/luxury-customized/2/index.html[22m [2m(+72ms)[22m 
[2m10:04:01[22m   [34m鈹溾攢[39m [2m/jv/product/luxury-customized/3/index.html[22m [2m(+60ms)[22m 
[2m10:04:01[22m   [34m鈹溾攢[39m [2m/jv/product/luxury-glasses/index.html[22m [2m(+56ms)[22m 
[2m10:04:01[22m   [34m鈹溾攢[39m [2m/jv/product/luxury-sunglasses/index.html[22m [2m(+47ms)[22m 
[2m10:04:01[22m   [34m鈹溾攢[39m [2m/jv/product/luxury-sunglasses/2/index.html[22m [2m(+49ms)[22m 
[2m10:04:01[22m   [34m鈹溾攢[39m [2m/jv/product/high-couture-series/index.html[22m [2m(+60ms)[22m 
[2m10:04:01[22m   [34m鈹溾攢[39m [2m/jv/product/high-couture-sunglasses/index.html[22m [2m(+76ms)[22m 
[2m10:04:01[22m   [34m鈹溾攢[39m [2m/jv/product/classics-series/index.html[22m [2m(+66ms)[22m 
[2m10:04:01[22m   [34m鈹溾攢[39m [2m/jv/product/classics-series/2/index.html[22m [2m(+96ms)[22m 
[2m10:04:01[22m   [34m鈹溾攢[39m [2m/jv/product/classics-series/3/index.html[22m [2m(+83ms)[22m 
[2m10:04:01[22m   [34m鈹溾攢[39m [2m/jv/product/classics-series/4/index.html[22m [2m(+97ms)[22m 
[2m10:04:01[22m   [34m鈹溾攢[39m [2m/jv/product/classics-sunglasses/index.html[22m [2m(+97ms)[22m 
[2m10:04:01[22m   [34m鈹溾攢[39m [2m/jv/product/classics-sunglasses/2/index.html[22m [2m(+88ms)[22m 
[2m10:04:01[22m   [34m鈹溾攢[39m [2m/jv/product/classics-sunglasses/3/index.html[22m [2m(+107ms)[22m 
[2m10:04:02[22m   [34m鈹溾攢[39m [2m/jv/product/classics-glasses/index.html[22m [2m(+71ms)[22m 
[2m10:04:02[22m   [34m鈹溾攢[39m [2m/jv/product/classics-glasses/2/index.html[22m [2m(+72ms)[22m 
[2m10:04:02[22m   [34m鈹溾攢[39m [2m/jv/product/fashion-series/index.html[22m [2m(+89ms)[22m 
[2m10:04:02[22m   [34m鈹溾攢[39m [2m/jv/product/fashion-series/2/index.html[22m [2m(+63ms)[22m 
[2m10:04:02[22m   [34m鈹溾攢[39m [2m/jv/product/fashion-series/3/index.html[22m [2m(+47ms)[22m 
[2m10:04:02[22m   [34m鈹溾攢[39m [2m/jv/product/acetate-sunglasses/index.html[22m [2m(+62ms)[22m 
[2m10:04:02[22m   [34m鈹溾攢[39m [2m/jv/product/acetate-sunglasses/2/index.html[22m [2m(+56ms)[22m 
[2m10:04:02[22m   [34m鈹溾攢[39m [2m/jv/product/acetate-sunglasses/3/index.html[22m [2m(+78ms)[22m 
[2m10:04:02[22m   [34m鈹溾攢[39m [2m/jv/product/metal-sunglasses/index.html[22m [2m(+66ms)[22m 
[2m10:04:02[22m   [34m鈹溾攢[39m [2m/jv/product/sunglasses/index.html[22m [2m(+76ms)[22m 
[2m10:04:02[22m   [34m鈹溾攢[39m [2m/jv/product/sunglasses/2/index.html[22m [2m(+63ms)[22m 
[2m10:04:02[22m   [34m鈹溾攢[39m [2m/jv/product/sunglasses/3/index.html[22m [2m(+86ms)[22m 
[2m10:04:02[22m   [34m鈹溾攢[39m [2m/jv/product/sunglasses/4/index.html[22m [2m(+47ms)[22m 
[2m10:04:02[22m   [34m鈹溾攢[39m [2m/jv/product/sunglasses/5/index.html[22m [2m(+42ms)[22m 
[2m10:04:02[22m   [34m鈹溾攢[39m [2m/jv/product/sunglasses/6/index.html[22m [2m(+50ms)[22m 
[2m10:04:02[22m   [34m鈹溾攢[39m [2m/jv/product/sunglasses/7/index.html[22m [2m(+46ms)[22m 
[2m10:04:03[22m   [34m鈹溾攢[39m [2m/jv/product/sunglasses/8/index.html[22m [2m(+48ms)[22m 
[2m10:04:03[22m   [34m鈹溾攢[39m [2m/jv/product/metal/index.html[22m [2m(+54ms)[22m 
[2m10:04:03[22m   [34m鈹溾攢[39m [2m/jv/product/acetate/index.html[22m [2m(+45ms)[22m 
[2m10:04:03[22m   [34m鈹溾攢[39m [2m/jv/product/acetate/2/index.html[22m [2m(+40ms)[22m 
[2m10:04:03[22m   [34m鈹溾攢[39m [2m/jv/product/acetate/3/index.html[22m [2m(+46ms)[22m 
[2m10:04:03[22m   [34m鈹溾攢[39m [2m/jv/product/luxury/index.html[22m [2m(+49ms)[22m 
[2m10:04:03[22m   [34m鈹溾攢[39m [2m/jv/product/luxury/2/index.html[22m [2m(+70ms)[22m 
[2m10:04:03[22m   [34m鈹溾攢[39m [2m/jv/product/luxury/3/index.html[22m [2m(+61ms)[22m 
[2m10:04:03[22m   [34m鈹溾攢[39m [2m/jv/product/fashion/index.html[22m [2m(+62ms)[22m 
[2m10:04:03[22m   [34m鈹溾攢[39m [2m/jv/product/fashion/2/index.html[22m [2m(+55ms)[22m 
[2m10:04:03[22m   [34m鈹溾攢[39m [2m/jv/product/fashion/3/index.html[22m [2m(+53ms)[22m 
[2m10:04:03[22m   [34m鈹溾攢[39m [2m/ms/product/luxury-customized/index.html[22m [2m(+58ms)[22m 
[2m10:04:03[22m   [34m鈹溾攢[39m [2m/ms/product/luxury-customized/2/index.html[22m [2m(+67ms)[22m 
[2m10:04:03[22m   [34m鈹溾攢[39m [2m/ms/product/luxury-customized/3/index.html[22m [2m(+68ms)[22m 
[2m10:04:03[22m   [34m鈹溾攢[39m [2m/ms/product/luxury-glasses/index.html[22m [2m(+102ms)[22m 
[2m10:04:03[22m   [34m鈹溾攢[39m [2m/ms/product/luxury-sunglasses/index.html[22m [2m(+86ms)[22m 
[2m10:04:04[22m   [34m鈹溾攢[39m [2m/ms/product/luxury-sunglasses/2/index.html[22m [2m(+93ms)[22m 
[2m10:04:04[22m   [34m鈹溾攢[39m [2m/ms/product/high-couture-series/index.html[22m [2m(+66ms)[22m 
[2m10:04:04[22m   [34m鈹溾攢[39m [2m/ms/product/high-couture-sunglasses/index.html[22m [2m(+66ms)[22m 
[2m10:04:04[22m   [34m鈹溾攢[39m [2m/ms/product/classics-series/index.html[22m [2m(+71ms)[22m 
[2m10:04:04[22m   [34m鈹溾攢[39m [2m/ms/product/classics-series/2/index.html[22m [2m(+51ms)[22m 
[2m10:04:04[22m   [34m鈹溾攢[39m [2m/ms/product/classics-series/3/index.html[22m [2m(+51ms)[22m 
[2m10:04:04[22m   [34m鈹溾攢[39m [2m/ms/product/classics-series/4/index.html[22m [2m(+54ms)[22m 
[2m10:04:04[22m   [34m鈹溾攢[39m [2m/ms/product/classics-sunglasses/index.html[22m [2m(+41ms)[22m 
[2m10:04:04[22m   [34m鈹溾攢[39m [2m/ms/product/classics-sunglasses/2/index.html[22m [2m(+41ms)[22m 
[2m10:04:04[22m   [34m鈹溾攢[39m [2m/ms/product/classics-sunglasses/3/index.html[22m [2m(+40ms)[22m 
[2m10:04:04[22m   [34m鈹溾攢[39m [2m/ms/product/classics-glasses/index.html[22m [2m(+46ms)[22m 
[2m10:04:04[22m   [34m鈹溾攢[39m [2m/ms/product/classics-glasses/2/index.html[22m [2m(+47ms)[22m 
[2m10:04:04[22m   [34m鈹溾攢[39m [2m/ms/product/fashion-series/index.html[22m [2m(+48ms)[22m 
[2m10:04:04[22m   [34m鈹溾攢[39m [2m/ms/product/fashion-series/2/index.html[22m [2m(+42ms)[22m 
[2m10:04:04[22m   [34m鈹溾攢[39m [2m/ms/product/fashion-series/3/index.html[22m [2m(+39ms)[22m 
[2m10:04:04[22m   [34m鈹溾攢[39m [2m/ms/product/acetate-sunglasses/index.html[22m [2m(+39ms)[22m 
[2m10:04:04[22m   [34m鈹溾攢[39m [2m/ms/product/acetate-sunglasses/2/index.html[22m [2m(+39ms)[22m 
[2m10:04:04[22m   [34m鈹溾攢[39m [2m/ms/product/acetate-sunglasses/3/index.html[22m [2m(+45ms)[22m 
[2m10:04:04[22m   [34m鈹溾攢[39m [2m/ms/product/metal-sunglasses/index.html[22m [2m(+64ms)[22m 
[2m10:04:04[22m   [34m鈹溾攢[39m [2m/ms/product/sunglasses/index.html[22m [2m(+133ms)[22m 
[2m10:04:05[22m   [34m鈹溾攢[39m [2m/ms/product/sunglasses/2/index.html[22m [2m(+70ms)[22m 
[2m10:04:05[22m   [34m鈹溾攢[39m [2m/ms/product/sunglasses/3/index.html[22m [2m(+60ms)[22m 
[2m10:04:05[22m   [34m鈹溾攢[39m [2m/ms/product/sunglasses/4/index.html[22m [2m(+52ms)[22m 
[2m10:04:05[22m   [34m鈹溾攢[39m [2m/ms/product/sunglasses/5/index.html[22m [2m(+42ms)[22m 
[2m10:04:05[22m   [34m鈹溾攢[39m [2m/ms/product/sunglasses/6/index.html[22m [2m(+53ms)[22m 
[2m10:04:05[22m   [34m鈹溾攢[39m [2m/ms/product/sunglasses/7/index.html[22m [2m(+91ms)[22m 
[2m10:04:05[22m   [34m鈹溾攢[39m [2m/ms/product/sunglasses/8/index.html[22m [2m(+85ms)[22m 
[2m10:04:05[22m   [34m鈹溾攢[39m [2m/ms/product/metal/index.html[22m [2m(+68ms)[22m 
[2m10:04:05[22m   [34m鈹溾攢[39m [2m/ms/product/acetate/index.html[22m [2m(+57ms)[22m 
[2m10:04:05[22m   [34m鈹溾攢[39m [2m/ms/product/acetate/2/index.html[22m [2m(+57ms)[22m 
[2m10:04:05[22m   [34m鈹溾攢[39m [2m/ms/product/acetate/3/index.html[22m [2m(+48ms)[22m 
[2m10:04:05[22m   [34m鈹溾攢[39m [2m/ms/product/luxury/index.html[22m [2m(+45ms)[22m 
[2m10:04:05[22m   [34m鈹溾攢[39m [2m/ms/product/luxury/2/index.html[22m [2m(+49ms)[22m 
[2m10:04:05[22m   [34m鈹溾攢[39m [2m/ms/product/luxury/3/index.html[22m [2m(+40ms)[22m 
[2m10:04:05[22m   [34m鈹溾攢[39m [2m/ms/product/fashion/index.html[22m [2m(+42ms)[22m 
[2m10:04:05[22m   [34m鈹溾攢[39m [2m/ms/product/fashion/2/index.html[22m [2m(+49ms)[22m 
[2m10:04:06[22m   [34m鈹溾攢[39m [2m/ms/product/fashion/3/index.html[22m [2m(+63ms)[22m 
[2m10:04:06[22m   [34m鈹溾攢[39m [2m/tg/product/luxury-customized/index.html[22m [2m(+51ms)[22m 
[2m10:04:06[22m   [34m鈹溾攢[39m [2m/tg/product/luxury-customized/2/index.html[22m [2m(+51ms)[22m 
[2m10:04:06[22m   [34m鈹溾攢[39m [2m/tg/product/luxury-customized/3/index.html[22m [2m(+47ms)[22m 
[2m10:04:06[22m   [34m鈹溾攢[39m [2m/tg/product/luxury-glasses/index.html[22m [2m(+47ms)[22m 
[2m10:04:06[22m   [34m鈹溾攢[39m [2m/tg/product/luxury-sunglasses/index.html[22m [2m(+46ms)[22m 
[2m10:04:06[22m   [34m鈹溾攢[39m [2m/tg/product/luxury-sunglasses/2/index.html[22m [2m(+73ms)[22m 
[2m10:04:06[22m   [34m鈹溾攢[39m [2m/tg/product/high-couture-series/index.html[22m [2m(+60ms)[22m 
[2m10:04:06[22m   [34m鈹溾攢[39m [2m/tg/product/high-couture-sunglasses/index.html[22m [2m(+65ms)[22m 
[2m10:04:06[22m   [34m鈹溾攢[39m [2m/tg/product/classics-series/index.html[22m [2m(+45ms)[22m 
[2m10:04:06[22m   [34m鈹溾攢[39m [2m/tg/product/classics-series/2/index.html[22m [2m(+43ms)[22m 
[2m10:04:06[22m   [34m鈹溾攢[39m [2m/tg/product/classics-series/3/index.html[22m [2m(+58ms)[22m 
[2m10:04:06[22m   [34m鈹溾攢[39m [2m/tg/product/classics-series/4/index.html[22m [2m(+70ms)[22m 
[2m10:04:06[22m   [34m鈹溾攢[39m [2m/tg/product/classics-sunglasses/index.html[22m [2m(+77ms)[22m 
[2m10:04:06[22m   [34m鈹溾攢[39m [2m/tg/product/classics-sunglasses/2/index.html[22m [2m(+73ms)[22m 
[2m10:04:06[22m   [34m鈹溾攢[39m [2m/tg/product/classics-sunglasses/3/index.html[22m [2m(+66ms)[22m 
[2m10:04:06[22m   [34m鈹溾攢[39m [2m/tg/product/classics-glasses/index.html[22m [2m(+63ms)[22m 
[2m10:04:07[22m   [34m鈹溾攢[39m [2m/tg/product/classics-glasses/2/index.html[22m [2m(+56ms)[22m 
[2m10:04:07[22m   [34m鈹溾攢[39m [2m/tg/product/fashion-series/index.html[22m [2m(+43ms)[22m 
[2m10:04:07[22m   [34m鈹溾攢[39m [2m/tg/product/fashion-series/2/index.html[22m [2m(+42ms)[22m 
[2m10:04:07[22m   [34m鈹溾攢[39m [2m/tg/product/fashion-series/3/index.html[22m [2m(+42ms)[22m 
[2m10:04:07[22m   [34m鈹溾攢[39m [2m/tg/product/acetate-sunglasses/index.html[22m [2m(+47ms)[22m 
[2m10:04:07[22m   [34m鈹溾攢[39m [2m/tg/product/acetate-sunglasses/2/index.html[22m [2m(+50ms)[22m 
[2m10:04:07[22m   [34m鈹溾攢[39m [2m/tg/product/acetate-sunglasses/3/index.html[22m [2m(+45ms)[22m 
[2m10:04:07[22m   [34m鈹溾攢[39m [2m/tg/product/metal-sunglasses/index.html[22m [2m(+61ms)[22m 
[2m10:04:07[22m   [34m鈹溾攢[39m [2m/tg/product/sunglasses/index.html[22m [2m(+67ms)[22m 
[2m10:04:07[22m   [34m鈹溾攢[39m [2m/tg/product/sunglasses/2/index.html[22m [2m(+51ms)[22m 
[2m10:04:07[22m   [34m鈹溾攢[39m [2m/tg/product/sunglasses/3/index.html[22m [2m(+49ms)[22m 
[2m10:04:07[22m   [34m鈹溾攢[39m [2m/tg/product/sunglasses/4/index.html[22m [2m(+118ms)[22m 
[2m10:04:07[22m   [34m鈹溾攢[39m [2m/tg/product/sunglasses/5/index.html[22m [2m(+52ms)[22m 
[2m10:04:07[22m   [34m鈹溾攢[39m [2m/tg/product/sunglasses/6/index.html[22m [2m(+45ms)[22m 
[2m10:04:07[22m   [34m鈹溾攢[39m [2m/tg/product/sunglasses/7/index.html[22m [2m(+42ms)[22m 
[2m10:04:07[22m   [34m鈹溾攢[39m [2m/tg/product/sunglasses/8/index.html[22m [2m(+47ms)[22m 
[2m10:04:07[22m   [34m鈹溾攢[39m [2m/tg/product/metal/index.html[22m [2m(+55ms)[22m 
[2m10:04:07[22m   [34m鈹溾攢[39m [2m/tg/product/acetate/index.html[22m [2m(+52ms)[22m 
[2m10:04:07[22m   [34m鈹溾攢[39m [2m/tg/product/acetate/2/index.html[22m [2m(+51ms)[22m 
[2m10:04:08[22m   [34m鈹溾攢[39m [2m/tg/product/acetate/3/index.html[22m [2m(+48ms)[22m 
[2m10:04:08[22m   [34m鈹溾攢[39m [2m/tg/product/luxury/index.html[22m [2m(+55ms)[22m 
[2m10:04:08[22m   [34m鈹溾攢[39m [2m/tg/product/luxury/2/index.html[22m [2m(+64ms)[22m 
[2m10:04:08[22m   [34m鈹溾攢[39m [2m/tg/product/luxury/3/index.html[22m [2m(+73ms)[22m 
[2m10:04:08[22m   [34m鈹溾攢[39m [2m/tg/product/fashion/index.html[22m [2m(+56ms)[22m 
[2m10:04:08[22m   [34m鈹溾攢[39m [2m/tg/product/fashion/2/index.html[22m [2m(+55ms)[22m 
[2m10:04:08[22m   [34m鈹斺攢[39m [2m/tg/product/fashion/3/index.html[22m [2m(+59ms)[22m 
[2m10:04:08[22m [32m鈻?[39m src/pages/[lang]/product/index.astro
[2m10:04:08[22m   [34m鈹溾攢[39m [2m/ar/product/index.html[22m [2m(+9ms)[22m 
[2m10:04:08[22m   [34m鈹溾攢[39m [2m/it/product/index.html[22m [2m(+7ms)[22m 
[2m10:04:08[22m   [34m鈹溾攢[39m [2m/es/product/index.html[22m [2m(+6ms)[22m 
[2m10:04:08[22m   [34m鈹溾攢[39m [2m/fr/product/index.html[22m [2m(+7ms)[22m 
[2m10:04:08[22m   [34m鈹溾攢[39m [2m/de/product/index.html[22m [2m(+9ms)[22m 
[2m10:04:08[22m   [34m鈹溾攢[39m [2m/pt/product/index.html[22m [2m(+5ms)[22m 
[2m10:04:08[22m   [34m鈹溾攢[39m [2m/ru/product/index.html[22m [2m(+6ms)[22m 
[2m10:04:08[22m   [34m鈹溾攢[39m [2m/ja/product/index.html[22m [2m(+5ms)[22m 
[2m10:04:08[22m   [34m鈹溾攢[39m [2m/tr/product/index.html[22m [2m(+6ms)[22m 
[2m10:04:08[22m   [34m鈹溾攢[39m [2m/ko/product/index.html[22m [2m(+7ms)[22m 
[2m10:04:08[22m   [34m鈹溾攢[39m [2m/zh/product/index.html[22m [2m(+10ms)[22m 
[2m10:04:08[22m   [34m鈹溾攢[39m [2m/hi/product/index.html[22m [2m(+10ms)[22m 
[2m10:04:08[22m   [34m鈹溾攢[39m [2m/vi/product/index.html[22m [2m(+13ms)[22m 
[2m10:04:08[22m   [34m鈹溾攢[39m [2m/jv/product/index.html[22m [2m(+17ms)[22m 
[2m10:04:08[22m   [34m鈹溾攢[39m [2m/ms/product/index.html[22m [2m(+12ms)[22m 
[2m10:04:08[22m   [34m鈹斺攢[39m [2m/tg/product/index.html[22m [2m(+11ms)[22m 
[2m10:04:08[22m [32m鈻?[39m src/pages/[lang]/quote.astro
[2m10:04:08[22m   [34m鈹溾攢[39m [2m/it/quote/index.html[22m [2m(+6ms)[22m 
[2m10:04:08[22m   [34m鈹溾攢[39m [2m/es/quote/index.html[22m [2m(+4ms)[22m 
[2m10:04:08[22m   [34m鈹溾攢[39m [2m/fr/quote/index.html[22m [2m(+3ms)[22m 
[2m10:04:08[22m   [34m鈹溾攢[39m [2m/de/quote/index.html[22m [2m(+3ms)[22m 
[2m10:04:08[22m   [34m鈹溾攢[39m [2m/pt/quote/index.html[22m [2m(+3ms)[22m 
[2m10:04:08[22m   [34m鈹溾攢[39m [2m/ru/quote/index.html[22m [2m(+3ms)[22m 
[2m10:04:08[22m   [34m鈹溾攢[39m [2m/ja/quote/index.html[22m [2m(+3ms)[22m 
[2m10:04:08[22m   [34m鈹溾攢[39m [2m/tr/quote/index.html[22m [2m(+4ms)[22m 
[2m10:04:08[22m   [34m鈹溾攢[39m [2m/ar/quote/index.html[22m [2m(+2ms)[22m 
[2m10:04:08[22m   [34m鈹溾攢[39m [2m/ko/quote/index.html[22m [2m(+2ms)[22m 
[2m10:04:08[22m   [34m鈹溾攢[39m [2m/zh/quote/index.html[22m [2m(+4ms)[22m 
[2m10:04:08[22m   [34m鈹溾攢[39m [2m/hi/quote/index.html[22m [2m(+3ms)[22m 
[2m10:04:08[22m   [34m鈹溾攢[39m [2m/vi/quote/index.html[22m [2m(+4ms)[22m 
[2m10:04:08[22m   [34m鈹溾攢[39m [2m/jv/quote/index.html[22m [2m(+7ms)[22m 
[2m10:04:08[22m   [34m鈹溾攢[39m [2m/ms/quote/index.html[22m [2m(+4ms)[22m 
[2m10:04:08[22m   [34m鈹斺攢[39m [2m/tg/quote/index.html[22m [2m(+3ms)[22m 
[2m10:04:08[22m [32m鈻?[39m src/pages/[lang]/search.astro
[2m10:04:08[22m   [34m鈹溾攢[39m [2m/en/search/index.html[22m [2m(+3ms)[22m 
[2m10:04:08[22m   [34m鈹溾攢[39m [2m/it/search/index.html[22m [2m(+3ms)[22m 
[2m10:04:08[22m   [34m鈹溾攢[39m [2m/es/search/index.html[22m [2m(+3ms)[22m 
[2m10:04:08[22m   [34m鈹溾攢[39m [2m/fr/search/index.html[22m [2m(+6ms)[22m 
[2m10:04:08[22m   [34m鈹溾攢[39m [2m/de/search/index.html[22m [2m(+4ms)[22m 
[2m10:04:08[22m   [34m鈹溾攢[39m [2m/pt/search/index.html[22m [2m(+3ms)[22m 
[2m10:04:08[22m   [34m鈹溾攢[39m [2m/ru/search/index.html[22m [2m(+4ms)[22m 
[2m10:04:08[22m   [34m鈹溾攢[39m [2m/ja/search/index.html[22m [2m(+3ms)[22m 
[2m10:04:08[22m   [34m鈹溾攢[39m [2m/tr/search/index.html[22m [2m(+3ms)[22m 
[2m10:04:08[22m   [34m鈹溾攢[39m [2m/ar/search/index.html[22m [2m(+2ms)[22m 
[2m10:04:08[22m   [34m鈹溾攢[39m [2m/ko/search/index.html[22m [2m(+3ms)[22m 
[2m10:04:08[22m   [34m鈹溾攢[39m [2m/zh/search/index.html[22m [2m(+4ms)[22m 
[2m10:04:08[22m   [34m鈹溾攢[39m [2m/hi/search/index.html[22m [2m(+4ms)[22m 
[2m10:04:08[22m   [34m鈹溾攢[39m [2m/vi/search/index.html[22m [2m(+3ms)[22m 
[2m10:04:08[22m   [34m鈹溾攢[39m [2m/jv/search/index.html[22m [2m(+2ms)[22m 
[2m10:04:08[22m   [34m鈹溾攢[39m [2m/ms/search/index.html[22m [2m(+2ms)[22m 
[2m10:04:08[22m   [34m鈹斺攢[39m [2m/tg/search/index.html[22m [2m(+2ms)[22m 
[2m10:04:08[22m [32m鈻?[39m src/pages/[lang]/thank-you.astro
[2m10:04:08[22m   [34m鈹溾攢[39m [2m/en/thank-you/index.html[22m [2m(+3ms)[22m 
[2m10:04:08[22m   [34m鈹溾攢[39m [2m/it/thank-you/index.html[22m [2m(+2ms)[22m 
[2m10:04:08[22m   [34m鈹溾攢[39m [2m/es/thank-you/index.html[22m [2m(+1ms)[22m 
[2m10:04:08[22m   [34m鈹溾攢[39m [2m/fr/thank-you/index.html[22m [2m(+2ms)[22m 
[2m10:04:08[22m   [34m鈹溾攢[39m [2m/de/thank-you/index.html[22m [2m(+2ms)[22m 
[2m10:04:08[22m   [34m鈹溾攢[39m [2m/pt/thank-you/index.html[22m [2m(+2ms)[22m 
[2m10:04:08[22m   [34m鈹溾攢[39m [2m/ru/thank-you/index.html[22m [2m(+2ms)[22m 
[2m10:04:08[22m   [34m鈹溾攢[39m [2m/ja/thank-you/index.html[22m [2m(+3ms)[22m 
[2m10:04:08[22m   [34m鈹溾攢[39m [2m/tr/thank-you/index.html[22m [2m(+5ms)[22m 
[2m10:04:08[22m   [34m鈹溾攢[39m [2m/ar/thank-you/index.html[22m [2m(+3ms)[22m 
[2m10:04:08[22m   [34m鈹溾攢[39m [2m/ko/thank-you/index.html[22m [2m(+3ms)[22m 
[2m10:04:08[22m   [34m鈹溾攢[39m [2m/zh/thank-you/index.html[22m [2m(+2ms)[22m 
[2m10:04:08[22m   [34m鈹溾攢[39m [2m/hi/thank-you/index.html[22m [2m(+2ms)[22m 
[2m10:04:08[22m   [34m鈹溾攢[39m [2m/vi/thank-you/index.html[22m [2m(+2ms)[22m 
[2m10:04:08[22m   [34m鈹溾攢[39m [2m/jv/thank-you/index.html[22m [2m(+4ms)[22m 
[2m10:04:08[22m   [34m鈹溾攢[39m [2m/ms/thank-you/index.html[22m [2m(+2ms)[22m 
[2m10:04:08[22m   [34m鈹斺攢[39m [2m/tg/thank-you/index.html[22m [2m(+2ms)[22m 
[2m10:04:08[22m [32m鈻?[39m src/pages/[lang]/index.astro
[2m10:04:08[22m   [34m鈹溾攢[39m [2m/en/index.html[22m [2m(+10ms)[22m 
[2m10:04:08[22m   [34m鈹溾攢[39m [2m/it/index.html[22m [2m(+6ms)[22m 
[2m10:04:08[22m   [34m鈹溾攢[39m [2m/es/index.html[22m [2m(+7ms)[22m 
[2m10:04:08[22m   [34m鈹溾攢[39m [2m/fr/index.html[22m [2m(+4ms)[22m 
[2m10:04:08[22m   [34m鈹溾攢[39m [2m/de/index.html[22m [2m(+4ms)[22m 
[2m10:04:08[22m   [34m鈹溾攢[39m [2m/pt/index.html[22m [2m(+4ms)[22m 
[2m10:04:08[22m   [34m鈹溾攢[39m [2m/ru/index.html[22m [2m(+4ms)[22m 
[2m10:04:08[22m   [34m鈹溾攢[39m [2m/ja/index.html[22m [2m(+3ms)[22m 
[2m10:04:08[22m   [34m鈹溾攢[39m [2m/tr/index.html[22m [2m(+5ms)[22m 
[2m10:04:08[22m   [34m鈹溾攢[39m [2m/ar/index.html[22m [2m(+4ms)[22m 
[2m10:04:08[22m   [34m鈹溾攢[39m [2m/ko/index.html[22m [2m(+6ms)[22m 
[2m10:04:08[22m   [34m鈹溾攢[39m [2m/zh/index.html[22m [2m(+5ms)[22m 
[2m10:04:08[22m   [34m鈹溾攢[39m [2m/hi/index.html[22m [2m(+5ms)[22m 
[2m10:04:08[22m   [34m鈹溾攢[39m [2m/vi/index.html[22m [2m(+5ms)[22m 
[2m10:04:08[22m   [34m鈹溾攢[39m [2m/jv/index.html[22m [2m(+4ms)[22m 
[2m10:04:08[22m   [34m鈹溾攢[39m [2m/ms/index.html[22m [2m(+8ms)[22m 
[2m10:04:08[22m   [34m鈹斺攢[39m [2m/tg/index.html[22m [2m(+7ms)[22m 
[2m10:04:08[22m [32m鈻?[39m src/pages/index.astro
[2m10:04:08[22m   [34m鈹斺攢[39m [2m/index.html[22m [2m(+3ms)[22m 
[2m10:04:08[22m [32m鉁?Completed in 199.01s.
[39m
[2m10:04:12[22m [34m[build][39m Waiting for integration [1m"pagefind"[22m, hook [1m"astro:build:done"[22m...
[2m10:04:24[22m [34m[pagefind][39m Pagefind indexed 2994 pages
[2m10:04:26[22m [34m[pagefind][39m Pagefind wrote index to D:\003 Desk\Desk\Tools\Yeetian\yeetian-site\dist\pagefind
[2m10:04:26[22m [34m[build][39m 2995 page(s) built in [1m235.27s[22m
[2m10:04:26[22m [34m[build][39m [1mComplete![22m
