
> kssmi-site@0.0.1 build
> astro build

[2m23:16:18[22m [34m[content][39m Syncing content
[33m[1m23:16:18[22m [WARN] [glob-loader][39m No files found matching "**/*.md,!**/_*/**/*.md,!**/_*.md" in directory "src\content\blog"
[33m[1m23:16:18[22m [WARN] [glob-loader][39m No files found matching "**/*.md,!**/_*/**/*.md,!**/_*.md" in directory "src\content\landing"
[2m23:16:18[22m [34m[content][39m Synced content
[2m23:16:18[22m [34m[types][39m Generated [2m445ms[22m
[2m23:16:18[22m [34m[build][39m output: [34m"static"[39m
[2m23:16:18[22m [34m[build][39m mode: [34m"static"[39m
[2m23:16:18[22m [34m[build][39m directory: [34mD:\001 Tools\004 Desk\Desk\Tools\Kssmi\kssmi-site\dist\[39m
[2m23:16:18[22m [34m[build][39m Collecting build info...
[2m23:16:18[22m [34m[build][39m [32m✓ Completed in 521ms.[39m
[2m23:16:18[22m [34m[build][39m Building static entrypoints...
[2m23:16:20[22m [34m[vite][39m [32m✓ built in 2.50s[39m
[2m23:16:20[22m [34m[build][39m [32m✓ Completed in 2.54s.[39m

[42m[30m building client (vite) [39m[49m
[2m23:16:20[22m [34m[vite][39m transforming...
[2m23:16:20[22m [34m[vite][39m [32m✓[39m 19 modules transformed.
[2m23:16:20[22m [34m[vite][39m rendering chunks...
[2m23:16:20[22m [34m[vite][39m computing gzip size...
[2m23:16:20[22m [34m[vite][39m [2mdist/[22m[36m_astro/search.astro_astro_type_script_index_0_lang.Cy3nSsl5.js        [39m[1m[2m 4.94 kB[22m[1m[22m[2m │ gzip: 1.78 kB[22m
[2m23:16:20[22m [34m[vite][39m [2mdist/[22m[36m_astro/ClientRouter.astro_astro_type_script_index_0_lang.CDGfc0hd.js  [39m[1m[2m15.36 kB[22m[1m[22m[2m │ gzip: 5.28 kB[22m
[2m23:16:20[22m [34m[vite][39m [32m✓ built in 108ms[39m

[42m[30m generating static routes [39m[49m
[2m23:16:20[22m [32m▶[39m src/pages/404.astro
[2m23:16:20[22m   [34m└─[39m [2m/404.html[22m [2m(+15ms)[22m 
[2m23:16:20[22m [32m▶[39m src/pages/product/[category].astro
[2m23:16:20[22m   [34m├─[39m [2m/product/luxury-customized/index.html[22m [2m(+9ms)[22m 
[2m23:16:20[22m   [34m└─[39m [2m/product/luxury-glasses/index.html[22m [2m(+6ms)[22m 
[2m23:16:20[22m [32m▶[39m src/pages/product/[page].astro
[2m23:16:20[22m   [34m└─[39m [2m/product/1/index.html[22m [2m(+6ms)[22m 
[2m23:16:20[22m [32m▶[39m src/pages/product/[slug].astro
node.exe : iso9001 is not defined
At line:1 char:1
+ & "C:\Program Files\nodejs/node.exe" "C:\Program Files\nodejs/node_mo ...
+ ~~~~~~~~~~~~~~~~~~~~~~~~~~~~~~~~~~~~~~~~~~~~~~~~~~~~~~~~~~~~~~~~~~~~~
    + CategoryInfo          : NotSpecified: (iso9001 is not defined:String) 
    [], RemoteException
    + FullyQualifiedErrorId : NativeCommandError
 
  [1mStack trace:[22m
[2m    at file:///D:/001%20Tools/004%20Desk/Desk/Tools/Kssmi/kssmi-site/dis
t/chunks/RelatedProducts_DEa6aTvN.mjs:12:14
    at AstroComponentInstance.init (file:///D:/001%20Tools/004%20Desk/Desk/T
ools/Kssmi/kssmi-site/dist/chunks/astro/server_DNbqgt3U.mjs:1572:29)
    at Object.render (file:///D:/001%20Tools/004%20Desk/Desk/Tools/Kssmi/kss
mi-site/dist/chunks/astro/server_DNbqgt3U.mjs:1971:23)
    at file:///D:/001%20Tools/004%20Desk/Desk/Tools/Kssmi/kssmi-site/dist/ch
unks/astro/server_DNbqgt3U.mjs:1076:18
    at createBufferedRenderer (file:///D:/001%20Tools/004%20Desk/Desk/Tools/
Kssmi/kssmi-site/dist/chunks/astro/server_DNbqgt3U.mjs:914:10)[22m
[2m23:16:20[22m   [34m└─[39m [2m/product/kso-001/index.html[22m
